
> @yacc/backend@0.1.0 test /Users/chris.sim/Projects/yacc/.worktrees/fix-dlq-270/packages/backend
> vitest


[1m[46m RUN [49m[22m [36mv4.0.18 [39m[90m/Users/chris.sim/Projects/yacc/.worktrees/fix-dlq-270/packages/backend[39m


🔧 Global Setup: Preparing test environment...

📦 Verifying database connection...
✅ Database connection successful (2026-02-20 08:06:55.394268+00)

📦 Running migrations...
✅ Migrations applied

✅ Test environment ready

[08:06:55 UTC] [33mWARN[39m: [36mINTEGRATION_CREDENTIALS_ENCRYPTION_KEY not set; DB credential storage disabled[39m
    [35mfeature[39m: "encryption"
[08:06:56 UTC] [32mINFO[39m: [36mInbound IRC message ingested successfully[39m
    [35mconversationId[39m: "b860a34d-1779-47d3-8241-494b1fc8dcff"
    [35mmessageId[39m: "47ece356-132d-43be-98c2-6748ff2dc71c"
    [35mchannel[39m: "#test-1771574816346-bu6jzky-new-conv"
    [35mnick[39m: "alice"
[08:06:56 UTC] [32mINFO[39m: [36mInbound IRC message ingested successfully[39m
    [35mconversationId[39m: "65fabc58-330f-4804-97f2-f3ddf61dd25f"
    [35mmessageId[39m: "1170df53-9995-44b8-8854-1933eae7a452"
    [35mchannel[39m: "#test-1771574816346-bu6jzky-reuse"
    [35mnick[39m: "alice"
[08:06:56 UTC] [32mINFO[39m: [36mRule created successfully[39m
    [35mruleId[39m: "c91c8029-29d9-4c0d-a65a-46ba3e7569e4"
    [35muserId[39m: "test-user-1771574816347"
    [35mruleName[39m: "High Priority Routing"
[08:06:56 UTC] [31mERROR[39m: [36mFailed to create rule[39m
    [35muserId[39m: "test-user-1771574816347"
    [35mruleName[39m: "Invalid Rule"
    error: "At least one condition is required"
[08:06:56 UTC] [31mERROR[39m: [36mFailed to create rule[39m
    [35muserId[39m: "test-user-1771574816347"
    [35mruleName[39m: "Invalid Rule"
    error: "Priority must be between 0 and 9999"
[08:06:56 UTC] [32mINFO[39m: [36mInbound IRC message ingested successfully[39m
    [35mconversationId[39m: "65fabc58-330f-4804-97f2-f3ddf61dd25f"
    [35mmessageId[39m: "b975c719-fa00-4c32-9d1e-92701ef5abd5"
    [35mchannel[39m: "#test-1771574816346-bu6jzky-reuse"
    [35mnick[39m: "bob"
[08:06:56 UTC] [31mERROR[39m: [36mFailed to create rule[39m
    [35muserId[39m: "test-user-1771574816347"
    [35mruleName[39m: "Invalid Rule"
    error: "User non-existent-user not found"
[08:06:56 UTC] [31mERROR[39m: [36mFailed to create rule[39m
    [35muserId[39m: "test-user-1771574816347"
    [35mruleName[39m: "Invalid Rule"
    error: "Invalid regex pattern: [invalid("
[08:06:56 UTC] [31mERROR[39m: [36mFailed to create rule[39m
    [35muserId[39m: "test-user-1771574816347"
    [35mruleName[39m: "Invalid Rule"
    error: "Invalid priority: critical. Must be one of: low, normal, high, urgent"
[08:06:56 UTC] [32mINFO[39m: [36mInbound IRC message ingested successfully[39m
    [35mconversationId[39m: "2afc9dbd-617c-4ed2-a2c0-028e6cc4d9ee"
    [35mmessageId[39m: "f7a336d4-820f-4b49-a16a-4fc9f0e8cb9f"
    [35mchannel[39m: "#test-1771574816346-bu6jzky-msg"
    [35mnick[39m: "alice"
[08:06:56 UTC] [32mINFO[39m: [36mRules listed successfully[39m
    [35mcount[39m: 3
[08:06:56 UTC] [32mINFO[39m: [36mInbound IRC message ingested successfully[39m
    [35mconversationId[39m: "a1ad6942-ab27-4fd4-89b4-691e6b152018"
    [35mmessageId[39m: "23294ac3-ef04-4aa5-a874-de70f043cdb9"
    [35mchannel[39m: "#test-1771574816346-bu6jzky-sanitize"
    [35mnick[39m: "alice"
 [32m✓[39m src/__tests__/routing-rules.spec.ts[2m > [22mRouting Rules Service[2m > [22mCRUD Operations[2m > [22mshould create a rule with valid conditions and actions[32m 23[2mms[22m[39m
 [32m✓[39m src/__tests__/routing-rules.spec.ts[2m > [22mRouting Rules Service[2m > [22mCRUD Operations[2m > [22mshould reject rule creation with no conditions[32m 0[2mms[22m[39m
 [32m✓[39m src/__tests__/routing-rules.spec.ts[2m > [22mRouting Rules Service[2m > [22mCRUD Operations[2m > [22mshould reject rule creation with invalid priority[32m 0[2mms[22m[39m
 [32m✓[39m src/__tests__/routing-rules.spec.ts[2m > [22mRouting Rules Service[2m > [22mCRUD Operations[2m > [22mshould reject rule with non-existent user reference in assign action[32m 2[2mms[22m[39m
 [32m✓[39m src/__tests__/routing-rules.spec.ts[2m > [22mRouting Rules Service[2m > [22mCRUD Operations[2m > [22mshould reject rule with invalid regex pattern[32m 1[2mms[22m[39m
 [32m✓[39m src/__tests__/routing-rules.spec.ts[2m > [22mRouting Rules Service[2m > [22mCRUD Operations[2m > [22mshould reject rule with invalid priority action value[32m 1[2mms[22m[39m
 [32m✓[39m src/__tests__/routing-rules.spec.ts[2m > [22mRouting Rules Service[2m > [22mCRUD Operations[2m > [22mshould list all rules[32m 21[2mms[22m[39m
 [32m✓[39m src/__tests__/routing-rules.spec.ts[2m > [22mRouting Rules Service[2m > [22mCRUD Operations[2m > [22mshould update rule priority[32m 6[2mms[22m[39m
[08:06:56 UTC] [32mINFO[39m: [36mRule updated successfully[39m
    [35mruleId[39m: "c91c8029-29d9-4c0d-a65a-46ba3e7569e4"
    [35muserId[39m: "test-user-1771574816347"
 [32m✓[39m src/services/__tests__/irc-ingestion.service.test.ts[2m > [22mIRC Ingestion Service[2m > [22mChannel Message Ingestion[2m > [22mshould create a new conversation for a channel[32m 62[2mms[22m[39m
 [32m✓[39m src/services/__tests__/irc-ingestion.service.test.ts[2m > [22mIRC Ingestion Service[2m > [22mChannel Message Ingestion[2m > [22mshould reuse existing conversation for same channel[32m 16[2mms[22m[39m
 [32m✓[39m src/services/__tests__/irc-ingestion.service.test.ts[2m > [22mIRC Ingestion Service[2m > [22mChannel Message Ingestion[2m > [22mshould insert inbound message with sent status[32m 12[2mms[22m[39m
 [32m✓[39m src/services/__tests__/irc-ingestion.service.test.ts[2m > [22mIRC Ingestion Service[2m > [22mMessage Sanitization[2m > [22mshould trim and collapse whitespace[32m 10[2mms[22m[39m
[08:06:56 UTC] [32mINFO[39m: [36mRule updated successfully[39m
    [35mruleId[39m: "c91c8029-29d9-4c0d-a65a-46ba3e7569e4"
    [35muserId[39m: "test-user-1771574816347"
[08:06:56 UTC] [32mINFO[39m: [36mRule updated successfully[39m
    [35mruleId[39m: "c91c8029-29d9-4c0d-a65a-46ba3e7569e4"
    [35muserId[39m: "test-user-1771574816347"
[08:06:56 UTC] [31mERROR[39m: [36mFailed to update rule[39m
    [35muserId[39m: "test-user-1771574816347"
    [35mruleId[39m: "c91c8029-29d9-4c0d-a65a-46ba3e7569e4"
    error: "At least one condition is required"
[08:06:56 UTC] [32mINFO[39m: [36mInbound IRC message ingested successfully[39m
    [35mconversationId[39m: "19440377-62b6-4c42-be97-82699fe77b54"
    [35mmessageId[39m: "8a5759fc-dac7-48a7-8531-e8412a7b0b59"
    [35mchannel[39m: "#test-1771574816346-bu6jzky-other-user"
    [35mnick[39m: "alice"
[08:06:56 UTC] [32mINFO[39m: [36mRule deleted successfully[39m
    [35mruleId[39m: "c91c8029-29d9-4c0d-a65a-46ba3e7569e4"
    [35muserId[39m: "test-user-1771574816347"
[08:06:56 UTC] [31mERROR[39m: [36mFailed to fetch rule[39m
    [35mruleId[39m: "c91c8029-29d9-4c0d-a65a-46ba3e7569e4"
    error: "Rule not found"
[08:06:56 UTC] [31mERROR[39m: [36mFailed to fetch rule[39m
    [35mruleId[39m: "non-existent-rule"
    error: "Failed query: select \"id\", \"name\", \"description\", \"status\", \"priority\", \"conditions\", \"actions\", \"created_by_id\", \"last_run_at\", \"created_at\", \"updated_at\" from \"routing_rules\" where \"routing_rules\".\"id\" = $1 limit $2\nparams: non-existent-rule,1"
[08:06:56 UTC] [31mERROR[39m: [36mFailed to delete rule[39m
    [35muserId[39m: "test-user-1771574816347"
    [35mruleId[39m: "non-existent-rule"
    error: "Failed query: select \"id\", \"name\", \"description\", \"status\", \"priority\", \"conditions\", \"actions\", \"created_by_id\", \"last_run_at\", \"created_at\", \"updated_at\" from \"routing_rules\" where \"routing_rules\".\"id\" = $1 limit $2\nparams: non-existent-rule,1"
[08:06:56 UTC] [32mINFO[39m: [36mInbound IRC message ingested successfully[39m
    [35mconversationId[39m: "bbd39927-ffe6-4d20-9c83-54ebb610961e"
    [35mmessageId[39m: "f416e8c2-a316-42c5-b395-7b7a57354931"
    [35mchannel[39m: "#test-1771574816346-bu6jzky-hash"
    [35mnick[39m: "alice"
[08:06:56 UTC] [32mINFO[39m: [36mRedis connected to localhost:6379[39m
[08:06:56 UTC] [32mINFO[39m: [36mRule created successfully[39m
    [35mruleId[39m: "d36f6c99-adbf-42f7-986b-a78833469fd7"
    [35muserId[39m: "test-user-1771574816347"
    [35mruleName[39m: "Test Execution Rule"
[08:06:56 UTC] [32mINFO[39m: [36mRedis ready[39m
[08:06:56 UTC] [32mINFO[39m: [36mInbound IRC message ingested successfully[39m
    [35mconversationId[39m: "7b6bbc72-1282-49ac-a56e-90828e0e5b90"
    [35mmessageId[39m: "d2126fd1-49ed-4594-bfed-1421178f5890"
    [35mchannel[39m: "&test-ampersand-1771574816485"
    [35mnick[39m: "alice"
[08:06:56 UTC] [32mINFO[39m: [36mInbound IRC message ingested successfully[39m
    [35mconversationId[39m: "c61c3112-4585-493a-b65e-4415629922d1"
    [35mmessageId[39m: "8d6252ab-e688-44ae-a45d-96c921a7dfc3"
    [35mchannel[39m: "#test-1771574816346-bu6jzky-reopen"
    [35mnick[39m: "alice"
[08:06:56 UTC] [32mINFO[39m: [36mConversation auto-reopened[39m
    [35mconversationId[39m: "c61c3112-4585-493a-b65e-4415629922d1"
    [35mchannel[39m: "#test-1771574816346-bu6jzky-reopen"
[08:06:56 UTC] [32mINFO[39m: [36mInbound IRC message ingested successfully[39m
    [35mconversationId[39m: "c61c3112-4585-493a-b65e-4415629922d1"
    [35mmessageId[39m: "b5d8c3ee-11c4-4a22-901f-8be1a57c3b60"
    [35mchannel[39m: "#test-1771574816346-bu6jzky-reopen"
    [35mnick[39m: "bob"
[08:06:56 UTC] [32mINFO[39m: [36mInbound IRC message ingested successfully[39m
    [35mconversationId[39m: "094e86a2-db84-48f4-9cb8-f89c048c0b9d"
    [35mmessageId[39m: "1e349444-ebe9-4dcf-9d86-be4b81bd05e4"
    [35mchannel[39m: "#test-1771574816346-bu6jzky-open-conv"
    [35mnick[39m: "alice"
[08:06:56 UTC] [32mINFO[39m: [36mInbound IRC message ingested successfully[39m
    [35mconversationId[39m: "ca8fc40d-6678-44e7-b424-36aa09973b5e"
    [35mmessageId[39m: "cbf65e3a-ce6a-4618-8790-4c737cadcd28"
    [35mchannel[39m: "#test-1771574816346-bu6jzky-ws-emit"
    [35mnick[39m: "alice"
[08:06:56 UTC] [32mINFO[39m: [36mRule created successfully[39m
    [35mruleId[39m: "a58e804d-2dd3-40e6-8e8d-3e6de7a6bdcd"
    [35muserId[39m: "engine-test-user-1771574816510"
    [35mruleName[39m: "Engine Test Rule"
[08:06:56 UTC] [32mINFO[39m: [36mRule matched, applying actions[39m
    [35mconversationId[39m: "07c7c818-634d-4a20-b465-756252c3e03d"
    [35mmessageId[39m: "test-msg-1"
    [35mruleId[39m: "a58e804d-2dd3-40e6-8e8d-3e6de7a6bdcd"
[08:06:56 UTC] [32mINFO[39m: [36mConversation priority set via rule[39m
    [35mconversationId[39m: "07c7c818-634d-4a20-b465-756252c3e03d"
    [35mpriority[39m: "high"
[08:06:56 UTC] [32mINFO[39m: [36mInbound IRC message ingested successfully[39m
    [35mconversationId[39m: "10117103-615b-4ef0-a324-073bdf302744"
    [35mmessageId[39m: "cc409e36-9d3c-4de3-8c41-cbea24618d23"
    [35mchannel[39m: "#test-1771574816346-bu6jzky-audit-check"
    [35mnick[39m: "alice"
[08:06:56 UTC] [32mINFO[39m: [36mRule matched, applying actions[39m
    [35mconversationId[39m: "07c7c818-634d-4a20-b465-756252c3e03d"
    [35mmessageId[39m: "test-msg-3"
    [35mruleId[39m: "a58e804d-2dd3-40e6-8e8d-3e6de7a6bdcd"
[08:06:56 UTC] [32mINFO[39m: [36mConversation priority set via rule[39m
    [35mconversationId[39m: "07c7c818-634d-4a20-b465-756252c3e03d"
    [35mpriority[39m: "high"
[08:06:56 UTC] [32mINFO[39m: [36mRule matched, applying actions[39m
    [35mconversationId[39m: "07c7c818-634d-4a20-b465-756252c3e03d"
    [35mmessageId[39m: "test-msg-4"
    [35mruleId[39m: "814f8ba7-ddad-4184-952c-da0ca9387f8d"
[08:06:56 UTC] [32mINFO[39m: [36mConversation priority set via rule[39m
    [35mconversationId[39m: "07c7c818-634d-4a20-b465-756252c3e03d"
    [35mpriority[39m: "low"
[08:06:56 UTC] [32mINFO[39m: [36mInbound IRC message ingested successfully[39m
    [35mconversationId[39m: "03ebac48-a525-4db3-88c8-e4b7afa97d0f"
    [35mmessageId[39m: "e679ca95-61ca-40c2-87a8-ff6b1c43d3c4"
    [35mchannel[39m: "#test-1771574816346-bu6jzky-metadata"
    [35mnick[39m: "alice"
 [32m✓[39m src/services/__tests__/irc-ingestion.service.test.ts[2m > [22mIRC Ingestion Service[2m > [22mMessage Sanitization[2m > [22mshould ignore empty messages after sanitization[32m 0[2mms[22m[39m
 [32m✓[39m src/services/__tests__/irc-ingestion.service.test.ts[2m > [22mIRC Ingestion Service[2m > [22mSelf-Echo Detection[2m > [22mshould ignore messages from connector nick (case-insensitive)[32m 0[2mms[22m[39m
 [32m✓[39m src/services/__tests__/irc-ingestion.service.test.ts[2m > [22mIRC Ingestion Service[2m > [22mSelf-Echo Detection[2m > [22mshould accept messages from other users[32m 10[2mms[22m[39m
 [32m✓[39m src/services/__tests__/irc-ingestion.service.test.ts[2m > [22mIRC Ingestion Service[2m > [22mChannel Filtering[2m > [22mshould ignore DMs (non-channel targets)[32m 0[2mms[22m[39m
 [32m✓[39m src/services/__tests__/irc-ingestion.service.test.ts[2m > [22mIRC Ingestion Service[2m > [22mChannel Filtering[2m > [22mshould accept # prefixed channels[32m 22[2mms[22m[39m
 [32m✓[39m src/services/__tests__/irc-ingestion.service.test.ts[2m > [22mIRC Ingestion Service[2m > [22mChannel Filtering[2m > [22mshould accept & prefixed channels[32m 6[2mms[22m[39m
 [32m✓[39m src/services/__tests__/irc-ingestion.service.test.ts[2m > [22mIRC Ingestion Service[2m > [22mAuto-Reopen Resolved Conversations[2m > [22mshould reopen a resolved conversation on new inbound message[32m 14[2mms[22m[39m
 [32m✓[39m src/services/__tests__/irc-ingestion.service.test.ts[2m > [22mIRC Ingestion Service[2m > [22mAuto-Reopen Resolved Conversations[2m > [22mshould not change status of open conversation[32m 8[2mms[22m[39m
 [32m✓[39m src/services/__tests__/irc-ingestion.service.test.ts[2m > [22mIRC Ingestion Service[2m > [22mWebSocket Event Emission[2m > [22mshould emit message.received and complete ingestion successfully[32m 10[2mms[22m[39m
 [32m✓[39m src/services/__tests__/irc-ingestion.service.test.ts[2m > [22mIRC Ingestion Service[2m > [22mAudit Logging[2m > [22mshould handle audit logging gracefully (mocked)[32m 8[2mms[22m[39m
 [32m✓[39m src/services/__tests__/irc-ingestion.service.test.ts[2m > [22mIRC Ingestion Service[2m > [22mMetadata[2m > [22mshould return success result with IDs and proper response structure[32m 8[2mms[22m[39m
 [32m✓[39m src/services/__tests__/irc-ingestion.service.test.ts[2m > [22mIRC Ingestion Service[2m > [22mError Handling[2m > [22mshould handle invalid/empty channel gracefully[32m 0[2mms[22m[39m
 [32m✓[39m src/services/__tests__/irc-ingestion.service.test.ts[2m > [22mIRC Ingestion Service[2m > [22mError Handling[2m > [22mshould return error object instead of throwing[32m 0[2mms[22m[39m
 [32m✓[39m src/__tests__/routing-rules.spec.ts[2m > [22mRouting Rules Service[2m > [22mCRUD Operations[2m > [22mshould update rule status[32m 5[2mms[22m[39m
 [32m✓[39m src/__tests__/routing-rules.spec.ts[2m > [22mRouting Rules Service[2m > [22mCRUD Operations[2m > [22mshould update rule conditions[32m 4[2mms[22m[39m
 [32m✓[39m src/__tests__/routing-rules.spec.ts[2m > [22mRouting Rules Service[2m > [22mCRUD Operations[2m > [22mshould reject update with invalid conditions[32m 1[2mms[22m[39m
 [32m✓[39m src/__tests__/routing-rules.spec.ts[2m > [22mRouting Rules Service[2m > [22mCRUD Operations[2m > [22mshould delete a rule[32m 6[2mms[22m[39m
 [32m✓[39m src/__tests__/routing-rules.spec.ts[2m > [22mRouting Rules Service[2m > [22mCRUD Operations[2m > [22mshould reject delete of non-existent rule[32m 3[2mms[22m[39m
 [32m✓[39m src/__tests__/routing-rules.spec.ts[2m > [22mRouting Rules Service[2m > [22mRule Execution Queries[2m > [22mshould return paginated rule executions[32m 3[2mms[22m[39m
 [32m✓[39m src/__tests__/routing-rules.spec.ts[2m > [22mRouting Rules Service[2m > [22mRule Execution Queries[2m > [22mshould limit page size to 100[32m 2[2mms[22m[39m
 [32m✓[39m src/__tests__/routing-rules.spec.ts[2m > [22mRouting Rules Service[2m > [22mRule Execution Queries[2m > [22mshould enforce minimum page size of 1[32m 3[2mms[22m[39m
 [32m✓[39m src/__tests__/routing-rules.spec.ts[2m > [22mRules Engine Service[2m > [22mRule Evaluation[2m > [22mshould match rule when all conditions are met[32m 8[2mms[22m[39m
 [32m✓[39m src/__tests__/routing-rules.spec.ts[2m > [22mRules Engine Service[2m > [22mRule Evaluation[2m > [22mshould not match when one condition fails[32m 3[2mms[22m[39m
 [32m✓[39m src/__tests__/routing-rules.spec.ts[2m > [22mRules Engine Service[2m > [22mRule Evaluation[2m > [22mshould handle keyword contains condition (case-insensitive)[32m 5[2mms[22m[39m
 [31m×[39m src/__tests__/routing-rules.spec.ts[2m > [22mRules Engine Service[2m > [22mRule Evaluation[2m > [22mshould return undefined when no rules match[32m 14[2mms[22m[39m
[31m   → expected { …(3) } to be undefined[39m
[08:06:56 UTC] [32mINFO[39m: [36mRule created successfully[39m
    [35mruleId[39m: "3d49b8e6-1c70-4e15-ba12-63f19ec4c446"
    [35muserId[39m: "engine-test-user-1771574816510"
    [35mruleName[39m: "Regex Test Rule"
[08:06:56 UTC] [32mINFO[39m: [36mRule matched, applying actions[39m
    [35mconversationId[39m: "07c7c818-634d-4a20-b465-756252c3e03d"
    [35mmessageId[39m: "test-msg-5"
    [35mruleId[39m: "814f8ba7-ddad-4184-952c-da0ca9387f8d"
[08:06:56 UTC] [32mINFO[39m: [36mConversation priority set via rule[39m
    [35mconversationId[39m: "07c7c818-634d-4a20-b465-756252c3e03d"
    [35mpriority[39m: "low"
[08:06:56 UTC] [32mINFO[39m: [36mRule deleted successfully[39m
    [35mruleId[39m: "3d49b8e6-1c70-4e15-ba12-63f19ec4c446"
    [35muserId[39m: "engine-test-user-1771574816510"
[08:06:56 UTC] [32mINFO[39m: [36mRule matched, applying actions[39m
    [35mconversationId[39m: "07c7c818-634d-4a20-b465-756252c3e03d"
    [35mmessageId[39m: "test-msg-6"
    [35mruleId[39m: "a58e804d-2dd3-40e6-8e8d-3e6de7a6bdcd"
[08:06:56 UTC] [32mINFO[39m: [36mConversation priority set via rule[39m
    [35mconversationId[39m: "07c7c818-634d-4a20-b465-756252c3e03d"
    [35mpriority[39m: "high"
[08:06:56 UTC] [32mINFO[39m: [36mRule created successfully[39m
    [35mruleId[39m: "6e44d3c4-f1fa-4404-aa93-ee1e011116d1"
    [35muserId[39m: "engine-test-user-1771574816510"
    [35mruleName[39m: "First Rule (lower priority)"
[08:06:56 UTC] [32mINFO[39m: [36mRule created successfully[39m
    [35mruleId[39m: "40d074df-3e4c-4a62-aa61-8e688e2b43b0"
    [35muserId[39m: "engine-test-user-1771574816510"
    [35mruleName[39m: "Second Rule (higher priority)"
[08:06:56 UTC] [32mINFO[39m: [36mRule matched, applying actions[39m
    [35mconversationId[39m: "07c7c818-634d-4a20-b465-756252c3e03d"
    [35mmessageId[39m: "test-msg-7"
    [35mruleId[39m: "6e44d3c4-f1fa-4404-aa93-ee1e011116d1"
[08:06:56 UTC] [32mINFO[39m: [36mConversation priority set via rule[39m
    [35mconversationId[39m: "07c7c818-634d-4a20-b465-756252c3e03d"
    [35mpriority[39m: "urgent"
[08:06:56 UTC] [32mINFO[39m: [36mRule deleted successfully[39m
    [35mruleId[39m: "6e44d3c4-f1fa-4404-aa93-ee1e011116d1"
    [35muserId[39m: "engine-test-user-1771574816510"
[08:06:56 UTC] [32mINFO[39m: [36mRule deleted successfully[39m
    [35mruleId[39m: "40d074df-3e4c-4a62-aa61-8e688e2b43b0"
    [35muserId[39m: "engine-test-user-1771574816510"
 [32m✓[39m src/__tests__/routing-rules.spec.ts[2m > [22mRules Engine Service[2m > [22mRule Evaluation[2m > [22mshould handle regex matching[32m 11[2mms[22m[39m
 [32m✓[39m src/__tests__/routing-rules.spec.ts[2m > [22mRules Engine Service[2m > [22mRule Evaluation[2m > [22mshould apply priority action[32m 12[2mms[22m[39m
 [32m✓[39m src/__tests__/routing-rules.spec.ts[2m > [22mRules Engine Service[2m > [22mRule Evaluation[2m > [22mshould handle first-match-wins strategy[32m 17[2mms[22m[39m
 [32m✓[39m src/__tests__/integrations/ircIntegration.spec.ts[2m > [22mIRC Integration (INT-006, INT-007, INT-008)[2m > [22mINT-006: Config Validation[2m > [22mvalidates server required[32m 3[2mms[22m[39m
 [32m✓[39m src/__tests__/integrations/ircIntegration.spec.ts[2m > [22mIRC Integration (INT-006, INT-007, INT-008)[2m > [22mINT-006: Config Validation[2m > [22mvalidates port range 1-65535[32m 1[2mms[22m[39m
 [32m✓[39m src/__tests__/integrations/ircIntegration.spec.ts[2m > [22mIRC Integration (INT-006, INT-007, INT-008)[2m > [22mINT-006: Config Validation[2m > [22mvalidates username required[32m 0[2mms[22m[39m
 [32m✓[39m src/__tests__/integrations/ircIntegration.spec.ts[2m > [22mIRC Integration (INT-006, INT-007, INT-008)[2m > [22mINT-006: Config Validation[2m > [22mvalidates min 1 channel required[32m 1[2mms[22m[39m
 [32m✓[39m src/__tests__/integrations/ircIntegration.spec.ts[2m > [22mIRC Integration (INT-006, INT-007, INT-008)[2m > [22mINT-006: Config Validation[2m > [22mvalidates channels start with #[32m 0[2mms[22m[39m
 [32m✓[39m src/__tests__/integrations/ircIntegration.spec.ts[2m > [22mIRC Integration (INT-006, INT-007, INT-008)[2m > [22mINT-006: Encryption Key Safety[2m > [22mrejects password when key missing[32m 1[2mms[22m[39m
 [32m✓[39m src/__tests__/integrations/ircIntegration.spec.ts[2m > [22mIRC Integration (INT-006, INT-007, INT-008)[2m > [22mINT-006: Encryption Key Safety[2m > [22mencryption key availability detected[32m 0[2mms[22m[39m
 [32m✓[39m src/__tests__/integrations/ircIntegration.spec.ts[2m > [22mIRC Integration (INT-006, INT-007, INT-008)[2m > [22mINT-006: No Password Exposed[2m > [22mrequest without password valid[32m 1[2mms[22m[39m
 [32m✓[39m src/__tests__/integrations/ircIntegration.spec.ts[2m > [22mIRC Integration (INT-006, INT-007, INT-008)[2m > [22mINT-007: Connect Status[2m > [22msets status to retrying, attemptCount=0[32m 1[2mms[22m[39m
 [32m✓[39m src/__tests__/integrations/ircIntegration.spec.ts[2m > [22mIRC Integration (INT-006, INT-007, INT-008)[2m > [22mINT-007: Connect Status[2m > [22midempotent when connected[32m 0[2mms[22m[39m
 [31m×[39m src/__tests__/integrations/ircIntegration.spec.ts[2m > [22mIRC Integration (INT-006, INT-007, INT-008)[2m > [22mINT-007: Connect Status[2m > [22mreturns null when not configured[32m 4[2mms[22m[39m
[31m   → Failed to access IRC profile database[39m
 [32m✓[39m src/__tests__/integrations/ircIntegration.spec.ts[2m > [22mIRC Integration (INT-006, INT-007, INT-008)[2m > [22mINT-008: Test Connection Validation[2m > [22mthrows validation_error when body partially specifies (missing fields)[32m 1[2mms[22m[39m
 [32m✓[39m src/__tests__/integrations/ircIntegration.spec.ts[2m > [22mIRC Integration (INT-006, INT-007, INT-008)[2m > [22mINT-008: Test Connection Validation[2m > [22mthrows validation_error for invalid port range[32m 0[2mms[22m[39m
 [31m×[39m src/__tests__/integrations/ircIntegration.spec.ts[2m > [22mIRC Integration (INT-006, INT-007, INT-008)[2m > [22mINT-008: Test Connection Validation[2m > [22mthrows not_configured when empty body and no stored config[32m 3[2mms[22m[39m
[31m   → expected 'internal_error' to be 'not_configured' // Object.is equality[39m
[08:06:56 UTC] [32mINFO[39m: [36mIRC configuration save initiated[39m
    [35muserId[39m: "user1"
    [35mplatform[39m: "irc"
    [35mmethod[39m: "saveConfig"
[08:06:56 UTC] [32mINFO[39m: [36mIRC configuration save initiated[39m
    [35muserId[39m: "user1"
    [35mplatform[39m: "irc"
    [35mmethod[39m: "saveConfig"
[08:06:56 UTC] [32mINFO[39m: [36mIRC configuration save initiated[39m
    [35muserId[39m: "user1"
    [35mplatform[39m: "irc"
    [35mmethod[39m: "saveConfig"
[08:06:56 UTC] [32mINFO[39m: [36mIRC configuration save initiated[39m
    [35muserId[39m: "user1"
    [35mplatform[39m: "irc"
    [35mmethod[39m: "saveConfig"
[08:06:56 UTC] [32mINFO[39m: [36mIRC configuration save initiated[39m
    [35muserId[39m: "user1"
    [35mplatform[39m: "irc"
    [35mmethod[39m: "saveConfig"
[08:06:56 UTC] [32mINFO[39m: [36mIRC configuration save initiated[39m
    [35muserId[39m: "user1"
    [35mplatform[39m: "irc"
    [35mmethod[39m: "saveConfig"
[08:06:56 UTC] [32mINFO[39m: [36mIRC configuration save initiated[39m
    [35muserId[39m: "user1"
    [35mplatform[39m: "irc"
    [35mmethod[39m: "saveConfig"
[08:06:56 UTC] [31mERROR[39m: [36mCannot save password: encryption key missing[39m
    [35muserId[39m: "user1"
    [35mplatform[39m: "irc"
    [35mmethod[39m: "saveConfig"
[08:06:56 UTC] [31mERROR[39m: [36mIRC profile resolution: DB access failed (fail closed, no env fallback)[39m
    [35mtenantId[39m: "00000000-0000-0000-0000-000000000000"
    error: "__vite_ssr_import_1__.dbClient.select is not a function"
[08:06:56 UTC] [31mERROR[39m: [36mIRC profile resolution: DB access failed (fail closed, no env fallback)[39m
    [35mtenantId[39m: "00000000-0000-0000-0000-000000000000"
    error: "__vite_ssr_import_1__.dbClient.select is not a function"
[08:06:56 UTC] [31mERROR[39m: [36mIRC connection test failed[39m
    [35mplatform[39m: "irc"
    [35mmethod[39m: "testConnection"
    [35merrorType[39m: "internal_error"
    error: "Failed to access IRC profile database"
[08:06:56 UTC] [31mERROR[39m: [36mIRC profile resolution: DB access failed (fail closed, no env fallback)[39m
    [35mtenantId[39m: "00000000-0000-0000-0000-000000000000"
    error: "__vite_ssr_import_1__.dbClient.select is not a function"
[08:06:56 UTC] [31mERROR[39m: [36mIRC connection test failed[39m
    [35mplatform[39m: "irc"
    [35mmethod[39m: "testConnection"
    [35merrorType[39m: "internal_error"
    error: "Failed to access IRC profile database"
[08:06:56 UTC] [32mINFO[39m: [36mIRC connection test initiated[39m
    [35mplatform[39m: "irc"
    [35mmethod[39m: "testConnection"
    [35mserver[39m: "irc.test.com"
    [35mport[39m: 6697
    [35msource[39m: "body"
[08:06:56 UTC] [31mERROR[39m: [36mIRC connection test failed[39m
    [35mplatform[39m: "irc"
    [35mmethod[39m: "testConnection"
    [35merrorType[39m: "internal_error"
    error: "IRC connection closed without registration"
[08:06:56 UTC] [32mINFO[39m: [36mIRC connection test initiated[39m
    [35mplatform[39m: "irc"
    [35mmethod[39m: "testConnection"
    [35mserver[39m: "slow.server.com"
    [35mport[39m: 6667
    [35msource[39m: "body"
[08:06:56 UTC] [31mERROR[39m: [36mIRC connection test failed[39m
    [35mplatform[39m: "irc"
    [35mmethod[39m: "testConnection"
    [35merrorType[39m: "internal_error"
    error: "IRC connection closed without registration"
 [32m✓[39m src/__tests__/integrations/ircIntegration.spec.ts[2m > [22mIRC Integration (INT-006, INT-007, INT-008)[2m > [22mINT-008: Test Connection Validation[2m > [22mdoes not expose secrets in error messages[32m 153[2mms[22m[39m
 [32m✓[39m src/__tests__/integrations/ircIntegration.spec.ts[2m > [22mIRC Integration (INT-006, INT-007, INT-008)[2m > [22mINT-008: Test Connection Validation[2m > [22mdoes not modify live connector status[32m 0[2mms[22m[39m
 [32m✓[39m src/__tests__/integrations/ircIntegration.spec.ts[2m > [22mIRC Integration (INT-006, INT-007, INT-008)[2m > [22mINT-008: Test Connection Validation[2m > [22mtimes out after 10s without hanging indefinitely[32m 3[2mms[22m[39m
 [32m✓[39m src/__tests__/integrations/ircIntegration.spec.ts[2m > [22mIRC Integration (INT-006, INT-007, INT-008)[2m > [22mSecurity: No Password Leakage[2m > [22merror messages do not expose password[32m 0[2mms[22m[39m
 [32m✓[39m src/__tests__/integrations/ircIntegration.spec.ts[2m > [22mIRC Integration (INT-006, INT-007, INT-008)[2m > [22mFull Workflow Validation[2m > [22mconfig request structure valid[32m 0[2mms[22m[39m
 [32m✓[39m src/__tests__/integrations/ircIntegration.spec.ts[2m > [22mIRC Integration (INT-006, INT-007, INT-008)[2m > [22mFull Workflow Validation[2m > [22mstatus lifecycle valid[32m 0[2mms[22m[39m
 [31m×[39m src/__tests__/integrations/ircIntegration.spec.ts[2m > [22mIRC Integration (INT-006, INT-007, INT-008)[2m > [22mFull Workflow Validation[2m > [22m409 not configured when no config[32m 1[2mms[22m[39m
[31m   → Failed to access IRC profile database[39m
 [32m✓[39m src/__tests__/integrations/ircIntegration.spec.ts[2m > [22mIRC Integration (INT-006, INT-007, INT-008)[2m > [22mINT-007: Manual Connect Reset (Blocker #1)[2m > [22mshould reset attemptCount to 0 on manual connect (setManualRetrying)[32m 0[2mms[22m[39m
 [32m✓[39m src/__tests__/integrations/ircIntegration.spec.ts[2m > [22mIRC Integration (INT-006, INT-007, INT-008)[2m > [22mINT-007: Manual Connect Reset (Blocker #1)[2m > [22mshould preserve lastConnectedAt when manual retrying[32m 0[2mms[22m[39m
[08:06:56 UTC] [32mINFO[39m: [36mIRC configuration save initiated[39m
    [35muserId[39m: "user1"
    [35mplatform[39m: "irc"
    [35mmethod[39m: "saveConfig"
[08:06:56 UTC] [31mERROR[39m: [36mIRC profile resolution: DB access failed (fail closed, no env fallback)[39m
    [35mtenantId[39m: "00000000-0000-0000-0000-000000000000"
    error: "__vite_ssr_import_1__.dbClient.select is not a function"
[08:06:57 UTC] [32mINFO[39m: [36mBetterAuth client initialized successfully[39m
[08:06:56 UTC] [32mINFO[39m: [36mBetterAuth client initialized successfully[39m
[08:06:56 UTC] [32mINFO[39m: [36mBetterAuth client initialized successfully[39m
[08:06:56 UTC] [32mINFO[39m: [36mBetterAuth client initialized successfully[39m
[08:06:57 UTC] [32mINFO[39m: [36mBetterAuth client initialized successfully[39m
[08:06:57 UTC] [32mINFO[39m: [36mBetterAuth client initialized successfully[39m
[08:06:57 UTC] [32mINFO[39m: [36mRedis connected to localhost:6379[39m
[08:06:57 UTC] [32mINFO[39m: [36mRedis connected to localhost:6379[39m
[08:06:57 UTC] [32mINFO[39m: [36mRedis ready[39m
[08:06:57 UTC] [32mINFO[39m: [36mRedis connected to localhost:6379[39m
[08:06:57 UTC] [32mINFO[39m: [36mRedis connected to localhost:6379[39m
[08:06:57 UTC] [32mINFO[39m: [36mRedis ready[39m
[08:06:57 UTC] [32mINFO[39m: [36mRedis ready[39m
[08:06:57 UTC] [32mINFO[39m: [36mRedis connected to localhost:6379[39m
[08:06:57 UTC] [33mWARN[39m: [36mINTEGRATION_CREDENTIALS_ENCRYPTION_KEY not set; DB credential storage disabled[39m
    [35mfeature[39m: "encryption"
[08:06:57 UTC] [33mWARN[39m: [36mINTEGRATION_CREDENTIALS_ENCRYPTION_KEY not set; DB credential storage disabled[39m
    [35mfeature[39m: "encryption"
[08:06:57 UTC] [32mINFO[39m: [36mRedis ready[39m
[08:06:57 UTC] [33mWARN[39m: [36mINTEGRATION_CREDENTIALS_ENCRYPTION_KEY not set; DB credential storage disabled[39m
    [35mfeature[39m: "encryption"
[08:06:57 UTC] [33mWARN[39m: [36mINTEGRATION_CREDENTIALS_ENCRYPTION_KEY not set; DB credential storage disabled[39m
    [35mfeature[39m: "encryption"
[08:06:57 UTC] [32mINFO[39m: [36mBulk assign complete[39m
    [35mcorrelationId[39m: "unknown"
    [35msuccessCount[39m: 3
    [35mfailureCount[39m: 0
[08:06:57 UTC] [32mINFO[39m: [36mRedis connected to localhost:6379[39m
[08:06:57 UTC] [33mWARN[39m: [36mINTEGRATION_CREDENTIALS_ENCRYPTION_KEY not set; DB credential storage disabled[39m
    [35mfeature[39m: "encryption"
[08:06:57 UTC] [32mINFO[39m: [36mRedis ready[39m
[08:06:57 UTC] [33mWARN[39m: [36mFailed to bulk assign conversation[39m
    [35mcorrelationId[39m: "unknown"
    [35mconversationId[39m: "non-existent-1771574817480"
    error: "Failed query: update \"conversations\" set \"assigned_user_id\" = $1, \"updated_at\" = $2 where \"conversations\".\"id\" = $3 returning \"id\", \"channel\", \"external_thread_id\", \"title\", \"status\", \"priority\", \"assigned_user_id\", \"metadata\", \"created_at\", \"updated_at\", \"last_activity_at\"\nparams: test-user-d04xsb4,2026-02-20T08:06:57.482Z,non-existent-1771574817480"
[08:06:57 UTC] [32mINFO[39m: [36mBulk assign complete[39m
    [35mcorrelationId[39m: "unknown"
    [35msuccessCount[39m: 1
    [35mfailureCount[39m: 1
[08:06:57 UTC] [32mINFO[39m: [36mRedis ready[39m
[08:06:57 UTC] [33mWARN[39m: [36mINTEGRATION_CREDENTIALS_ENCRYPTION_KEY not set; DB credential storage disabled[39m
    [35mfeature[39m: "encryption"
 [32m✓[39m src/services/__tests__/bulkActions.test.ts[2m > [22mBulk Actions Service[2m > [22mbulkAssign[2m > [22mshould successfully assign conversations to a user[32m 79[2mms[22m[39m
[08:06:57 UTC] [32mINFO[39m: [36mBulk assign complete[39m
    [35mcorrelationId[39m: "unknown"
    [35msuccessCount[39m: 2
    [35mfailureCount[39m: 0
[08:06:57 UTC] [32mINFO[39m: [36mBulk assign complete[39m
    [35mcorrelationId[39m: "unknown"
    [35msuccessCount[39m: 1
    [35mfailureCount[39m: 0
[08:06:57 UTC] [32mINFO[39m: [36mBulk assign complete[39m
    [35mcorrelationId[39m: "unknown"
    [35msuccessCount[39m: 1
    [35mfailureCount[39m: 0
[08:06:57 UTC] [32mINFO[39m: [36mBulk tag complete[39m
    [35mcorrelationId[39m: "unknown"
    [35msuccessCount[39m: 3
    [35mfailureCount[39m: 0
[08:06:57 UTC] [32mINFO[39m: [36mBulk tag complete[39m
    [35mcorrelationId[39m: "unknown"
    [35msuccessCount[39m: 1
    [35mfailureCount[39m: 0
[08:06:57 UTC] [32mINFO[39m: [36mBulk tag complete[39m
    [35mcorrelationId[39m: "unknown"
    [35msuccessCount[39m: 1
    [35mfailureCount[39m: 0
 [32m✓[39m src/services/__tests__/bulkActions.test.ts[2m > [22mBulk Actions Service[2m > [22mbulkAssign[2m > [22mshould handle partial failures when some conversations not found[32m 36[2mms[22m[39m
 [32m✓[39m src/services/__tests__/bulkActions.test.ts[2m > [22mBulk Actions Service[2m > [22mbulkAssign[2m > [22mshould enforce max 100 conversations limit[32m 9[2mms[22m[39m
 [32m✓[39m src/services/__tests__/bulkActions.test.ts[2m > [22mBulk Actions Service[2m > [22mbulkAssign[2m > [22mshould handle empty conversation list[32m 14[2mms[22m[39m
 [32m✓[39m src/services/__tests__/bulkActions.test.ts[2m > [22mBulk Actions Service[2m > [22mbulkAssign[2m > [22mshould log audit events for each successful assignment[32m 17[2mms[22m[39m
 [32m✓[39m src/services/__tests__/bulkActions.test.ts[2m > [22mBulk Actions Service[2m > [22mbulkAssign[2m > [22mshould accept null assigneeId for unassigning[32m 12[2mms[22m[39m
 [32m✓[39m src/services/__tests__/bulkActions.test.ts[2m > [22mBulk Actions Service[2m > [22mbulkTag[2m > [22mshould successfully tag conversations[32m 21[2mms[22m[39m
[08:06:57 UTC] [33mWARN[39m: [36mFailed to bulk tag conversation[39m
    [35mcorrelationId[39m: "unknown"
    [35mconversationId[39m: "non-existent-1771574817620"
    [35mtagId[39m: 876
    error: "Failed query: insert into \"conversation_tags\" (\"conversation_id\", \"tag_id\") values ($1, $2)\nparams: non-existent-1771574817620,876"
[08:06:57 UTC] [32mINFO[39m: [36mBulk tag complete[39m
    [35mcorrelationId[39m: "unknown"
    [35msuccessCount[39m: 1
    [35mfailureCount[39m: 1
[08:06:57 UTC] [32mINFO[39m: [36mBulk tag complete[39m
    [35mcorrelationId[39m: "unknown"
    [35msuccessCount[39m: 2
    [35mfailureCount[39m: 0
 [32m✓[39m src/services/__tests__/bulkActions.test.ts[2m > [22mBulk Actions Service[2m > [22mbulkTag[2m > [22mshould skip if tag already attached[32m 15[2mms[22m[39m
 [32m✓[39m src/services/__tests__/bulkActions.test.ts[2m > [22mBulk Actions Service[2m > [22mbulkTag[2m > [22mshould return error if tag not found[32m 14[2mms[22m[39m
 [32m✓[39m src/services/__tests__/bulkActions.test.ts[2m > [22mBulk Actions Service[2m > [22mbulkTag[2m > [22mshould handle partial failures with mixed valid/invalid conversations[32m 50[2mms[22m[39m
 [32m✓[39m src/services/__tests__/bulkActions.test.ts[2m > [22mBulk Actions Service[2m > [22mbulkTag[2m > [22mshould enforce max 100 conversations limit for tagging[32m 14[2mms[22m[39m
 [32m✓[39m src/services/__tests__/bulkActions.test.ts[2m > [22mBulk Actions Service[2m > [22mbulkTag[2m > [22mshould log audit events for each successful tag[32m 20[2mms[22m[39m
[08:06:57 UTC] [32mINFO[39m: [36mBulk status update complete[39m
    [35mcorrelationId[39m: "unknown"
    [35msuccessCount[39m: 3
    [35mfailureCount[39m: 0
[08:06:57 UTC] [33mWARN[39m: [36mFailed to bulk update conversation status[39m
    [35mcorrelationId[39m: "unknown"
    [35mconversationId[39m: "non-existent-1771574817727"
    [35mstatus[39m: "pending"
    error: "Failed query: select \"status\" from \"conversations\" where \"conversations\".\"id\" = $1 limit $2\nparams: non-existent-1771574817727,1"
[08:06:57 UTC] [32mINFO[39m: [36mBulk status update complete[39m
    [35mcorrelationId[39m: "unknown"
    [35msuccessCount[39m: 1
    [35mfailureCount[39m: 1
[08:06:57 UTC] [32mINFO[39m: [36mBulk status update complete[39m
    [35mcorrelationId[39m: "unknown"
    [35msuccessCount[39m: 1
    [35mfailureCount[39m: 0
[08:06:57 UTC] [32mINFO[39m: [36mBulk status update complete[39m
    [35mcorrelationId[39m: "unknown"
    [35msuccessCount[39m: 1
    [35mfailureCount[39m: 0
[08:06:57 UTC] [32mINFO[39m: [36mBulk status update complete[39m
    [35mcorrelationId[39m: "unknown"
    [35msuccessCount[39m: 1
    [35mfailureCount[39m: 0
[08:06:57 UTC] [32mINFO[39m: [36mBulk status update complete[39m
    [35mcorrelationId[39m: "unknown"
    [35msuccessCount[39m: 1
    [35mfailureCount[39m: 0
[08:06:57 UTC] [32mINFO[39m: [36mBulk assign complete[39m
    [35mcorrelationId[39m: "unknown"
    [35msuccessCount[39m: 3
    [35mfailureCount[39m: 0
 [32m✓[39m src/services/__tests__/bulkActions.test.ts[2m > [22mBulk Actions Service[2m > [22mbulkUpdateStatus[2m > [22mshould successfully update conversation status[32m 18[2mms[22m[39m
 [32m✓[39m src/services/__tests__/bulkActions.test.ts[2m > [22mBulk Actions Service[2m > [22mbulkUpdateStatus[2m > [22mshould reject invalid status values[32m 7[2mms[22m[39m
 [32m✓[39m src/services/__tests__/bulkActions.test.ts[2m > [22mBulk Actions Service[2m > [22mbulkUpdateStatus[2m > [22mshould handle partial failures for status update[32m 21[2mms[22m[39m
 [32m✓[39m src/services/__tests__/bulkActions.test.ts[2m > [22mBulk Actions Service[2m > [22mbulkUpdateStatus[2m > [22mshould support all valid status values[32m 15[2mms[22m[39m
 [32m✓[39m src/services/__tests__/bulkActions.test.ts[2m > [22mBulk Actions Service[2m > [22mbulkUpdateStatus[2m > [22mshould enforce max 100 conversations limit for status[32m 8[2mms[22m[39m
 [32m✓[39m src/services/__tests__/bulkActions.test.ts[2m > [22mBulk Actions Service[2m > [22mbulkUpdateStatus[2m > [22mshould log audit events with old and new status[32m 10[2mms[22m[39m
 [32m✓[39m src/services/__tests__/bulkActions.test.ts[2m > [22mBulk Actions Service[2m > [22mError Handling[2m > [22mshould handle database errors gracefully[32m 17[2mms[22m[39m
 [32m✓[39m src/services/__tests__/bulkActions.test.ts[2m > [22mBulk Actions Service[2m > [22mError Handling[2m > [22mshould handle null/undefined input gracefully[32m 10[2mms[22m[39m
[08:06:57 UTC] [32mINFO[39m: [36mBulk assign complete[39m
    [35mcorrelationId[39m: "unknown"
    [35msuccessCount[39m: 2
    [35mfailureCount[39m: 0
[08:06:57 UTC] [33mWARN[39m: [36mFailed to bulk assign conversation[39m
    [35mcorrelationId[39m: "unknown"
    [35mconversationId[39m: "non-existent-1771574817816"
    error: "Failed query: update \"conversations\" set \"assigned_user_id\" = $1, \"updated_at\" = $2 where \"conversations\".\"id\" = $3 returning \"id\", \"channel\", \"external_thread_id\", \"title\", \"status\", \"priority\", \"assigned_user_id\", \"metadata\", \"created_at\", \"updated_at\", \"last_activity_at\"\nparams: test-user-pn5t09l,2026-02-20T08:06:57.817Z,non-existent-1771574817816"
[08:06:57 UTC] [32mINFO[39m: [36mBulk assign complete[39m
    [35mcorrelationId[39m: "unknown"
    [35msuccessCount[39m: 1
    [35mfailureCount[39m: 1
 [32m✓[39m src/services/__tests__/bulkActions.test.ts[2m > [22mBulk Actions Service[2m > [22mResponse Format[2m > [22mshould return consistent response structure[32m 11[2mms[22m[39m
 [32m✓[39m src/services/__tests__/bulkActions.test.ts[2m > [22mBulk Actions Service[2m > [22mResponse Format[2m > [22mfailure items should have id and reason[32m 32[2mms[22m[39m
[08:06:57 UTC] [31mERROR[39m: [36mFailed to move message to DLQ[39m
    [35mmessageId[39m: "msg-1771574817884"
    [35mconversationId[39m: "92f554be-76a6-41cd-b224-ffc45f271343"
    error: "Invalid messageId: \"msg-1771574817884\". DLQ entries must use message.id (UUID FK), not job IDs. Store external IDs in metadata."
[08:06:57 UTC] [31mERROR[39m: [36mFailed to move message to DLQ[39m
    [35mmessageId[39m: "msg-exp-1771574817886"
    [35mconversationId[39m: "92f554be-76a6-41cd-b224-ffc45f271343"
    error: "Invalid messageId: \"msg-exp-1771574817886\". DLQ entries must use message.id (UUID FK), not job IDs. Store external IDs in metadata."
[08:06:57 UTC] [33mWARN[39m: [36mMessage moved to Dead Letter Queue (UUID contract enforced)[39m
    [35mmessageId[39m: "a615c7f3-fcc4-4b0a-be55-4ee6bed43d92"
    [35mconversationId[39m: "92f554be-76a6-41cd-b224-ffc45f271343"
    [35mfailureReason[39m: "network_error"
    [35mtotalAttempts[39m: 3
    [35mexpiresAt[39m: "2026-02-27T08:06:57.889Z"
 [2m[90m↓[39m[22m tests/BE-009-010-message-api.spec.ts[2m > [22mBE-009/010: Message API (GET /conversations/:id/messages, POST /conversations/:id/messages)[2m > [22mGET /conversations/:id/messages - Message Retrieval[2m > [22mshould return 401 without authorization token
 [2m[90m↓[39m[22m tests/BE-009-010-message-api.spec.ts[2m > [22mBE-009/010: Message API (GET /conversations/:id/messages, POST /conversations/:id/messages)[2m > [22mGET /conversations/:id/messages - Message Retrieval[2m > [22mshould return empty messages for new conversation
 [2m[90m↓[39m[22m tests/BE-009-010-message-api.spec.ts[2m > [22mBE-009/010: Message API (GET /conversations/:id/messages, POST /conversations/:id/messages)[2m > [22mGET /conversations/:id/messages - Message Retrieval[2m > [22mshould return 404 for non-existent conversation
 [2m[90m↓[39m[22m tests/BE-009-010-message-api.spec.ts[2m > [22mBE-009/010: Message API (GET /conversations/:id/messages, POST /conversations/:id/messages)[2m > [22mGET /conversations/:id/messages - Message Retrieval[2m > [22mshould return 400 for invalid page parameter
 [2m[90m↓[39m[22m tests/BE-009-010-message-api.spec.ts[2m > [22mBE-009/010: Message API (GET /conversations/:id/messages, POST /conversations/:id/messages)[2m > [22mGET /conversations/:id/messages - Message Retrieval[2m > [22mshould return 400 for invalid limit parameter
 [2m[90m↓[39m[22m tests/BE-009-010-message-api.spec.ts[2m > [22mBE-009/010: Message API (GET /conversations/:id/messages, POST /conversations/:id/messages)[2m > [22mGET /conversations/:id/messages - Message Retrieval[2m > [22mshould return 400 for invalid direction parameter
 [2m[90m↓[39m[22m tests/BE-009-010-message-api.spec.ts[2m > [22mBE-009/010: Message API (GET /conversations/:id/messages, POST /conversations/:id/messages)[2m > [22mGET /conversations/:id/messages - Message Retrieval[2m > [22mshould support pagination with custom page and limit
 [2m[90m↓[39m[22m tests/BE-009-010-message-api.spec.ts[2m > [22mBE-009/010: Message API (GET /conversations/:id/messages, POST /conversations/:id/messages)[2m > [22mGET /conversations/:id/messages - Message Retrieval[2m > [22mshould filter messages by direction
 [2m[90m↓[39m[22m tests/BE-009-010-message-api.spec.ts[2m > [22mBE-009/010: Message API (GET /conversations/:id/messages, POST /conversations/:id/messages)[2m > [22mGET /conversations/:id/messages - Message Retrieval[2m > [22mshould return messages ordered chronologically (oldest first)
 [2m[90m↓[39m[22m tests/BE-009-010-message-api.spec.ts[2m > [22mBE-009/010: Message API (GET /conversations/:id/messages, POST /conversations/:id/messages)[2m > [22mPOST /conversations/:id/messages - Message Sending[2m > [22mshould return 401 without authorization token
 [2m[90m↓[39m[22m tests/BE-009-010-message-api.spec.ts[2m > [22mBE-009/010: Message API (GET /conversations/:id/messages, POST /conversations/:id/messages)[2m > [22mPOST /conversations/:id/messages - Message Sending[2m > [22mshould send a message successfully as user
 [2m[90m↓[39m[22m tests/BE-009-010-message-api.spec.ts[2m > [22mBE-009/010: Message API (GET /conversations/:id/messages, POST /conversations/:id/messages)[2m > [22mPOST /conversations/:id/messages - Message Sending[2m > [22mshould send a message successfully as manager
 [2m[90m↓[39m[22m tests/BE-009-010-message-api.spec.ts[2m > [22mBE-009/010: Message API (GET /conversations/:id/messages, POST /conversations/:id/messages)[2m > [22mPOST /conversations/:id/messages - Message Sending[2m > [22mshould reject empty message body
 [2m[90m↓[39m[22m tests/BE-009-010-message-api.spec.ts[2m > [22mBE-009/010: Message API (GET /conversations/:id/messages, POST /conversations/:id/messages)[2m > [22mPOST /conversations/:id/messages - Message Sending[2m > [22mshould reject message exceeding max length (10000 chars)
 [2m[90m↓[39m[22m tests/BE-009-010-message-api.spec.ts[2m > [22mBE-009/010: Message API (GET /conversations/:id/messages, POST /conversations/:id/messages)[2m > [22mPOST /conversations/:id/messages - Message Sending[2m > [22mshould accept message at max length boundary (10000 chars)
 [2m[90m↓[39m[22m tests/BE-009-010-message-api.spec.ts[2m > [22mBE-009/010: Message API (GET /conversations/:id/messages, POST /conversations/:id/messages)[2m > [22mPOST /conversations/:id/messages - Message Sending[2m > [22mshould return 404 for non-existent conversation
 [2m[90m↓[39m[22m tests/BE-009-010-message-api.spec.ts[2m > [22mBE-009/010: Message API (GET /conversations/:id/messages, POST /conversations/:id/messages)[2m > [22mPOST /conversations/:id/messages - Message Sending[2m > [22mshould reject admin user from sending messages (role-based access control)
 [2m[90m↓[39m[22m tests/BE-009-010-message-api.spec.ts[2m > [22mBE-009/010: Message API (GET /conversations/:id/messages, POST /conversations/:id/messages)[2m > [22mPOST /conversations/:id/messages - Message Sending[2m > [22mshould reject message with missing body
 [2m[90m↓[39m[22m tests/BE-009-010-message-api.spec.ts[2m > [22mBE-009/010: Message API (GET /conversations/:id/messages, POST /conversations/:id/messages)[2m > [22mPOST /conversations/:id/messages - Message Sending[2m > [22mshould persist message to database
 [2m[90m↓[39m[22m tests/BE-009-010-message-api.spec.ts[2m > [22mBE-009/010: Message API (GET /conversations/:id/messages, POST /conversations/:id/messages)[2m > [22mPOST /conversations/:id/messages - Message Sending[2m > [22mshould handle concurrent message sends
 [2m[90m↓[39m[22m tests/BE-009-010-message-api.spec.ts[2m > [22mBE-009/010: Message API (GET /conversations/:id/messages, POST /conversations/:id/messages)[2m > [22mPOST /conversations/:id/messages - Message Sending[2m > [22mshould set sender name from user email
[08:06:57 UTC] [32mINFO[39m: [36mBetterAuth client initialized successfully[39m
[08:06:57 UTC] [33mWARN[39m: [36mMessage moved to Dead Letter Queue (UUID contract enforced)[39m
    [35mmessageId[39m: "52218392-ea9a-4347-b255-aa84c4616421"
    [35mconversationId[39m: "92f554be-76a6-41cd-b224-ffc45f271343"
    [35mfailureReason[39m: "max_retries_exceeded"
    [35mtotalAttempts[39m: 3
    [35mexpiresAt[39m: "2026-02-27T08:06:57.909Z"
[08:06:57 UTC] [32mINFO[39m: [36mDLQ entry marked as retried[39m
    [35mid[39m: "f7acdb30-9903-4c19-b100-538bf1a9e6d3"
    [35mretriedBy[39m: "99b0ec0d598a54bde35a32629b467b71"
    [35mretriedAt[39m: "2026-02-20T08:06:57.911Z"
[08:06:57 UTC] [33mWARN[39m: [36mMessage moved to Dead Letter Queue (UUID contract enforced)[39m
    [35mmessageId[39m: "d5ac6673-092b-408c-90e0-60defefd5484"
    [35mconversationId[39m: "92f554be-76a6-41cd-b224-ffc45f271343"
    [35mfailureReason[39m: "validation_error"
    [35mtotalAttempts[39m: 3
    [35mexpiresAt[39m: "2026-02-27T08:06:57.917Z"
[08:06:57 UTC] [32mINFO[39m: [36mDLQ entry removed[39m
    [35mid[39m: "1caabc70-26bb-41db-888e-e0a6ed1c3ec2"
[08:06:57 UTC] [33mWARN[39m: [36mMessage moved to Dead Letter Queue (UUID contract enforced)[39m
    [35mmessageId[39m: "3bb4ecd7-b8b5-4e0e-b4d8-7f06da715a26"
    [35mconversationId[39m: "92f554be-76a6-41cd-b224-ffc45f271343"
    [35mfailureReason[39m: "network_error"
    [35mtotalAttempts[39m: 3
    [35mexpiresAt[39m: "2026-02-27T08:06:57.930Z"
[08:06:57 UTC] [31mERROR[39m: [36mFailed to move message to DLQ[39m
    [35mmessageId[39m: "msg-payload-1771574817939"
    [35mconversationId[39m: "92f554be-76a6-41cd-b224-ffc45f271343"
    error: "Invalid messageId: \"msg-payload-1771574817939\". DLQ entries must use message.id (UUID FK), not job IDs. Store external IDs in metadata."
[08:06:57 UTC] [31mERROR[39m: [36mFailed to move message to DLQ[39m
    [35mmessageId[39m: "msg-concurrent-0-1771574817940"
    [35mconversationId[39m: "92f554be-76a6-41cd-b224-ffc45f271343"
    error: "Invalid messageId: \"msg-concurrent-0-1771574817940\". DLQ entries must use message.id (UUID FK), not job IDs. Store external IDs in metadata."
[08:06:57 UTC] [31mERROR[39m: [36mFailed to move message to DLQ[39m
    [35mmessageId[39m: "msg-concurrent-1-1771574817940"
    [35mconversationId[39m: "92f554be-76a6-41cd-b224-ffc45f271343"
    error: "Invalid messageId: \"msg-concurrent-1-1771574817940\". DLQ entries must use message.id (UUID FK), not job IDs. Store external IDs in metadata."
[08:06:57 UTC] [31mERROR[39m: [36mFailed to move message to DLQ[39m
    [35mmessageId[39m: "msg-concurrent-2-1771574817940"
    [35mconversationId[39m: "92f554be-76a6-41cd-b224-ffc45f271343"
    error: "Invalid messageId: \"msg-concurrent-2-1771574817940\". DLQ entries must use message.id (UUID FK), not job IDs. Store external IDs in metadata."
[08:06:57 UTC] [31mERROR[39m: [36mFailed to move message to DLQ[39m
    [35mmessageId[39m: "msg-concurrent-3-1771574817940"
    [35mconversationId[39m: "92f554be-76a6-41cd-b224-ffc45f271343"
    error: "Invalid messageId: \"msg-concurrent-3-1771574817940\". DLQ entries must use message.id (UUID FK), not job IDs. Store external IDs in metadata."
[08:06:57 UTC] [31mERROR[39m: [36mFailed to move message to DLQ[39m
    [35mmessageId[39m: "msg-concurrent-4-1771574817940"
    [35mconversationId[39m: "92f554be-76a6-41cd-b224-ffc45f271343"
    error: "Invalid messageId: \"msg-concurrent-4-1771574817940\". DLQ entries must use message.id (UUID FK), not job IDs. Store external IDs in metadata."
 [31m×[39m tests/BE-011-message-status-tracking.spec.ts[2m > [22mBE-011: Message Status Tracking (MessageStatusTracker Integration)[2m > [22mGET /conversations/:conversationId/messages/:messageId/status[2m > [22mshould return message status after sending[32m 24[2mms[22m[39m
[31m   → expected 404 to be 201 // Object.is equality[39m
 [31m×[39m tests/BE-011-message-status-tracking.spec.ts[2m > [22mBE-011: Message Status Tracking (MessageStatusTracker Integration)[2m > [22mGET /conversations/:conversationId/messages/:messageId/status[2m > [22mshould return 404 if conversation does not exist[32m 6[2mms[22m[39m
[31m   → expected {} to deeply equal { error: 'Conversation not found' }[39m
 [31m×[39m tests/BE-011-message-status-tracking.spec.ts[2m > [22mBE-011: Message Status Tracking (MessageStatusTracker Integration)[2m > [22mGET /conversations/:conversationId/messages/:messageId/status[2m > [22mshould return 404 if message does not exist[32m 5[2mms[22m[39m
[31m   → expected {} to deeply equal { error: 'Message not found' }[39m
 [31m×[39m tests/BE-011-message-status-tracking.spec.ts[2m > [22mBE-011: Message Status Tracking (MessageStatusTracker Integration)[2m > [22mGET /conversations/:conversationId/messages/:messageId/status[2m > [22mshould return 404 if message does not belong to conversation[32m 5[2mms[22m[39m
[31m   → expected 404 to be 201 // Object.is equality[39m
 [31m×[39m tests/BE-011-message-status-tracking.spec.ts[2m > [22mBE-011: Message Status Tracking (MessageStatusTracker Integration)[2m > [22mGET /conversations/:conversationId/messages/:messageId/status[2m > [22mshould require authentication[32m 2[2mms[22m[39m
[31m   → expected 404 to be 201 // Object.is equality[39m
 [31m×[39m tests/BE-011-message-status-tracking.spec.ts[2m > [22mBE-011: Message Status Tracking (MessageStatusTracker Integration)[2m > [22mMessage Status Transitions[2m > [22mshould track status as pending -> sent for successful send[32m 1[2mms[22m[39m
[31m   → expected 404 to be 201 // Object.is equality[39m
 [31m×[39m tests/BE-011-message-status-tracking.spec.ts[2m > [22mBE-011: Message Status Tracking (MessageStatusTracker Integration)[2m > [22mMessage Status Transitions[2m > [22mshould update message timestamps on status change[32m 1[2mms[22m[39m
[31m   → expected 404 to be 201 // Object.is equality[39m
 [31m×[39m tests/BE-011-message-status-tracking.spec.ts[2m > [22mBE-011: Message Status Tracking (MessageStatusTracker Integration)[2m > [22mMessage Status via GET /conversations/:conversationId/messages[2m > [22mshould return message status in conversation message list[32m 2[2mms[22m[39m
[31m   → expected 404 to be 201 // Object.is equality[39m
 [31m×[39m tests/BE-011-message-status-tracking.spec.ts[2m > [22mBE-011: Message Status Tracking (MessageStatusTracker Integration)[2m > [22mMessage Status via GET /conversations/:conversationId/messages[2m > [22mshould preserve message status across multiple queries[32m 6[2mms[22m[39m
[31m   → expected 404 to be 201 // Object.is equality[39m
 [31m×[39m tests/BE-011-message-status-tracking.spec.ts[2m > [22mBE-011: Message Status Tracking (MessageStatusTracker Integration)[2m > [22mManager role message sending with status tracking[2m > [22mmanager should be able to send messages and track status[32m 3[2mms[22m[39m
[31m   → expected 404 to be 201 // Object.is equality[39m
 [31m×[39m tests/BE-011-message-status-tracking.spec.ts[2m > [22mBE-011: Message Status Tracking (MessageStatusTracker Integration)[2m > [22mMultiple messages status independence[2m > [22mshould track status independently for multiple messages[32m 3[2mms[22m[39m
[31m   → expected 404 to be 201 // Object.is equality[39m
 [31m×[39m tests/BE-011-message-status-tracking.spec.ts[2m > [22mBE-011: Message Status Tracking (MessageStatusTracker Integration)[2m > [22mMessage metadata and status[2m > [22mshould return complete message data with status via GET endpoint[32m 2[2mms[22m[39m
[31m   → expected 404 to be 201 // Object.is equality[39m
[08:06:57 UTC] [32mINFO[39m: [36mListing tags[39m
    [35muserId[39m: "3eb88a59e1612df09901829c248887da"
    [35mcorrelationId[39m: "unknown"
 [31m×[39m tests/BE-014-exponential-backoff.spec.ts[2m > [22mBE-014: Exponential Backoff Retry Queue + DLQ[2m > [22mDLQ Service - Move to DLQ[2m > [22mshould move failed message to DLQ[32m 2[2mms[22m[39m
[31m   → Invalid messageId: "msg-1771574817884". DLQ entries must use message.id (UUID FK), not job IDs. Store external IDs in metadata.[39m
 [31m×[39m tests/BE-014-exponential-backoff.spec.ts[2m > [22mBE-014: Exponential Backoff Retry Queue + DLQ[2m > [22mDLQ Service - Move to DLQ[2m > [22mshould set correct expiration date (7 days)[32m 0[2mms[22m[39m
[31m   → Invalid messageId: "msg-exp-1771574817886". DLQ entries must use message.id (UUID FK), not job IDs. Store external IDs in metadata.[39m
 [32m✓[39m tests/BE-014-exponential-backoff.spec.ts[2m > [22mBE-014: Exponential Backoff Retry Queue + DLQ[2m > [22mDLQ Service - Query Operations[2m > [22mshould retrieve DLQ entries with pagination[32m 4[2mms[22m[39m
 [32m✓[39m tests/BE-014-exponential-backoff.spec.ts[2m > [22mBE-014: Exponential Backoff Retry Queue + DLQ[2m > [22mDLQ Service - Query Operations[2m > [22mshould get DLQ statistics[32m 5[2mms[22m[39m
 [32m✓[39m tests/BE-014-exponential-backoff.spec.ts[2m > [22mBE-014: Exponential Backoff Retry Queue + DLQ[2m > [22mDLQ Service - Query Operations[2m > [22mshould get single DLQ entry by ID[32m 5[2mms[22m[39m
 [32m✓[39m tests/BE-014-exponential-backoff.spec.ts[2m > [22mBE-014: Exponential Backoff Retry Queue + DLQ[2m > [22mDLQ Service - Query Operations[2m > [22mshould get DLQ entries by conversation[32m 1[2mms[22m[39m
 [31m×[39m tests/BE-014-exponential-backoff.spec.ts[2m > [22mBE-014: Exponential Backoff Retry Queue + DLQ[2m > [22mDLQ Service - Mark as Retried[2m > [22mshould mark DLQ entry as retried[32m 6[2mms[22m[39m
[31m   → expected '99b0ec0d-598a-54bd-e35a-32629b467b71' to be '99b0ec0d598a54bde35a32629b467b71' // Object.is equality[39m
 [32m✓[39m tests/BE-014-exponential-backoff.spec.ts[2m > [22mBE-014: Exponential Backoff Retry Queue + DLQ[2m > [22mDLQ Service - Remove Entry[2m > [22mshould remove DLQ entry[32m 7[2mms[22m[39m
 [32m✓[39m tests/BE-014-exponential-backoff.spec.ts[2m > [22mBE-014: Exponential Backoff Retry Queue + DLQ[2m > [22mMessage Status Tracking with DLQ[2m > [22mshould handle message send failure[32m 2[2mms[22m[39m
 [32m✓[39m tests/BE-014-exponential-backoff.spec.ts[2m > [22mBE-014: Exponential Backoff Retry Queue + DLQ[2m > [22mDLQ Pagination and Filtering[2m > [22mshould paginate DLQ entries correctly[32m 4[2mms[22m[39m
 [32m✓[39m tests/BE-014-exponential-backoff.spec.ts[2m > [22mBE-014: Exponential Backoff Retry Queue + DLQ[2m > [22mDLQ Pagination and Filtering[2m > [22mshould filter by failure reason[32m 10[2mms[22m[39m
 [31m×[39m tests/BE-014-exponential-backoff.spec.ts[2m > [22mBE-014: Exponential Backoff Retry Queue + DLQ[2m > [22mDLQ Payload Preservation[2m > [22mshould preserve full message payload in DLQ[32m 2[2mms[22m[39m
[31m   → Invalid messageId: "msg-payload-1771574817939". DLQ entries must use message.id (UUID FK), not job IDs. Store external IDs in metadata.[39m
 [31m×[39m tests/BE-014-exponential-backoff.spec.ts[2m > [22mBE-014: Exponential Backoff Retry Queue + DLQ[2m > [22mConcurrent DLQ Operations[2m > [22mshould handle concurrent DLQ operations[32m 0[2mms[22m[39m
[31m   → Invalid messageId: "msg-concurrent-0-1771574817940". DLQ entries must use message.id (UUID FK), not job IDs. Store external IDs in metadata.[39m
[08:06:57 UTC] [32mINFO[39m: [36mTags listed successfully[39m
    [35muserId[39m: "3eb88a59e1612df09901829c248887da"
    [35mcount[39m: 0
[08:06:57 UTC] [32mINFO[39m: [36mTags listed successfully[39m
    [35muserId[39m: "3eb88a59e1612df09901829c248887da"
    [35mcount[39m: 0
    [35mcorrelationId[39m: "unknown"
[08:06:57 UTC] [32mINFO[39m: [36mCreating tag[39m
    [35muserId[39m: "3eb88a59e1612df09901829c248887da"
    [35mtagName[39m: "Urgent"
    [35mcorrelationId[39m: "unknown"
[08:06:57 UTC] [32mINFO[39m: [36mTag created successfully[39m
    [35mtagId[39m: 889
    [35muserId[39m: "3eb88a59e1612df09901829c248887da"
    [35mtagName[39m: "Urgent"
[08:06:57 UTC] [32mINFO[39m: [36mTag created successfully[39m
    [35muserId[39m: "3eb88a59e1612df09901829c248887da"
    [35mtagId[39m: 889
    [35mcorrelationId[39m: "unknown"
 [32m✓[39m tests/BE-P2-001-tags-crud.spec.ts[2m > [22mBE-P2-001: Backend Tags CRUD[2m > [22mGET /api/tags - List Tags[2m > [22mshould require authentication[32m 23[2mms[22m[39m
 [32m✓[39m tests/BE-P2-001-tags-crud.spec.ts[2m > [22mBE-P2-001: Backend Tags CRUD[2m > [22mGET /api/tags - List Tags[2m > [22mshould list all tags (empty initially)[32m 41[2mms[22m[39m
 [32m✓[39m tests/BE-P2-001-tags-crud.spec.ts[2m > [22mBE-P2-001: Backend Tags CRUD[2m > [22mPOST /api/tags - Create Tag[2m > [22mshould require authentication[32m 32[2mms[22m[39m
 [32m✓[39m tests/BE-P2-001-tags-crud.spec.ts[2m > [22mBE-P2-001: Backend Tags CRUD[2m > [22mPOST /api/tags - Create Tag[2m > [22mshould create a tag with name and color[32m 9[2mms[22m[39m
[08:06:57 UTC] [32mINFO[39m: [36mBetterAuth client initialized successfully[39m
[08:06:58 UTC] [32mINFO[39m: [36mCreating tag[39m
    [35muserId[39m: "3eb88a59e1612df09901829c248887da"
    [35mtagName[39m: "Default Color Tag"
    [35mcorrelationId[39m: "unknown"
[08:06:58 UTC] [32mINFO[39m: [36mTag created successfully[39m
    [35mtagId[39m: 890
    [35muserId[39m: "3eb88a59e1612df09901829c248887da"
    [35mtagName[39m: "Default Color Tag"
[08:06:58 UTC] [32mINFO[39m: [36mTag created successfully[39m
    [35muserId[39m: "3eb88a59e1612df09901829c248887da"
    [35mtagId[39m: 890
    [35mcorrelationId[39m: "unknown"
[08:06:58 UTC] [32mINFO[39m: [36mCreating tag[39m
    [35muserId[39m: "3eb88a59e1612df09901829c248887da"
    [35mtagName[39m: "Bad Color"
    [35mcorrelationId[39m: "unknown"
[08:06:58 UTC] [31mERROR[39m: [36mFailed to create tag[39m
    [35muserId[39m: "3eb88a59e1612df09901829c248887da"
    [35mtagName[39m: "Bad Color"
    error: "Failed query: insert into \"tags\" (\"id\", \"name\", \"color\", \"created_by_id\", \"created_at\") values (default, $1, $2, $3, default) returning \"id\", \"name\", \"color\", \"created_by_id\", \"created_at\"\nparams: Bad Color,invalid-color,3eb88a59e1612df09901829c248887da"
[08:06:58 UTC] [31mERROR[39m: [36mFailed to create tag[39m
    [35muserId[39m: "3eb88a59e1612df09901829c248887da"
    [35mcorrelationId[39m: "unknown"
    error: "Failed query: insert into \"tags\" (\"id\", \"name\", \"color\", \"created_by_id\", \"created_at\") values (default, $1, $2, $3, default) returning \"id\", \"name\", \"color\", \"created_by_id\", \"created_at\"\nparams: Bad Color,invalid-color,3eb88a59e1612df09901829c248887da"
[08:06:58 UTC] [32mINFO[39m: [36mCreating tag[39m
    [35muserId[39m: "3eb88a59e1612df09901829c248887da"
    [35mtagName[39m: ""
    [35mcorrelationId[39m: "unknown"
[08:06:58 UTC] [31mERROR[39m: [36mFailed to create tag[39m
    [35muserId[39m: "3eb88a59e1612df09901829c248887da"
    [35mtagName[39m: ""
    error: "Tag name is required"
[08:06:58 UTC] [31mERROR[39m: [36mFailed to create tag[39m
    [35muserId[39m: "3eb88a59e1612df09901829c248887da"
    [35mcorrelationId[39m: "unknown"
    error: "Tag name is required"
[08:06:58 UTC] [32mINFO[39m: [36mCreating tag[39m
    [35muserId[39m: "3eb88a59e1612df09901829c248887da"
    [35mtagName[39m: "Admin Tag"
    [35mcorrelationId[39m: "unknown"
[08:06:58 UTC] [32mINFO[39m: [36mTag created successfully[39m
    [35mtagId[39m: 891
    [35muserId[39m: "3eb88a59e1612df09901829c248887da"
    [35mtagName[39m: "Admin Tag"
[08:06:58 UTC] [32mINFO[39m: [36mTag created successfully[39m
    [35muserId[39m: "3eb88a59e1612df09901829c248887da"
    [35mtagId[39m: 891
    [35mcorrelationId[39m: "unknown"
[08:06:58 UTC] [32mINFO[39m: [36mCreating tag[39m
    [35muserId[39m: "802eec2931142dc5675cbd2fe2173f65"
    [35mtagName[39m: "Manager Tag"
    [35mcorrelationId[39m: "unknown"
[08:06:58 UTC] [32mINFO[39m: [36mTag created successfully[39m
    [35mtagId[39m: 892
    [35muserId[39m: "802eec2931142dc5675cbd2fe2173f65"
    [35mtagName[39m: "Manager Tag"
[08:06:58 UTC] [32mINFO[39m: [36mTag created successfully[39m
    [35muserId[39m: "802eec2931142dc5675cbd2fe2173f65"
    [35mtagId[39m: 892
    [35mcorrelationId[39m: "unknown"
[08:06:58 UTC] [32mINFO[39m: [36mCreating tag[39m
    [35muserId[39m: "69b9370f3473e9f40921e3bba446920b"
    [35mtagName[39m: "User Tag"
    [35mcorrelationId[39m: "unknown"
[08:06:58 UTC] [32mINFO[39m: [36mTag created successfully[39m
    [35mtagId[39m: 893
    [35muserId[39m: "69b9370f3473e9f40921e3bba446920b"
    [35mtagName[39m: "User Tag"
[08:06:58 UTC] [32mINFO[39m: [36mTag created successfully[39m
    [35muserId[39m: "69b9370f3473e9f40921e3bba446920b"
    [35mtagId[39m: 893
    [35mcorrelationId[39m: "unknown"
[08:06:58 UTC] [32mINFO[39m: [36mCreating tag[39m
    [35muserId[39m: "a486f5bd0a2a284c59557994836842db"
    [35mtagName[39m: "Super Admin Tag"
    [35mcorrelationId[39m: "unknown"
[08:06:58 UTC] [32mINFO[39m: [36mTag created successfully[39m
    [35mtagId[39m: 894
    [35muserId[39m: "a486f5bd0a2a284c59557994836842db"
    [35mtagName[39m: "Super Admin Tag"
[08:06:58 UTC] [32mINFO[39m: [36mTag created successfully[39m
    [35muserId[39m: "a486f5bd0a2a284c59557994836842db"
    [35mtagId[39m: 894
    [35mcorrelationId[39m: "unknown"
[08:06:58 UTC] [32mINFO[39m: [36mCreating tag[39m
    [35muserId[39m: "3eb88a59e1612df09901829c248887da"
    [35mtagName[39m: "Test Tag"
    [35mcorrelationId[39m: "unknown"
[08:06:58 UTC] [32mINFO[39m: [36mTag created successfully[39m
    [35mtagId[39m: 895
    [35muserId[39m: "3eb88a59e1612df09901829c248887da"
    [35mtagName[39m: "Test Tag"
[08:06:58 UTC] [32mINFO[39m: [36mTag created successfully[39m
    [35muserId[39m: "3eb88a59e1612df09901829c248887da"
    [35mtagId[39m: 895
    [35mcorrelationId[39m: "unknown"
[08:06:58 UTC] [32mINFO[39m: [36mCreating tag[39m
    [35muserId[39m: "3eb88a59e1612df09901829c248887da"
    [35mtagName[39m: "Role Test Tag"
    [35mcorrelationId[39m: "unknown"
[08:06:58 UTC] [32mINFO[39m: [36mTag created successfully[39m
    [35mtagId[39m: 896
    [35muserId[39m: "3eb88a59e1612df09901829c248887da"
    [35mtagName[39m: "Role Test Tag"
[08:06:58 UTC] [32mINFO[39m: [36mTag created successfully[39m
    [35muserId[39m: "3eb88a59e1612df09901829c248887da"
    [35mtagId[39m: 896
    [35mcorrelationId[39m: "unknown"
[08:06:58 UTC] [32mINFO[39m: [36mCreating tag[39m
    [35muserId[39m: "a486f5bd0a2a284c59557994836842db"
    [35mtagName[39m: "Super Admin Add Test"
    [35mcorrelationId[39m: "unknown"
[08:06:58 UTC] [32mINFO[39m: [36mTag created successfully[39m
    [35mtagId[39m: 897
    [35muserId[39m: "a486f5bd0a2a284c59557994836842db"
    [35mtagName[39m: "Super Admin Add Test"
[08:06:58 UTC] [32mINFO[39m: [36mTag created successfully[39m
    [35muserId[39m: "a486f5bd0a2a284c59557994836842db"
    [35mtagId[39m: 897
    [35mcorrelationId[39m: "unknown"
[08:06:58 UTC] [32mINFO[39m: [36mCreating tag[39m
    [35muserId[39m: "3eb88a59e1612df09901829c248887da"
    [35mtagName[39m: "Tag to Remove"
    [35mcorrelationId[39m: "unknown"
[08:06:58 UTC] [32mINFO[39m: [36mTag created successfully[39m
    [35mtagId[39m: 898
    [35muserId[39m: "3eb88a59e1612df09901829c248887da"
    [35mtagName[39m: "Tag to Remove"
[08:06:58 UTC] [32mINFO[39m: [36mTag created successfully[39m
    [35muserId[39m: "3eb88a59e1612df09901829c248887da"
    [35mtagId[39m: 898
    [35mcorrelationId[39m: "unknown"
[08:06:58 UTC] [32mINFO[39m: [36mRedis connected to localhost:6379[39m
[08:06:58 UTC] [32mINFO[39m: [36mRedis ready[39m
 [32m✓[39m tests/BE-P2-001-tags-crud.spec.ts[2m > [22mBE-P2-001: Backend Tags CRUD[2m > [22mPOST /api/tags - Create Tag[2m > [22mshould create tag with default color if not provided[32m 9[2mms[22m[39m
 [32m✓[39m tests/BE-P2-001-tags-crud.spec.ts[2m > [22mBE-P2-001: Backend Tags CRUD[2m > [22mPOST /api/tags - Create Tag[2m > [22mshould reject invalid color format[32m 9[2mms[22m[39m
 [32m✓[39m tests/BE-P2-001-tags-crud.spec.ts[2m > [22mBE-P2-001: Backend Tags CRUD[2m > [22mPOST /api/tags - Create Tag[2m > [22mshould reject empty tag name[32m 15[2mms[22m[39m
 [32m✓[39m tests/BE-P2-001-tags-crud.spec.ts[2m > [22mBE-P2-001: Backend Tags CRUD[2m > [22mPOST /api/tags - Create Tag[2m > [22mshould allow all roles to create tags (admin)[32m 7[2mms[22m[39m
 [32m✓[39m tests/BE-P2-001-tags-crud.spec.ts[2m > [22mBE-P2-001: Backend Tags CRUD[2m > [22mPOST /api/tags - Create Tag[2m > [22mshould allow all roles to create tags (manager)[32m 7[2mms[22m[39m
 [32m✓[39m tests/BE-P2-001-tags-crud.spec.ts[2m > [22mBE-P2-001: Backend Tags CRUD[2m > [22mPOST /api/tags - Create Tag[2m > [22mshould allow all roles to create tags (user)[32m 6[2mms[22m[39m
 [32m✓[39m tests/BE-P2-001-tags-crud.spec.ts[2m > [22mBE-P2-001: Backend Tags CRUD[2m > [22mPOST /api/tags - Create Tag[2m > [22mshould allow all roles to create tags (super_admin)[32m 8[2mms[22m[39m
 [31m×[39m tests/BE-P2-001-tags-crud.spec.ts[2m > [22mBE-P2-001: Backend Tags CRUD[2m > [22mPOST /api/conversations/:id/tags - Add Tag to Conversation[2m > [22mshould require authentication[32m 5[2mms[22m[39m
[31m   → expected 404 to be 401 // Object.is equality[39m
 [31m×[39m tests/BE-P2-001-tags-crud.spec.ts[2m > [22mBE-P2-001: Backend Tags CRUD[2m > [22mPOST /api/conversations/:id/tags - Add Tag to Conversation[2m > [22mshould add tag to conversation[32m 1[2mms[22m[39m
[31m   → expected 404 to be 201 // Object.is equality[39m
 [31m×[39m tests/BE-P2-001-tags-crud.spec.ts[2m > [22mBE-P2-001: Backend Tags CRUD[2m > [22mPOST /api/conversations/:id/tags - Add Tag to Conversation[2m > [22mshould be idempotent - adding same tag twice[32m 2[2mms[22m[39m
[31m   → expected 404 to be 201 // Object.is equality[39m
 [31m×[39m tests/BE-P2-001-tags-crud.spec.ts[2m > [22mBE-P2-001: Backend Tags CRUD[2m > [22mPOST /api/conversations/:id/tags - Add Tag to Conversation[2m > [22mshould reject invalid tagId[32m 2[2mms[22m[39m
[31m   → expected 404 to be 400 // Object.is equality[39m
 [32m✓[39m tests/BE-P2-001-tags-crud.spec.ts[2m > [22mBE-P2-001: Backend Tags CRUD[2m > [22mPOST /api/conversations/:id/tags - Add Tag to Conversation[2m > [22mshould reject non-existent tag[32m 2[2mms[22m[39m
 [31m×[39m tests/BE-P2-001-tags-crud.spec.ts[2m > [22mBE-P2-001: Backend Tags CRUD[2m > [22mPOST /api/conversations/:id/tags - Add Tag to Conversation[2m > [22mshould allow all roles to add tags[32m 10[2mms[22m[39m
[31m   → expected 404 to be 201 // Object.is equality[39m
 [31m×[39m tests/BE-P2-001-tags-crud.spec.ts[2m > [22mBE-P2-001: Backend Tags CRUD[2m > [22mPOST /api/conversations/:id/tags - Add Tag to Conversation[2m > [22mshould allow super_admin to add tags[32m 8[2mms[22m[39m
[31m   → expected 404 to be 201 // Object.is equality[39m
[08:06:58 UTC] [32mINFO[39m: [36mCreating tag[39m
    [35muserId[39m: "3eb88a59e1612df09901829c248887da"
    [35mtagName[39m: "Manager Remove Test"
    [35mcorrelationId[39m: "unknown"
[08:06:58 UTC] [32mINFO[39m: [36mTag created successfully[39m
    [35mtagId[39m: 899
    [35muserId[39m: "3eb88a59e1612df09901829c248887da"
    [35mtagName[39m: "Manager Remove Test"
[08:06:58 UTC] [32mINFO[39m: [36mTag created successfully[39m
    [35muserId[39m: "3eb88a59e1612df09901829c248887da"
    [35mtagId[39m: 899
    [35mcorrelationId[39m: "unknown"
[08:06:58 UTC] [32mINFO[39m: [36mCreating tag[39m
    [35muserId[39m: "a486f5bd0a2a284c59557994836842db"
    [35mtagName[39m: "Super Admin Remove Test"
    [35mcorrelationId[39m: "unknown"
[08:06:58 UTC] [32mINFO[39m: [36mTag created successfully[39m
    [35mtagId[39m: 900
    [35muserId[39m: "a486f5bd0a2a284c59557994836842db"
    [35mtagName[39m: "Super Admin Remove Test"
[08:06:58 UTC] [32mINFO[39m: [36mTag created successfully[39m
    [35muserId[39m: "a486f5bd0a2a284c59557994836842db"
    [35mtagId[39m: 900
    [35mcorrelationId[39m: "unknown"
[08:06:58 UTC] [33mWARN[39m: [36mINTEGRATION_CREDENTIALS_ENCRYPTION_KEY not set; DB credential storage disabled[39m
    [35mfeature[39m: "encryption"
[08:06:58 UTC] [32mINFO[39m: [36mCreating tag[39m
    [35muserId[39m: "3eb88a59e1612df09901829c248887da"
    [35mtagName[39m: "Format Test"
    [35mcorrelationId[39m: "unknown"
[08:06:58 UTC] [32mINFO[39m: [36mTag created successfully[39m
    [35mtagId[39m: 901
    [35muserId[39m: "3eb88a59e1612df09901829c248887da"
    [35mtagName[39m: "Format Test"
[08:06:58 UTC] [32mINFO[39m: [36mTag created successfully[39m
    [35muserId[39m: "3eb88a59e1612df09901829c248887da"
    [35mtagId[39m: 901
    [35mcorrelationId[39m: "unknown"
 [31m×[39m tests/BE-P2-001-tags-crud.spec.ts[2m > [22mBE-P2-001: Backend Tags CRUD[2m > [22mDELETE /api/conversations/:id/tags/:tagId - Remove Tag[2m > [22mshould require authentication[32m 3[2mms[22m[39m
[31m   → expected 404 to be 401 // Object.is equality[39m
 [31m×[39m tests/BE-P2-001-tags-crud.spec.ts[2m > [22mBE-P2-001: Backend Tags CRUD[2m > [22mDELETE /api/conversations/:id/tags/:tagId - Remove Tag[2m > [22mshould remove tag from conversation[32m 2[2mms[22m[39m
[31m   → expected 404 to be 200 // Object.is equality[39m
 [31m×[39m tests/BE-P2-001-tags-crud.spec.ts[2m > [22mBE-P2-001: Backend Tags CRUD[2m > [22mDELETE /api/conversations/:id/tags/:tagId - Remove Tag[2m > [22mshould handle gracefully if tag not on conversation[32m 2[2mms[22m[39m
[31m   → expected 404 to be 200 // Object.is equality[39m
 [31m×[39m tests/BE-P2-001-tags-crud.spec.ts[2m > [22mBE-P2-001: Backend Tags CRUD[2m > [22mDELETE /api/conversations/:id/tags/:tagId - Remove Tag[2m > [22mshould allow all roles to remove tags[32m 5[2mms[22m[39m
[31m   → expected 404 to be 200 // Object.is equality[39m
 [31m×[39m tests/BE-P2-001-tags-crud.spec.ts[2m > [22mBE-P2-001: Backend Tags CRUD[2m > [22mDELETE /api/conversations/:id/tags/:tagId - Remove Tag[2m > [22mshould allow super_admin to remove tags[32m 4[2mms[22m[39m
[31m   → expected 404 to be 200 // Object.is equality[39m
 [32m✓[39m tests/BE-P2-001-tags-crud.spec.ts[2m > [22mBE-P2-001: Backend Tags CRUD[2m > [22mResponse Format[2m > [22mshould return tags array in correct format[32m 5[2mms[22m[39m
[08:06:58 UTC] [32mINFO[39m: [36mBulk action requested[39m
    [35mcorrelationId[39m: "unknown"
    [35muserId[39m: "1fd1dfd29884276f81b54cd8a9bb534c"
    [35maction[39m: "assign"
    [35mcount[39m: 2
[08:06:58 UTC] [32mINFO[39m: [36mBulk assign complete[39m
    [35mcorrelationId[39m: "unknown"
    [35msuccessCount[39m: 2
    [35mfailureCount[39m: 0
[08:06:58 UTC] [32mINFO[39m: [36mBulk action completed[39m
    [35mcorrelationId[39m: "unknown"
    [35maction[39m: "assign"
    [35msuccessCount[39m: 2
    [35mfailureCount[39m: 0
[08:06:58 UTC] [33mWARN[39m: [36mBulk action denied: insufficient role[39m
    [35mcorrelationId[39m: "unknown"
    [35muserId[39m: "fde990bf3bb9ee681a788fd218112e81"
    [35muserRole[39m: "user"
[08:06:58 UTC] [32mINFO[39m: [36mRedis connected to localhost:6379[39m
[08:06:58 UTC] [33mWARN[39m: [36mINTEGRATION_CREDENTIALS_ENCRYPTION_KEY not set; DB credential storage disabled[39m
    [35mfeature[39m: "encryption"
[08:06:58 UTC] [32mINFO[39m: [36mRedis ready[39m
 [32m✓[39m tests/bulkActions-controller.spec.ts[2m > [22mBulk Actions Controller[2m > [22mPOST /api/conversations/bulk[2m > [22mBulk Assign[2m > [22mshould bulk assign conversations for manager[32m 77[2mms[22m[39m
 [32m✓[39m tests/bulkActions-controller.spec.ts[2m > [22mBulk Actions Controller[2m > [22mPOST /api/conversations/bulk[2m > [22mBulk Assign[2m > [22mshould reject bulk assign for non-manager user[32m 8[2mms[22m[39m
[08:06:58 UTC] [32mINFO[39m: [36mConnector registered[39m
    [35mplatform[39m: "telegram"
[08:06:58 UTC] [33mWARN[39m: [36mUpdating message status after failure[39m
    [35mmessageId[39m: "550e8400-e29b-41d4-a716-446655440001"
    [35mconversationId[39m: "conv-123"
    [35mplatform[39m: "telegram"
    [35mattempt[39m: 1
    [35mmaxAttempts[39m: 3
    [35mnextRetryTime[39m: "2026-02-20T08:07:58.212Z"
    error: "Network error"
[08:06:58 UTC] [33mWARN[39m: [36mWebSocket gateway not initialized, skipping emit[39m
    [35mevent[39m: "message.failed"
[08:06:58 UTC] [32mINFO[39m: [36mScheduling message retry[39m
    [35mmessageId[39m: "550e8400-e29b-41d4-a716-446655440001"
    [35mconversationId[39m: "conv-123"
    [35mplatform[39m: "telegram"
    [35mattempt[39m: 1
    [35mnextRetryTime[39m: "2026-02-20T08:07:58.212Z"
[08:06:58 UTC] [33mWARN[39m: [36mWebSocket gateway not initialized, skipping emit[39m
    [35mevent[39m: "message.retry.scheduled"
 [32m✓[39m src/__tests__/ircIntegration.spec.ts[2m > [22mINT-005: IRC Status Client[2m > [22mInitialization[2m > [22mshould initialize with disconnected status[32m 6[2mms[22m[39m
 [32m✓[39m src/__tests__/ircIntegration.spec.ts[2m > [22mINT-005: IRC Status Client[2m > [22mInitialization[2m > [22mshould have valid ISO-8601 timestamps[32m 0[2mms[22m[39m
 [32m✓[39m src/__tests__/ircIntegration.spec.ts[2m > [22mINT-005: IRC Status Client[2m > [22mStatus Transitions[2m > [22mshould transition to retrying with attempt tracking[32m 1[2mms[22m[39m
 [32m✓[39m src/__tests__/ircIntegration.spec.ts[2m > [22mINT-005: IRC Status Client[2m > [22mStatus Transitions[2m > [22mshould transition to connected and reset attempt count[32m 1[2mms[22m[39m
 [32m✓[39m src/__tests__/ircIntegration.spec.ts[2m > [22mINT-005: IRC Status Client[2m > [22mStatus Transitions[2m > [22mshould track multiple attempt increments[32m 4[2mms[22m[39m
 [32m✓[39m src/__tests__/ircIntegration.spec.ts[2m > [22mINT-005: IRC Status Client[2m > [22mStatus Transitions[2m > [22mshould transition to failed after max attempts exhausted[32m 0[2mms[22m[39m
 [32m✓[39m src/__tests__/ircIntegration.spec.ts[2m > [22mINT-005: IRC Status Client[2m > [22mStatus Transitions[2m > [22mshould handle error messages without exposing secrets[32m 0[2mms[22m[39m
 [32m✓[39m src/__tests__/ircIntegration.spec.ts[2m > [22mINT-005: IRC Status Client[2m > [22mStatus Transitions[2m > [22mshould clear attempt count on disconnected status[32m 0[2mms[22m[39m
 [32m✓[39m src/__tests__/ircIntegration.spec.ts[2m > [22mINT-005: IRC Status Client[2m > [22mStatus Transitions[2m > [22mshould update lastConnectedAt to most recent successful connection time[32m 1[2mms[22m[39m
 [32m✓[39m src/__tests__/ircIntegration.spec.ts[2m > [22mINT-005: IRC Status Client[2m > [22mReset Functionality[2m > [22mshould reset status to disconnected while preserving history[32m 0[2mms[22m[39m
 [32m✓[39m src/__tests__/ircIntegration.spec.ts[2m > [22mINT-005: IRC Status Client[2m > [22mState Immutability[2m > [22mshould return a copy, not a reference[32m 0[2mms[22m[39m
 [32m✓[39m src/__tests__/ircIntegration.spec.ts[2m > [22mINT-005: IRC Status Client[2m > [22mSingleton Pattern (if using getInstance)[2m > [22mshould return the same instance on multiple calls[32m 0[2mms[22m[39m
 [32m✓[39m src/__tests__/ircIntegration.spec.ts[2m > [22mINT-005: IRC Status Client[2m > [22mSingleton Pattern (if using getInstance)[2m > [22mshould maintain state across singleton instances[32m 0[2mms[22m[39m
 [32m✓[39m src/__tests__/ircIntegration.spec.ts[2m > [22mINT-009: IRC Integration Service[2m > [22mgetConnectionStatus[2m > [22mshould return current status from status client[32m 0[2mms[22m[39m
 [32m✓[39m src/__tests__/ircIntegration.spec.ts[2m > [22mINT-009: IRC Integration Service[2m > [22mgetConnectionStatus[2m > [22mshould work even when IRC is unconfigured[32m 0[2mms[22m[39m
 [32m✓[39m src/__tests__/ircIntegration.spec.ts[2m > [22mINT-009: IRC Integration Service[2m > [22mgetConnectionStatus[2m > [22mshould not expose sensitive configuration[32m 0[2mms[22m[39m
 [32m✓[39m src/__tests__/ircIntegration.spec.ts[2m > [22mINT-009: IRC Integration Service[2m > [22mgetConnectionStatus[2m > [22mshould handle error gracefully and return default status[32m 0[2mms[22m[39m
 [32m✓[39m src/__tests__/ircIntegration.spec.ts[2m > [22mINT-009: IRC Integration Service[2m > [22mStatus Model Compliance (INT-005)[2m > [22mshould return valid IRCConnectionStatusModel[32m 0[2mms[22m[39m
 [32m✓[39m src/__tests__/ircIntegration.spec.ts[2m > [22mINT-009: IRC Integration Service[2m > [22mStatus Model Compliance (INT-005)[2m > [22mshould have valid status values[32m 0[2mms[22m[39m
 [32m✓[39m src/__tests__/ircIntegration.spec.ts[2m > [22mINT-009: IRC Integration Service[2m > [22mStatus Model Compliance (INT-005)[2m > [22mshould have valid attempt count range[32m 0[2mms[22m[39m
 [32m✓[39m src/__tests__/ircIntegration.spec.ts[2m > [22mINT-009: IRC Integration Service[2m > [22mStatus Model Compliance (INT-005)[2m > [22mshould have valid ISO-8601 timestamp[32m 0[2mms[22m[39m
 [32m✓[39m src/__tests__/ircIntegration.spec.ts[2m > [22mINT-009: IRC Integration Service[2m > [22mStatus Model Compliance (INT-005)[2m > [22mshould have optional reconnectIncidentId[32m 0[2mms[22m[39m
 [32m✓[39m src/__tests__/ircIntegration.spec.ts[2m > [22mINT-009: IRC Integration Service[2m > [22mReal-time Status Tracking[2m > [22mshould reflect status changes immediately[32m 0[2mms[22m[39m
 [32m✓[39m src/__tests__/ircIntegration.spec.ts[2m > [22mINT-009: IRC Integration Service[2m > [22mReal-time Status Tracking[2m > [22mshould track reconnection incident through multiple attempts[32m 0[2mms[22m[39m
 [32m✓[39m src/services/__tests__/message-queue-retry-failures.spec.ts[2m > [22mMessage Queue - Retry Logic with Mock Failures[2m > [22mshould retry failed message after 1 minute (first retry)[32m 5[2mms[22m[39m
 [32m✓[39m src/services/__tests__/message-queue-retry-failures.spec.ts[2m > [22mMessage Queue - Retry Logic with Mock Failures[2m > [22mshould retry failed message after 5 minutes (second retry)[32m 6[2mms[22m[39m
 [32m✓[39m src/services/__tests__/message-queue-retry-failures.spec.ts[2m > [22mMessage Queue - Retry Logic with Mock Failures[2m > [22mshould retry failed message after 30 minutes (third retry)[32m 4[2mms[22m[39m
 [32m✓[39m src/services/__tests__/message-queue-retry-failures.spec.ts[2m > [22mMessage Queue - Retry Logic with Mock Failures[2m > [22mshould move message to DLQ after 3 failed attempts[32m 1[2mms[22m[39m
 [32m✓[39m src/services/__tests__/message-queue-retry-failures.spec.ts[2m > [22mMessage Queue - Retry Logic with Mock Failures[2m > [22mshould allow manual retry from DLQ[32m 0[2mms[22m[39m
 [32m✓[39m src/services/__tests__/message-queue-retry-failures.spec.ts[2m > [22mMessage Queue - Retry Logic with Mock Failures[2m > [22mshould track different failure reasons[32m 1[2mms[22m[39m
 [32m✓[39m src/services/__tests__/message-queue-retry-failures.spec.ts[2m > [22mMessage Queue - Retry Logic with Mock Failures[2m > [22mshould handle concurrent retry operations[32m 13[2mms[22m[39m
 [32m✓[39m src/services/__tests__/message-queue-retry-failures.spec.ts[2m > [22mMessage Queue - Retry Logic with Mock Failures[2m > [22mshould handle retries across different platforms[32m 1[2mms[22m[39m
 [32m✓[39m src/services/__tests__/message-queue-retry-failures.spec.ts[2m > [22mMessage Queue - Retry Logic with Mock Failures[2m > [22mshould calculate accurate delivery statistics[32m 4[2mms[22m[39m
 [32m✓[39m src/services/__tests__/message-queue-retry-failures.spec.ts[2m > [22mMessage Queue - Retry Logic with Mock Failures[2m > [22mshould use correct exponential backoff delays[32m 1[2mms[22m[39m
 [32m✓[39m src/services/__tests__/message-queue-retry-failures.spec.ts[2m > [22mMessage Queue - Retry Logic with Mock Failures[2m > [22mshould persist error messages across retries[32m 0[2mms[22m[39m
 [32m✓[39m src/services/__tests__/message-queue-retry-failures.spec.ts[2m > [22mMessage Queue - Retry Logic with Mock Failures[2m > [22mshould handle Telegram-specific errors[32m 0[2mms[22m[39m
 [32m✓[39m src/services/__tests__/message-queue-retry-failures.spec.ts[2m > [22mMessage Queue - Retry Logic with Mock Failures[2m > [22mshould handle IRC-specific connection failures[32m 0[2mms[22m[39m
 [32m✓[39m src/services/__tests__/message-queue-retry-failures.spec.ts[2m > [22mMessage Queue - Retry Logic with Mock Failures[2m > [22mshould complete full retry lifecycle from send to DLQ[32m 1[2mms[22m[39m
 [32m✓[39m src/services/__tests__/message-queue-retry-failures.spec.ts[2m > [22mMessage Queue - Retry Logic with Mock Failures[2m > [22mshould emit WebSocket events during retry lifecycle[32m 0[2mms[22m[39m
[08:06:58 UTC] [32mINFO[39m: [36mBulk action requested[39m
    [35mcorrelationId[39m: "unknown"
    [35muserId[39m: "1fd1dfd29884276f81b54cd8a9bb534c"
    [35maction[39m: "assign"
    [35mcount[39m: 2
[08:06:58 UTC] [33mWARN[39m: [36mFailed to bulk assign conversation[39m
    [35mcorrelationId[39m: "unknown"
    [35mconversationId[39m: "invalid-1771574818238"
    error: "Failed query: update \"conversations\" set \"assigned_user_id\" = $1, \"updated_at\" = $2 where \"conversations\".\"id\" = $3 returning \"id\", \"channel\", \"external_thread_id\", \"title\", \"status\", \"priority\", \"assigned_user_id\", \"metadata\", \"created_at\", \"updated_at\", \"last_activity_at\"\nparams: 1fd1dfd29884276f81b54cd8a9bb534c,2026-02-20T08:06:58.261Z,invalid-1771574818238"
[08:06:58 UTC] [32mINFO[39m: [36mBulk assign complete[39m
    [35mcorrelationId[39m: "unknown"
    [35msuccessCount[39m: 1
    [35mfailureCount[39m: 1
[08:06:58 UTC] [32mINFO[39m: [36mBulk action completed[39m
    [35mcorrelationId[39m: "unknown"
    [35maction[39m: "assign"
    [35msuccessCount[39m: 1
    [35mfailureCount[39m: 1
[08:06:58 UTC] [32mINFO[39m: [36mBulk action requested[39m
    [35mcorrelationId[39m: "unknown"
    [35muserId[39m: "1fd1dfd29884276f81b54cd8a9bb534c"
    [35maction[39m: "tag"
    [35mcount[39m: 2
[08:06:58 UTC] [32mINFO[39m: [36mBulk action completed[39m
    [35mcorrelationId[39m: "unknown"
    [35maction[39m: "tag"
    [35msuccessCount[39m: 0
    [35mfailureCount[39m: 2
[08:06:58 UTC] [32mINFO[39m: [36mBulk action requested[39m
    [35mcorrelationId[39m: "unknown"
    [35muserId[39m: "1fd1dfd29884276f81b54cd8a9bb534c"
    [35maction[39m: "tag"
    [35mcount[39m: 2
[08:06:58 UTC] [32mINFO[39m: [36mBulk action requested[39m
    [35mcorrelationId[39m: "unknown"
    [35muserId[39m: "1fd1dfd29884276f81b54cd8a9bb534c"
    [35maction[39m: "tag"
    [35mcount[39m: 2
[08:06:58 UTC] [32mINFO[39m: [36mBulk action completed[39m
    [35mcorrelationId[39m: "unknown"
    [35maction[39m: "tag"
    [35msuccessCount[39m: 0
    [35mfailureCount[39m: 2
[08:06:58 UTC] [32mINFO[39m: [36mBulk action requested[39m
    [35mcorrelationId[39m: "unknown"
    [35muserId[39m: "1fd1dfd29884276f81b54cd8a9bb534c"
    [35maction[39m: "status"
    [35mcount[39m: 2
[08:06:58 UTC] [32mINFO[39m: [36mRedis connected to localhost:6379[39m
[08:06:58 UTC] [32mINFO[39m: [36mRedis ready[39m
[08:06:58 UTC] [32mINFO[39m: [36mMessage enqueued for delivery[39m
    [35mjobId[39m: "msg-550e8400-e29b-41d4-a716-446655440001"
    [35mmessageId[39m: "550e8400-e29b-41d4-a716-446655440001"
    [35mconversationId[39m: "550e8400-e29b-41d4-a716-446655440002"
    [35mplatform[39m: "telegram"
[08:06:58 UTC] [32mINFO[39m: [36mAll message queues drained[39m
[08:06:58 UTC] [31mERROR[39m: [36mFailed to enqueue message - validation error[39m
    [35mpayload[39m: {
      "conversationId": "550e8400-e29b-41d4-a716-446655440002",
      "recipientId": "550e8400-e29b-41d4-a716-446655440003",
      "body": "Test message",
      "direction": "outbound",
      "platformType": "telegram",
      "retryCount": 0
    }
    error: {
      "type": "ZodError",
      "message": "[\n  {\n    \"expected\": \"string\",\n    \"code\": \"invalid_type\",\n    \"path\": [\n      \"messageId\"\n    ],\n    \"message\": \"Invalid input: expected string, received undefined\"\n  }\n]",
      "stack":
          ZodError: [
            {
              "expected": "string",
              "code": "invalid_type",
              "path": [
                "messageId"
              ],
              "message": "Invalid input: expected string, received undefined"
            }
          ]
              at MessageQueueService.enqueueMessage (/Users/chris.sim/Projects/yacc/.worktrees/fix-dlq-270/packages/backend/src/services/message-queue.service.ts:95:53)
              at /Users/chris.sim/Projects/yacc/.worktrees/fix-dlq-270/packages/backend/src/services/__tests__/message-queue.spec.ts:66:40
              at file:///Users/chris.sim/Projects/yacc/.worktrees/fix-dlq-270/node_modules/.pnpm/@vitest+runner@4.0.18/node_modules/@vitest/runner/dist/index.js:145:11
              at file:///Users/chris.sim/Projects/yacc/.worktrees/fix-dlq-270/node_modules/.pnpm/@vitest+runner@4.0.18/node_modules/@vitest/runner/dist/index.js:915:26
              at file:///Users/chris.sim/Projects/yacc/.worktrees/fix-dlq-270/node_modules/.pnpm/@vitest+runner@4.0.18/node_modules/@vitest/runner/dist/index.js:1243:20
              at new Promise (<anonymous>)
              at runWithTimeout (file:///Users/chris.sim/Projects/yacc/.worktrees/fix-dlq-270/node_modules/.pnpm/@vitest+runner@4.0.18/node_modules/@vitest/runner/dist/index.js:1209:10)
              at file:///Users/chris.sim/Projects/yacc/.worktrees/fix-dlq-270/node_modules/.pnpm/@vitest+runner@4.0.18/node_modules/@vitest/runner/dist/index.js:1653:37
              at Traces.$ (file:///Users/chris.sim/Projects/yacc/.worktrees/fix-dlq-270/node_modules/.pnpm/vitest@4.0.18_@types+node@20.19.32_@vitest+ui@4.0.18_happy-dom@20.5.0_jiti@2.6.1_lightningcss_ouzvtrkb6dcjaxbhdekkhqpg3e/node_modules/vitest/dist/chunks/traces.CCmnQaNT.js:142:27)
              at trace (file:///Users/chris.sim/Projects/yacc/.worktrees/fix-dlq-270/node_modules/.pnpm/vitest@4.0.18_@types+node@20.19.32_@vitest+ui@4.0.18_happy-dom@20.5.0_jiti@2.6.1_lightningcss_ouzvtrkb6dcjaxbhdekkhqpg3e/node_modules/vitest/dist/chunks/test.B8ej_ZHS.js:239:21)
      "name": "ZodError"
    }
[08:06:58 UTC] [32mINFO[39m: [36mAll message queues drained[39m
[08:06:58 UTC] [31mERROR[39m: [36mFailed to enqueue message - validation error[39m
    [35mpayload[39m: {
      "messageId": "not-a-uuid",
      "conversationId": "550e8400-e29b-41d4-a716-446655440002",
      "recipientId": "550e8400-e29b-41d4-a716-446655440003",
      "body": "Test message",
      "direction": "outbound",
      "platformType": "telegram",
      "retryCount": 0
    }
    error: {
      "type": "ZodError",
      "message": "[\n  {\n    \"origin\": \"string\",\n    \"code\": \"invalid_format\",\n    \"format\": \"uuid\",\n    \"pattern\": \"/^([0-9a-fA-F]{8}-[0-9a-fA-F]{4}-[1-8][0-9a-fA-F]{3}-[89abAB][0-9a-fA-F]{3}-[0-9a-fA-F]{12}|00000000-0000-0000-0000-000000000000|ffffffff-ffff-ffff-ffff-ffffffffffff)$/\",\n    \"path\": [\n      \"messageId\"\n    ],\n    \"message\": \"Invalid message ID\"\n  }\n]",
      "stack":
          ZodError: [
            {
              "origin": "string",
              "code": "invalid_format",
              "format": "uuid",
              "pattern": "/^([0-9a-fA-F]{8}-[0-9a-fA-F]{4}-[1-8][0-9a-fA-F]{3}-[89abAB][0-9a-fA-F]{3}-[0-9a-fA-F]{12}|00000000-0000-0000-0000-000000000000|ffffffff-ffff-ffff-ffff-ffffffffffff)$/",
              "path": [
                "messageId"
              ],
              "message": "Invalid message ID"
            }
          ]
              at MessageQueueService.enqueueMessage (/Users/chris.sim/Projects/yacc/.worktrees/fix-dlq-270/packages/backend/src/services/message-queue.service.ts:95:53)
              at /Users/chris.sim/Projects/yacc/.worktrees/fix-dlq-270/packages/backend/src/services/__tests__/message-queue.spec.ts:80:40
              at file:///Users/chris.sim/Projects/yacc/.worktrees/fix-dlq-270/node_modules/.pnpm/@vitest+runner@4.0.18/node_modules/@vitest/runner/dist/index.js:145:11
              at file:///Users/chris.sim/Projects/yacc/.worktrees/fix-dlq-270/node_modules/.pnpm/@vitest+runner@4.0.18/node_modules/@vitest/runner/dist/index.js:915:26
              at file:///Users/chris.sim/Projects/yacc/.worktrees/fix-dlq-270/node_modules/.pnpm/@vitest+runner@4.0.18/node_modules/@vitest/runner/dist/index.js:1243:20
              at new Promise (<anonymous>)
              at runWithTimeout (file:///Users/chris.sim/Projects/yacc/.worktrees/fix-dlq-270/node_modules/.pnpm/@vitest+runner@4.0.18/node_modules/@vitest/runner/dist/index.js:1209:10)
              at file:///Users/chris.sim/Projects/yacc/.worktrees/fix-dlq-270/node_modules/.pnpm/@vitest+runner@4.0.18/node_modules/@vitest/runner/dist/index.js:1653:37
              at Traces.$ (file:///Users/chris.sim/Projects/yacc/.worktrees/fix-dlq-270/node_modules/.pnpm/vitest@4.0.18_@types+node@20.19.32_@vitest+ui@4.0.18_happy-dom@20.5.0_jiti@2.6.1_lightningcss_ouzvtrkb6dcjaxbhdekkhqpg3e/node_modules/vitest/dist/chunks/traces.CCmnQaNT.js:142:27)
              at trace (file:///Users/chris.sim/Projects/yacc/.worktrees/fix-dlq-270/node_modules/.pnpm/vitest@4.0.18_@types+node@20.19.32_@vitest+ui@4.0.18_happy-dom@20.5.0_jiti@2.6.1_lightningcss_ouzvtrkb6dcjaxbhdekkhqpg3e/node_modules/vitest/dist/chunks/test.B8ej_ZHS.js:239:21)
      "name": "ZodError"
    }
[08:06:58 UTC] [32mINFO[39m: [36mAll message queues drained[39m
[08:06:58 UTC] [31mERROR[39m: [36mFailed to enqueue message - validation error[39m
    [35mpayload[39m: {
      "messageId": "550e8400-e29b-41d4-a716-446655440001",
      "conversationId": "550e8400-e29b-41d4-a716-446655440002",
      "recipientId": "550e8400-e29b-41d4-a716-446655440003",
      "body": "Test message",
      "direction": "invalid",
      "platformType": "telegram",
      "retryCount": 0
    }
    error: {
      "type": "ZodError",
      "message": "[\n  {\n    \"code\": \"invalid_value\",\n    \"values\": [\n      \"inbound\",\n      \"outbound\"\n    ],\n    \"path\": [\n      \"direction\"\n    ],\n    \"message\": \"Invalid option: expected one of \\\"inbound\\\"|\\\"outbound\\\"\"\n  }\n]",
      "stack":
          ZodError: [
            {
              "code": "invalid_value",
              "values": [
                "inbound",
                "outbound"
              ],
              "path": [
                "direction"
              ],
              "message": "Invalid option: expected one of \"inbound\"|\"outbound\""
            }
          ]
              at MessageQueueService.enqueueMessage (/Users/chris.sim/Projects/yacc/.worktrees/fix-dlq-270/packages/backend/src/services/message-queue.service.ts:95:53)
              at /Users/chris.sim/Projects/yacc/.worktrees/fix-dlq-270/packages/backend/src/services/__tests__/message-queue.spec.ts:94:40
              at file:///Users/chris.sim/Projects/yacc/.worktrees/fix-dlq-270/node_modules/.pnpm/@vitest+runner@4.0.18/node_modules/@vitest/runner/dist/index.js:145:11
              at file:///Users/chris.sim/Projects/yacc/.worktrees/fix-dlq-270/node_modules/.pnpm/@vitest+runner@4.0.18/node_modules/@vitest/runner/dist/index.js:915:26
              at file:///Users/chris.sim/Projects/yacc/.worktrees/fix-dlq-270/node_modules/.pnpm/@vitest+runner@4.0.18/node_modules/@vitest/runner/dist/index.js:1243:20
              at new Promise (<anonymous>)
              at runWithTimeout (file:///Users/chris.sim/Projects/yacc/.worktrees/fix-dlq-270/node_modules/.pnpm/@vitest+runner@4.0.18/node_modules/@vitest/runner/dist/index.js:1209:10)
              at file:///Users/chris.sim/Projects/yacc/.worktrees/fix-dlq-270/node_modules/.pnpm/@vitest+runner@4.0.18/node_modules/@vitest/runner/dist/index.js:1653:37
              at Traces.$ (file:///Users/chris.sim/Projects/yacc/.worktrees/fix-dlq-270/node_modules/.pnpm/vitest@4.0.18_@types+node@20.19.32_@vitest+ui@4.0.18_happy-dom@20.5.0_jiti@2.6.1_lightningcss_ouzvtrkb6dcjaxbhdekkhqpg3e/node_modules/vitest/dist/chunks/traces.CCmnQaNT.js:142:27)
              at trace (file:///Users/chris.sim/Projects/yacc/.worktrees/fix-dlq-270/node_modules/.pnpm/vitest@4.0.18_@types+node@20.19.32_@vitest+ui@4.0.18_happy-dom@20.5.0_jiti@2.6.1_lightningcss_ouzvtrkb6dcjaxbhdekkhqpg3e/node_modules/vitest/dist/chunks/test.B8ej_ZHS.js:239:21)
      "name": "ZodError"
    }
[08:06:58 UTC] [32mINFO[39m: [36mAll message queues drained[39m
[08:06:58 UTC] [31mERROR[39m: [36mFailed to enqueue message - validation error[39m
    [35mpayload[39m: {
      "messageId": "550e8400-e29b-41d4-a716-446655440001",
      "conversationId": "550e8400-e29b-41d4-a716-446655440002",
      "recipientId": "550e8400-e29b-41d4-a716-446655440003",
      "body": "Test message",
      "direction": "outbound",
      "platformType": "slack",
      "retryCount": 0
    }
    error: {
      "type": "ZodError",
      "message": "[\n  {\n    \"code\": \"invalid_value\",\n    \"values\": [\n      \"telegram\",\n      \"irc\",\n      \"whatsapp\",\n      \"weChat\",\n      \"meta\",\n      \"twitter\"\n    ],\n    \"path\": [\n      \"platformType\"\n    ],\n    \"message\": \"Invalid option: expected one of \\\"telegram\\\"|\\\"irc\\\"|\\\"whatsapp\\\"|\\\"weChat\\\"|\\\"meta\\\"|\\\"twitter\\\"\"\n  }\n]",
      "stack":
          ZodError: [
            {
              "code": "invalid_value",
              "values": [
                "telegram",
                "irc",
                "whatsapp",
                "weChat",
                "meta",
                "twitter"
              ],
              "path": [
                "platformType"
              ],
              "message": "Invalid option: expected one of \"telegram\"|\"irc\"|\"whatsapp\"|\"weChat\"|\"meta\"|\"twitter\""
            }
          ]
              at MessageQueueService.enqueueMessage (/Users/chris.sim/Projects/yacc/.worktrees/fix-dlq-270/packages/backend/src/services/message-queue.service.ts:95:53)
              at /Users/chris.sim/Projects/yacc/.worktrees/fix-dlq-270/packages/backend/src/services/__tests__/message-queue.spec.ts:108:40
              at file:///Users/chris.sim/Projects/yacc/.worktrees/fix-dlq-270/node_modules/.pnpm/@vitest+runner@4.0.18/node_modules/@vitest/runner/dist/index.js:145:11
              at file:///Users/chris.sim/Projects/yacc/.worktrees/fix-dlq-270/node_modules/.pnpm/@vitest+runner@4.0.18/node_modules/@vitest/runner/dist/index.js:915:26
              at file:///Users/chris.sim/Projects/yacc/.worktrees/fix-dlq-270/node_modules/.pnpm/@vitest+runner@4.0.18/node_modules/@vitest/runner/dist/index.js:1243:20
              at new Promise (<anonymous>)
              at runWithTimeout (file:///Users/chris.sim/Projects/yacc/.worktrees/fix-dlq-270/node_modules/.pnpm/@vitest+runner@4.0.18/node_modules/@vitest/runner/dist/index.js:1209:10)
              at file:///Users/chris.sim/Projects/yacc/.worktrees/fix-dlq-270/node_modules/.pnpm/@vitest+runner@4.0.18/node_modules/@vitest/runner/dist/index.js:1653:37
              at Traces.$ (file:///Users/chris.sim/Projects/yacc/.worktrees/fix-dlq-270/node_modules/.pnpm/vitest@4.0.18_@types+node@20.19.32_@vitest+ui@4.0.18_happy-dom@20.5.0_jiti@2.6.1_lightningcss_ouzvtrkb6dcjaxbhdekkhqpg3e/node_modules/vitest/dist/chunks/traces.CCmnQaNT.js:142:27)
              at trace (file:///Users/chris.sim/Projects/yacc/.worktrees/fix-dlq-270/node_modules/.pnpm/vitest@4.0.18_@types+node@20.19.32_@vitest+ui@4.0.18_happy-dom@20.5.0_jiti@2.6.1_lightningcss_ouzvtrkb6dcjaxbhdekkhqpg3e/node_modules/vitest/dist/chunks/test.B8ej_ZHS.js:239:21)
      "name": "ZodError"
    }
[08:06:58 UTC] [32mINFO[39m: [36mAll message queues drained[39m
[08:06:58 UTC] [31mERROR[39m: [36mFailed to enqueue message - validation error[39m
    [35mpayload[39m: {
      "messageId": "550e8400-e29b-41d4-a716-446655440001",
      "conversationId": "550e8400-e29b-41d4-a716-446655440002",
      "recipientId": "550e8400-e29b-41d4-a716-446655440003",
      "body": "Test message",
      "direction": "outbound",
      "platformType": "telegram",
      "retryCount": 5
    }
    error: {
      "type": "ZodError",
      "message": "[\n  {\n    \"origin\": \"number\",\n    \"code\": \"too_big\",\n    \"maximum\": 3,\n    \"inclusive\": true,\n    \"path\": [\n      \"retryCount\"\n    ],\n    \"message\": \"Retry count cannot exceed 3\"\n  }\n]",
      "stack":
          ZodError: [
            {
              "origin": "number",
              "code": "too_big",
              "maximum": 3,
              "inclusive": true,
              "path": [
                "retryCount"
              ],
              "message": "Retry count cannot exceed 3"
            }
          ]
              at MessageQueueService.enqueueMessage (/Users/chris.sim/Projects/yacc/.worktrees/fix-dlq-270/packages/backend/src/services/message-queue.service.ts:95:53)
              at /Users/chris.sim/Projects/yacc/.worktrees/fix-dlq-270/packages/backend/src/services/__tests__/message-queue.spec.ts:122:40
              at file:///Users/chris.sim/Projects/yacc/.worktrees/fix-dlq-270/node_modules/.pnpm/@vitest+runner@4.0.18/node_modules/@vitest/runner/dist/index.js:145:11
              at file:///Users/chris.sim/Projects/yacc/.worktrees/fix-dlq-270/node_modules/.pnpm/@vitest+runner@4.0.18/node_modules/@vitest/runner/dist/index.js:915:26
              at file:///Users/chris.sim/Projects/yacc/.worktrees/fix-dlq-270/node_modules/.pnpm/@vitest+runner@4.0.18/node_modules/@vitest/runner/dist/index.js:1243:20
              at new Promise (<anonymous>)
              at runWithTimeout (file:///Users/chris.sim/Projects/yacc/.worktrees/fix-dlq-270/node_modules/.pnpm/@vitest+runner@4.0.18/node_modules/@vitest/runner/dist/index.js:1209:10)
              at file:///Users/chris.sim/Projects/yacc/.worktrees/fix-dlq-270/node_modules/.pnpm/@vitest+runner@4.0.18/node_modules/@vitest/runner/dist/index.js:1653:37
              at Traces.$ (file:///Users/chris.sim/Projects/yacc/.worktrees/fix-dlq-270/node_modules/.pnpm/vitest@4.0.18_@types+node@20.19.32_@vitest+ui@4.0.18_happy-dom@20.5.0_jiti@2.6.1_lightningcss_ouzvtrkb6dcjaxbhdekkhqpg3e/node_modules/vitest/dist/chunks/traces.CCmnQaNT.js:142:27)
              at trace (file:///Users/chris.sim/Projects/yacc/.worktrees/fix-dlq-270/node_modules/.pnpm/vitest@4.0.18_@types+node@20.19.32_@vitest+ui@4.0.18_happy-dom@20.5.0_jiti@2.6.1_lightningcss_ouzvtrkb6dcjaxbhdekkhqpg3e/node_modules/vitest/dist/chunks/test.B8ej_ZHS.js:239:21)
      "name": "ZodError"
    }
[08:06:58 UTC] [32mINFO[39m: [36mAll message queues drained[39m
 [32m✓[39m tests/be-003-better-auth.spec.ts[2m > [22mBE-003: BetterAuth Implementation[2m > [22mSign In (Login)[2m > [22mshould successfully login with valid credentials[32m 18[2mms[22m[39m
 [32m✓[39m tests/be-003-better-auth.spec.ts[2m > [22mBE-003: BetterAuth Implementation[2m > [22mSign In (Login)[2m > [22mshould return 401 for invalid credentials[32m 0[2mms[22m[39m
 [32m✓[39m tests/be-003-better-auth.spec.ts[2m > [22mBE-003: BetterAuth Implementation[2m > [22mSign In (Login)[2m > [22mshould return 401 for missing password[32m 0[2mms[22m[39m
 [32m✓[39m tests/be-003-better-auth.spec.ts[2m > [22mBE-003: BetterAuth Implementation[2m > [22mSign In (Login)[2m > [22mshould include user role in login response[32m 2[2mms[22m[39m
 [32m✓[39m tests/be-003-better-auth.spec.ts[2m > [22mBE-003: BetterAuth Implementation[2m > [22mSign In (Login)[2m > [22mshould include user status in login response[32m 1[2mms[22m[39m
 [32m✓[39m tests/be-003-better-auth.spec.ts[2m > [22mBE-003: BetterAuth Implementation[2m > [22mSign Out (Logout)[2m > [22mshould successfully logout and return 204[32m 0[2mms[22m[39m
 [32m✓[39m tests/be-003-better-auth.spec.ts[2m > [22mBE-003: BetterAuth Implementation[2m > [22mSign Out (Logout)[2m > [22mshould invalidate session after logout[32m 0[2mms[22m[39m
 [32m✓[39m tests/be-003-better-auth.spec.ts[2m > [22mBE-003: BetterAuth Implementation[2m > [22mGet Session[2m > [22mshould return session for authenticated user[32m 1[2mms[22m[39m
 [32m✓[39m tests/be-003-better-auth.spec.ts[2m > [22mBE-003: BetterAuth Implementation[2m > [22mGet Session[2m > [22mshould return 401 when authorization header is missing[32m 0[2mms[22m[39m
 [32m✓[39m tests/be-003-better-auth.spec.ts[2m > [22mBE-003: BetterAuth Implementation[2m > [22mGet Session[2m > [22mshould return 401 for invalid token[32m 0[2mms[22m[39m
 [32m✓[39m tests/be-003-better-auth.spec.ts[2m > [22mBE-003: BetterAuth Implementation[2m > [22mSecurity: Error Messages[2m > [22mshould not reveal which field failed during login[32m 0[2mms[22m[39m
 [32m✓[39m tests/be-003-better-auth.spec.ts[2m > [22mBE-003: BetterAuth Implementation[2m > [22mUser Types in Response[2m > [22mshould include all required user fields in login response[32m 0[2mms[22m[39m
 [32m✓[39m tests/be-003-better-auth.spec.ts[2m > [22mBE-003: BetterAuth Implementation[2m > [22mUser Types in Response[2m > [22mshould return tokens as strings[32m 0[2mms[22m[39m
[08:06:58 UTC] [32mINFO[39m: [36mMessage enqueued for delivery[39m
    [35mjobId[39m: "msg-550e8400-e29b-41d4-a716-446655440001"
    [35mmessageId[39m: "550e8400-e29b-41d4-a716-446655440001"
    [35mconversationId[39m: "550e8400-e29b-41d4-a716-446655440002"
    [35mplatform[39m: "telegram"
[08:06:58 UTC] [32mINFO[39m: [36mMessage enqueued for delivery[39m
    [35mjobId[39m: "msg-550e8400-e29b-41d4-a716-446655440001"
    [35mmessageId[39m: "550e8400-e29b-41d4-a716-446655440001"
    [35mconversationId[39m: "550e8400-e29b-41d4-a716-446655440002"
    [35mplatform[39m: "telegram"
[08:06:58 UTC] [32mINFO[39m: [36mBulk status update complete[39m
    [35mcorrelationId[39m: "unknown"
    [35msuccessCount[39m: 2
    [35mfailureCount[39m: 0
[08:06:58 UTC] [32mINFO[39m: [36mBulk action completed[39m
    [35mcorrelationId[39m: "unknown"
    [35maction[39m: "status"
    [35msuccessCount[39m: 2
    [35mfailureCount[39m: 0
[08:06:58 UTC] [32mINFO[39m: [36mAll message queues drained[39m
[08:06:58 UTC] [32mINFO[39m: [36mMessage enqueued for delivery[39m
    [35mjobId[39m: "msg-550e8400-e29b-41d4-a716-446655440001"
    [35mmessageId[39m: "550e8400-e29b-41d4-a716-446655440001"
    [35mconversationId[39m: "550e8400-e29b-41d4-a716-446655440002"
    [35mplatform[39m: "telegram"
[08:06:58 UTC] [32mINFO[39m: [36mAll message queues drained[39m
[08:06:58 UTC] [32mINFO[39m: [36mAll message queues drained[39m
[08:06:58 UTC] [32mINFO[39m: [36mBulk action requested[39m
    [35mcorrelationId[39m: "unknown"
    [35muserId[39m: "1fd1dfd29884276f81b54cd8a9bb534c"
    [35maction[39m: "status"
    [35mcount[39m: 2
 [32m✓[39m tests/bulkActions-controller.spec.ts[2m > [22mBulk Actions Controller[2m > [22mPOST /api/conversations/bulk[2m > [22mBulk Assign[2m > [22mshould reject without authentication[32m 31[2mms[22m[39m
 [32m✓[39m tests/bulkActions-controller.spec.ts[2m > [22mBulk Actions Controller[2m > [22mPOST /api/conversations/bulk[2m > [22mBulk Assign[2m > [22mshould return partial failures for invalid conversations[32m 29[2mms[22m[39m
 [31m×[39m tests/bulkActions-controller.spec.ts[2m > [22mBulk Actions Controller[2m > [22mPOST /api/conversations/bulk[2m > [22mBulk Tag[2m > [22mshould bulk tag conversations[32m 22[2mms[22m[39m
[31m   → expected +0 to be 2 // Object.is equality[39m
 [32m✓[39m tests/bulkActions-controller.spec.ts[2m > [22mBulk Actions Controller[2m > [22mPOST /api/conversations/bulk[2m > [22mBulk Tag[2m > [22mshould reject invalid tag ID (not a number)[32m 8[2mms[22m[39m
 [32m✓[39m tests/bulkActions-controller.spec.ts[2m > [22mBulk Actions Controller[2m > [22mPOST /api/conversations/bulk[2m > [22mBulk Tag[2m > [22mshould reject for non-existent tag[32m 6[2mms[22m[39m
 [32m✓[39m tests/bulkActions-controller.spec.ts[2m > [22mBulk Actions Controller[2m > [22mPOST /api/conversations/bulk[2m > [22mBulk Status Update[2m > [22mshould bulk update conversation status[32m 17[2mms[22m[39m
 [32m✓[39m tests/bulkActions-controller.spec.ts[2m > [22mBulk Actions Controller[2m > [22mPOST /api/conversations/bulk[2m > [22mBulk Status Update[2m > [22mshould reject invalid status value[32m 10[2mms[22m[39m
[08:06:58 UTC] [32mINFO[39m: [36mMessage enqueued for delivery[39m
    [35mjobId[39m: "msg-550e8400-e29b-41d4-a716-446655440001"
    [35mmessageId[39m: "550e8400-e29b-41d4-a716-446655440001"
    [35mconversationId[39m: "550e8400-e29b-41d4-a716-446655440002"
    [35mplatform[39m: "telegram"
[08:06:58 UTC] [32mINFO[39m: [36mAll message queues drained[39m
[08:06:58 UTC] [32mINFO[39m: [36mMessage enqueued for delivery[39m
    [35mjobId[39m: "msg-550e8400-e29b-41d4-a716-446655440001"
    [35mmessageId[39m: "550e8400-e29b-41d4-a716-446655440001"
    [35mconversationId[39m: "550e8400-e29b-41d4-a716-446655440002"
    [35mplatform[39m: "telegram"
[08:06:58 UTC] [32mINFO[39m: [36mBulk action requested[39m
    [35mcorrelationId[39m: "unknown"
    [35muserId[39m: "1fd1dfd29884276f81b54cd8a9bb534c"
    [35maction[39m: "status"
    [35mcount[39m: 1
[08:06:58 UTC] [32mINFO[39m: [36mAll message queues drained[39m
[08:06:58 UTC] [32mINFO[39m: [36mAll message queues drained[39m
[08:06:58 UTC] [32mINFO[39m: [36mBulk status update complete[39m
    [35mcorrelationId[39m: "unknown"
    [35msuccessCount[39m: 1
    [35mfailureCount[39m: 0
[08:06:58 UTC] [32mINFO[39m: [36mBulk action completed[39m
    [35mcorrelationId[39m: "unknown"
    [35maction[39m: "status"
    [35msuccessCount[39m: 1
    [35mfailureCount[39m: 0
[08:06:58 UTC] [32mINFO[39m: [36mAll message queues drained[39m
[08:06:58 UTC] [32mINFO[39m: [36mBulk action requested[39m
    [35mcorrelationId[39m: "unknown"
    [35muserId[39m: "1fd1dfd29884276f81b54cd8a9bb534c"
    [35maction[39m: "status"
    [35mcount[39m: 1
[08:06:58 UTC] [32mINFO[39m: [36mAll message queues drained[39m
[08:06:58 UTC] [32mINFO[39m: [36mAll message queues drained[39m
[08:06:58 UTC] [32mINFO[39m: [36mBulk status update complete[39m
    [35mcorrelationId[39m: "unknown"
    [35msuccessCount[39m: 1
    [35mfailureCount[39m: 0
[08:06:58 UTC] [32mINFO[39m: [36mBulk action completed[39m
    [35mcorrelationId[39m: "unknown"
    [35maction[39m: "status"
    [35msuccessCount[39m: 1
    [35mfailureCount[39m: 0
[08:06:58 UTC] [32mINFO[39m: [36mAll message queues drained[39m
[08:06:58 UTC] [33mWARN[39m: [36mDLQ entry not found[39m
    [35mmessageId[39m: "550e8400-e29b-41d4-a716-446655440001"
[08:06:58 UTC] [31mERROR[39m: [36mFailed to retry DLQ entry[39m
    [35mmessageId[39m: "550e8400-e29b-41d4-a716-446655440001"
    error: {
      "type": "Error",
      "message": "DLQ entry not found for message: 550e8400-e29b-41d4-a716-446655440001",
      "stack":
          Error: DLQ entry not found for message: 550e8400-e29b-41d4-a716-446655440001
              at MessageQueueDLQService.retryDLQEntry (/Users/chris.sim/Projects/yacc/.worktrees/fix-dlq-270/packages/backend/src/services/message-queue-dlq.service.ts:100:15)
              at processTicksAndRejections (node:internal/process/task_queues:105:5)
              at MessageQueueDLQService.bulkRetryDLQEntries (/Users/chris.sim/Projects/yacc/.worktrees/fix-dlq-270/packages/backend/src/services/message-queue-dlq.service.ts:313:11)
              at /Users/chris.sim/Projects/yacc/.worktrees/fix-dlq-270/packages/backend/src/services/__tests__/message-queue.spec.ts:279:22
              at file:///Users/chris.sim/Projects/yacc/.worktrees/fix-dlq-270/node_modules/.pnpm/@vitest+runner@4.0.18/node_modules/@vitest/runner/dist/index.js:915:20
    }
[08:06:58 UTC] [32mINFO[39m: [36mBulk retry completed[39m
    [35mtotal[39m: 1
    [35msuccessful[39m: 0
    [35mfailed[39m: 1
[08:06:58 UTC] [32mINFO[39m: [36mAll message queues drained[39m
[08:06:58 UTC] [32mINFO[39m: [36mCleaned up old DLQ entries[39m
    [35molderThanDays[39m: 0
    [35mclearedCount[39m: 0
[08:06:58 UTC] [32mINFO[39m: [36mBulk action requested[39m
    [35mcorrelationId[39m: "unknown"
    [35muserId[39m: "1fd1dfd29884276f81b54cd8a9bb534c"
    [35maction[39m: "status"
    [35mcount[39m: 1
[08:06:58 UTC] [32mINFO[39m: [36mAll message queues drained[39m
[08:06:58 UTC] [32mINFO[39m: [36mMessage enqueued for delivery[39m
    [35mjobId[39m: "msg-550e8400-e29b-41d4-a716-446655440001"
    [35mmessageId[39m: "550e8400-e29b-41d4-a716-446655440001"
    [35mconversationId[39m: "550e8400-e29b-41d4-a716-446655440002"
    [35mplatform[39m: "telegram"
[08:06:58 UTC] [32mINFO[39m: [36mAll message queues drained[39m
[08:06:58 UTC] [32mINFO[39m: [36mBulk status update complete[39m
    [35mcorrelationId[39m: "unknown"
    [35msuccessCount[39m: 1
    [35mfailureCount[39m: 0
[08:06:58 UTC] [32mINFO[39m: [36mBulk action completed[39m
    [35mcorrelationId[39m: "unknown"
    [35maction[39m: "status"
    [35msuccessCount[39m: 1
    [35mfailureCount[39m: 0
[08:06:58 UTC] [32mINFO[39m: [36mAll message queues drained[39m
[08:06:58 UTC] [32mINFO[39m: [36mAll message queues drained[39m
[08:06:58 UTC] [32mINFO[39m: [36mAll message queues drained[39m
[08:06:58 UTC] [32mINFO[39m: [36mAll message queues drained[39m
[08:06:58 UTC] [32mINFO[39m: [36mAll message queues drained[39m
[08:06:58 UTC] [31mERROR[39m: [36mFailed to enqueue message - validation error[39m
    [35mpayload[39m: {
      "messageId": "invalid-uuid",
      "conversationId": "also-invalid",
      "recipientId": "550e8400-e29b-41d4-a716-446655440003",
      "body": "",
      "direction": "invalid-direction",
      "platformType": "unsupported-platform",
      "retryCount": 999
    }
    error: {
      "type": "ZodError",
      "message": "[\n  {\n    \"origin\": \"string\",\n    \"code\": \"invalid_format\",\n    \"format\": \"uuid\",\n    \"pattern\": \"/^([0-9a-fA-F]{8}-[0-9a-fA-F]{4}-[1-8][0-9a-fA-F]{3}-[89abAB][0-9a-fA-F]{3}-[0-9a-fA-F]{12}|00000000-0000-0000-0000-000000000000|ffffffff-ffff-ffff-ffff-ffffffffffff)$/\",\n    \"path\": [\n      \"messageId\"\n    ],\n    \"message\": \"Invalid message ID\"\n  },\n  {\n    \"origin\": \"string\",\n    \"code\": \"invalid_format\",\n    \"format\": \"uuid\",\n    \"pattern\": \"/^([0-9a-fA-F]{8}-[0-9a-fA-F]{4}-[1-8][0-9a-fA-F]{3}-[89abAB][0-9a-fA-F]{3}-[0-9a-fA-F]{12}|00000000-0000-0000-0000-000000000000|ffffffff-ffff-ffff-ffff-ffffffffffff)$/\",\n    \"path\": [\n      \"conversationId\"\n    ],\n    \"message\": \"Invalid conversation ID\"\n  },\n  {\n    \"origin\": \"string\",\n    \"code\": \"too_small\",\n    \"minimum\": 1,\n    \"inclusive\": true,\n    \"path\": [\n      \"body\"\n    ],\n    \"message\": \"Message body required\"\n  },\n  {\n    \"code\": \"invalid_value\",\n    \"values\": [\n      \"inbound\",\n      \"outbound\"\n    ],\n    \"path\": [\n      \"direction\"\n    ],\n    \"message\": \"Invalid option: expected one of \\\"inbound\\\"|\\\"outbound\\\"\"\n  },\n  {\n    \"code\": \"invalid_value\",\n    \"values\": [\n      \"telegram\",\n      \"irc\",\n      \"whatsapp\",\n      \"weChat\",\n      \"meta\",\n      \"twitter\"\n    ],\n    \"path\": [\n      \"platformType\"\n    ],\n    \"message\": \"Invalid option: expected one of \\\"telegram\\\"|\\\"irc\\\"|\\\"whatsapp\\\"|\\\"weChat\\\"|\\\"meta\\\"|\\\"twitter\\\"\"\n  },\n  {\n    \"origin\": \"number\",\n    \"code\": \"too_big\",\n    \"maximum\": 3,\n    \"inclusive\": true,\n    \"path\": [\n      \"retryCount\"\n    ],\n    \"message\": \"Retry count cannot exceed 3\"\n  }\n]",
      "stack":
          ZodError: [
            {
              "origin": "string",
              "code": "invalid_format",
              "format": "uuid",
              "pattern": "/^([0-9a-fA-F]{8}-[0-9a-fA-F]{4}-[1-8][0-9a-fA-F]{3}-[89abAB][0-9a-fA-F]{3}-[0-9a-fA-F]{12}|00000000-0000-0000-0000-000000000000|ffffffff-ffff-ffff-ffff-ffffffffffff)$/",
              "path": [
                "messageId"
              ],
              "message": "Invalid message ID"
            },
            {
              "origin": "string",
              "code": "invalid_format",
              "format": "uuid",
              "pattern": "/^([0-9a-fA-F]{8}-[0-9a-fA-F]{4}-[1-8][0-9a-fA-F]{3}-[89abAB][0-9a-fA-F]{3}-[0-9a-fA-F]{12}|00000000-0000-0000-0000-000000000000|ffffffff-ffff-ffff-ffff-ffffffffffff)$/",
              "path": [
                "conversationId"
              ],
              "message": "Invalid conversation ID"
            },
            {
              "origin": "string",
              "code": "too_small",
              "minimum": 1,
              "inclusive": true,
              "path": [
                "body"
              ],
              "message": "Message body required"
            },
            {
              "code": "invalid_value",
              "values": [
                "inbound",
                "outbound"
              ],
              "path": [
                "direction"
              ],
              "message": "Invalid option: expected one of \"inbound\"|\"outbound\""
            },
            {
              "code": "invalid_value",
              "values": [
                "telegram",
                "irc",
                "whatsapp",
                "weChat",
                "meta",
                "twitter"
              ],
              "path": [
                "platformType"
              ],
              "message": "Invalid option: expected one of \"telegram\"|\"irc\"|\"whatsapp\"|\"weChat\"|\"meta\"|\"twitter\""
            },
            {
              "origin": "number",
              "code": "too_big",
              "maximum": 3,
              "inclusive": true,
              "path": [
                "retryCount"
              ],
              "message": "Retry count cannot exceed 3"
            }
          ]
              at MessageQueueService.enqueueMessage (/Users/chris.sim/Projects/yacc/.worktrees/fix-dlq-270/packages/backend/src/services/message-queue.service.ts:95:53)
              at /Users/chris.sim/Projects/yacc/.worktrees/fix-dlq-270/packages/backend/src/services/__tests__/message-queue.spec.ts:370:29
              at file:///Users/chris.sim/Projects/yacc/.worktrees/fix-dlq-270/node_modules/.pnpm/@vitest+runner@4.0.18/node_modules/@vitest/runner/dist/index.js:145:11
              at file:///Users/chris.sim/Projects/yacc/.worktrees/fix-dlq-270/node_modules/.pnpm/@vitest+runner@4.0.18/node_modules/@vitest/runner/dist/index.js:915:26
              at file:///Users/chris.sim/Projects/yacc/.worktrees/fix-dlq-270/node_modules/.pnpm/@vitest+runner@4.0.18/node_modules/@vitest/runner/dist/index.js:1243:20
              at new Promise (<anonymous>)
              at runWithTimeout (file:///Users/chris.sim/Projects/yacc/.worktrees/fix-dlq-270/node_modules/.pnpm/@vitest+runner@4.0.18/node_modules/@vitest/runner/dist/index.js:1209:10)
              at file:///Users/chris.sim/Projects/yacc/.worktrees/fix-dlq-270/node_modules/.pnpm/@vitest+runner@4.0.18/node_modules/@vitest/runner/dist/index.js:1653:37
              at Traces.$ (file:///Users/chris.sim/Projects/yacc/.worktrees/fix-dlq-270/node_modules/.pnpm/vitest@4.0.18_@types+node@20.19.32_@vitest+ui@4.0.18_happy-dom@20.5.0_jiti@2.6.1_lightningcss_ouzvtrkb6dcjaxbhdekkhqpg3e/node_modules/vitest/dist/chunks/traces.CCmnQaNT.js:142:27)
              at trace (file:///Users/chris.sim/Projects/yacc/.worktrees/fix-dlq-270/node_modules/.pnpm/vitest@4.0.18_@types+node@20.19.32_@vitest+ui@4.0.18_happy-dom@20.5.0_jiti@2.6.1_lightningcss_ouzvtrkb6dcjaxbhdekkhqpg3e/node_modules/vitest/dist/chunks/test.B8ej_ZHS.js:239:21)
      "name": "ZodError"
    }
[08:06:58 UTC] [32mINFO[39m: [36mAll message queues drained[39m
[08:06:58 UTC] [32mINFO[39m: [36mAll message queues drained[39m
[08:06:58 UTC] [32mINFO[39m: [36mMessage enqueued for delivery[39m
    [35mjobId[39m: "msg-550e8400-e29b-41d4-a716-446655440000"
    [35mmessageId[39m: "550e8400-e29b-41d4-a716-446655440000"
    [35mconversationId[39m: "550e8400-e29b-41d4-a716-446655440002"
    [35mplatform[39m: "telegram"
[08:06:58 UTC] [32mINFO[39m: [36mMessage enqueued for delivery[39m
    [35mjobId[39m: "msg-550e8400-e29b-41d4-a716-446655440001"
    [35mmessageId[39m: "550e8400-e29b-41d4-a716-446655440001"
    [35mconversationId[39m: "550e8400-e29b-41d4-a716-446655440002"
    [35mplatform[39m: "telegram"
[08:06:58 UTC] [32mINFO[39m: [36mMessage enqueued for delivery[39m
    [35mjobId[39m: "msg-550e8400-e29b-41d4-a716-446655440002"
    [35mmessageId[39m: "550e8400-e29b-41d4-a716-446655440002"
    [35mconversationId[39m: "550e8400-e29b-41d4-a716-446655440002"
    [35mplatform[39m: "telegram"
[08:06:58 UTC] [32mINFO[39m: [36mMessage enqueued for delivery[39m
    [35mjobId[39m: "msg-550e8400-e29b-41d4-a716-446655440003"
    [35mmessageId[39m: "550e8400-e29b-41d4-a716-446655440003"
    [35mconversationId[39m: "550e8400-e29b-41d4-a716-446655440002"
    [35mplatform[39m: "telegram"
[08:06:58 UTC] [32mINFO[39m: [36mMessage enqueued for delivery[39m
    [35mjobId[39m: "msg-550e8400-e29b-41d4-a716-446655440004"
    [35mmessageId[39m: "550e8400-e29b-41d4-a716-446655440004"
    [35mconversationId[39m: "550e8400-e29b-41d4-a716-446655440002"
    [35mplatform[39m: "telegram"
[08:06:58 UTC] [32mINFO[39m: [36mAll message queues drained[39m
[08:06:58 UTC] [32mINFO[39m: [36mMessage enqueued for delivery[39m
    [35mjobId[39m: "msg-550e8400-e29b-41d4-a716-446655440001"
    [35mmessageId[39m: "550e8400-e29b-41d4-a716-446655440001"
    [35mconversationId[39m: "550e8400-e29b-41d4-a716-446655440002"
    [35mplatform[39m: "telegram"
[08:06:58 UTC] [31mERROR[39m: [36mFailed to enqueue message - validation error[39m
    [35mpayload[39m: {
      "messageId": "invalid"
    }
    error: {
      "type": "ZodError",
      "message": "[\n  {\n    \"origin\": \"string\",\n    \"code\": \"invalid_format\",\n    \"format\": \"uuid\",\n    \"pattern\": \"/^([0-9a-fA-F]{8}-[0-9a-fA-F]{4}-[1-8][0-9a-fA-F]{3}-[89abAB][0-9a-fA-F]{3}-[0-9a-fA-F]{12}|00000000-0000-0000-0000-000000000000|ffffffff-ffff-ffff-ffff-ffffffffffff)$/\",\n    \"path\": [\n      \"messageId\"\n    ],\n    \"message\": \"Invalid message ID\"\n  },\n  {\n    \"expected\": \"string\",\n    \"code\": \"invalid_type\",\n    \"path\": [\n      \"conversationId\"\n    ],\n    \"message\": \"Invalid input: expected string, received undefined\"\n  },\n  {\n    \"expected\": \"string\",\n    \"code\": \"invalid_type\",\n    \"path\": [\n      \"recipientId\"\n    ],\n    \"message\": \"Invalid input: expected string, received undefined\"\n  },\n  {\n    \"expected\": \"string\",\n    \"code\": \"invalid_type\",\n    \"path\": [\n      \"body\"\n    ],\n    \"message\": \"Invalid input: expected string, received undefined\"\n  },\n  {\n    \"code\": \"invalid_value\",\n    \"values\": [\n      \"inbound\",\n      \"outbound\"\n    ],\n    \"path\": [\n      \"direction\"\n    ],\n    \"message\": \"Invalid option: expected one of \\\"inbound\\\"|\\\"outbound\\\"\"\n  },\n  {\n    \"code\": \"invalid_value\",\n    \"values\": [\n      \"telegram\",\n      \"irc\",\n      \"whatsapp\",\n      \"weChat\",\n      \"meta\",\n      \"twitter\"\n    ],\n    \"path\": [\n      \"platformType\"\n    ],\n    \"message\": \"Invalid option: expected one of \\\"telegram\\\"|\\\"irc\\\"|\\\"whatsapp\\\"|\\\"weChat\\\"|\\\"meta\\\"|\\\"twitter\\\"\"\n  },\n  {\n    \"expected\": \"number\",\n    \"code\": \"invalid_type\",\n    \"path\": [\n      \"retryCount\"\n    ],\n    \"message\": \"Invalid input: expected number, received undefined\"\n  }\n]",
      "stack":
          ZodError: [
            {
              "origin": "string",
              "code": "invalid_format",
              "format": "uuid",
              "pattern": "/^([0-9a-fA-F]{8}-[0-9a-fA-F]{4}-[1-8][0-9a-fA-F]{3}-[89abAB][0-9a-fA-F]{3}-[0-9a-fA-F]{12}|00000000-0000-0000-0000-000000000000|ffffffff-ffff-ffff-ffff-ffffffffffff)$/",
              "path": [
                "messageId"
              ],
              "message": "Invalid message ID"
            },
            {
              "expected": "string",
              "code": "invalid_type",
              "path": [
                "conversationId"
              ],
              "message": "Invalid input: expected string, received undefined"
            },
            {
              "expected": "string",
              "code": "invalid_type",
              "path": [
                "recipientId"
              ],
              "message": "Invalid input: expected string, received undefined"
            },
            {
              "expected": "string",
              "code": "invalid_type",
              "path": [
                "body"
              ],
              "message": "Invalid input: expected string, received undefined"
            },
            {
              "code": "invalid_value",
              "values": [
                "inbound",
                "outbound"
              ],
              "path": [
                "direction"
              ],
              "message": "Invalid option: expected one of \"inbound\"|\"outbound\""
            },
            {
              "code": "invalid_value",
              "values": [
                "telegram",
                "irc",
                "whatsapp",
                "weChat",
                "meta",
                "twitter"
              ],
              "path": [
                "platformType"
              ],
              "message": "Invalid option: expected one of \"telegram\"|\"irc\"|\"whatsapp\"|\"weChat\"|\"meta\"|\"twitter\""
            },
            {
              "expected": "number",
              "code": "invalid_type",
              "path": [
                "retryCount"
              ],
              "message": "Invalid input: expected number, received undefined"
            }
          ]
              at MessageQueueService.enqueueMessage (/Users/chris.sim/Projects/yacc/.worktrees/fix-dlq-270/packages/backend/src/services/message-queue.service.ts:95:53)
              at /Users/chris.sim/Projects/yacc/.worktrees/fix-dlq-270/packages/backend/src/services/__tests__/message-queue.spec.ts:424:40
              at processTicksAndRejections (node:internal/process/task_queues:105:5)
              at file:///Users/chris.sim/Projects/yacc/.worktrees/fix-dlq-270/node_modules/.pnpm/@vitest+runner@4.0.18/node_modules/@vitest/runner/dist/index.js:915:20
      "name": "ZodError"
    }
[08:06:58 UTC] [32mINFO[39m: [36mAll message queues drained[39m
[08:06:58 UTC] [32mINFO[39m: [36mMessage queue service closed[39m
[08:06:58 UTC] [32mINFO[39m: [36mAll message queues drained[39m
 [32m✓[39m src/services/__tests__/message-queue.spec.ts[2m > [22mMessage Queue Service[2m > [22menqueueMessage[2m > [22mshould enqueue a valid message for delivery[32m 14[2mms[22m[39m
 [32m✓[39m src/services/__tests__/message-queue.spec.ts[2m > [22mMessage Queue Service[2m > [22menqueueMessage[2m > [22mshould reject invalid payload - missing required field[32m 8[2mms[22m[39m
 [32m✓[39m src/services/__tests__/message-queue.spec.ts[2m > [22mMessage Queue Service[2m > [22menqueueMessage[2m > [22mshould reject invalid payload - invalid UUID[32m 3[2mms[22m[39m
 [32m✓[39m src/services/__tests__/message-queue.spec.ts[2m > [22mMessage Queue Service[2m > [22menqueueMessage[2m > [22mshould reject invalid payload - invalid direction[32m 2[2mms[22m[39m
 [32m✓[39m src/services/__tests__/message-queue.spec.ts[2m > [22mMessage Queue Service[2m > [22menqueueMessage[2m > [22mshould reject invalid payload - invalid platform[32m 3[2mms[22m[39m
 [32m✓[39m src/services/__tests__/message-queue.spec.ts[2m > [22mMessage Queue Service[2m > [22menqueueMessage[2m > [22mshould reject invalid payload - retry count exceeds max[32m 2[2mms[22m[39m
 [32m✓[39m src/services/__tests__/message-queue.spec.ts[2m > [22mMessage Queue Service[2m > [22menqueueMessage[2m > [22mshould create idempotent job ID based on message ID[32m 4[2mms[22m[39m
 [32m✓[39m src/services/__tests__/message-queue.spec.ts[2m > [22mMessage Queue Service[2m > [22menqueueMessage[2m > [22mshould support optional metadata[32m 4[2mms[22m[39m
 [32m✓[39m src/services/__tests__/message-queue.spec.ts[2m > [22mMessage Queue Service[2m > [22mgetQueueStatistics[2m > [22mshould return queue statistics with zero jobs initially[32m 4[2mms[22m[39m
 [32m✓[39m src/services/__tests__/message-queue.spec.ts[2m > [22mMessage Queue Service[2m > [22mgetQueueStatistics[2m > [22mshould include enqueued messages in statistics[32m 5[2mms[22m[39m
 [32m✓[39m src/services/__tests__/message-queue.spec.ts[2m > [22mMessage Queue Service[2m > [22mgetJob[2m > [22mshould retrieve an enqueued job by ID[32m 4[2mms[22m[39m
 [32m✓[39m src/services/__tests__/message-queue.spec.ts[2m > [22mMessage Queue Service[2m > [22mgetJob[2m > [22mshould return undefined for non-existent job[32m 2[2mms[22m[39m
 [32m✓[39m src/services/__tests__/message-queue.spec.ts[2m > [22mMessage Queue Service[2m > [22mDead-Letter Queue Service[2m > [22mshould retrieve DLQ entries[32m 3[2mms[22m[39m
 [32m✓[39m src/services/__tests__/message-queue.spec.ts[2m > [22mMessage Queue Service[2m > [22mDead-Letter Queue Service[2m > [22mshould get DLQ statistics[32m 3[2mms[22m[39m
 [32m✓[39m src/services/__tests__/message-queue.spec.ts[2m > [22mMessage Queue Service[2m > [22mDead-Letter Queue Service[2m > [22mshould analyze DLQ patterns[32m 2[2mms[22m[39m
 [32m✓[39m src/services/__tests__/message-queue.spec.ts[2m > [22mMessage Queue Service[2m > [22mDead-Letter Queue Service[2m > [22mshould get DLQ entries by failure reason[32m 2[2mms[22m[39m
 [32m✓[39m src/services/__tests__/message-queue.spec.ts[2m > [22mMessage Queue Service[2m > [22mDead-Letter Queue Service[2m > [22mshould bulk retry DLQ entries[32m 3[2mms[22m[39m
 [32m✓[39m src/services/__tests__/message-queue.spec.ts[2m > [22mMessage Queue Service[2m > [22mDead-Letter Queue Service[2m > [22mshould clear old DLQ entries[32m 2[2mms[22m[39m
 [32m✓[39m src/services/__tests__/message-queue.spec.ts[2m > [22mMessage Queue Service[2m > [22mdrainQueues[2m > [22mshould drain all queues without error[32m 5[2mms[22m[39m
 [32m✓[39m src/services/__tests__/message-queue.spec.ts[2m > [22mMessage Queue Service[2m > [22mRetry Configuration[2m > [22mshould have correct max attempts[32m 1[2mms[22m[39m
 [32m✓[39m src/services/__tests__/message-queue.spec.ts[2m > [22mMessage Queue Service[2m > [22mRetry Configuration[2m > [22mshould have correct backoff delays[32m 2[2mms[22m[39m
 [32m✓[39m src/services/__tests__/message-queue.spec.ts[2m > [22mMessage Queue Service[2m > [22mRetry Configuration[2m > [22mshould have correct concurrency setting[32m 1[2mms[22m[39m
 [32m✓[39m src/services/__tests__/message-queue.spec.ts[2m > [22mMessage Queue Service[2m > [22mRetry Configuration[2m > [22mshould have correct timeout setting[32m 1[2mms[22m[39m
 [32m✓[39m src/services/__tests__/message-queue.spec.ts[2m > [22mMessage Queue Service[2m > [22mError Handling[2m > [22mshould handle enqueue errors gracefully[32m 2[2mms[22m[39m
 [32m✓[39m src/services/__tests__/message-queue.spec.ts[2m > [22mMessage Queue Service[2m > [22mError Handling[2m > [22mshould handle missing job gracefully[32m 2[2mms[22m[39m
 [32m✓[39m src/services/__tests__/message-queue.spec.ts[2m > [22mMessage Queue Service[2m > [22mIntegration Scenarios[2m > [22mshould handle multiple concurrent enqueues[32m 2[2mms[22m[39m
 [32m✓[39m src/services/__tests__/message-queue.spec.ts[2m > [22mMessage Queue Service[2m > [22mIntegration Scenarios[2m > [22mshould handle mixed valid and invalid payloads[32m 2[2mms[22m[39m
 [32m✓[39m src/services/__tests__/message-queue.spec.ts[2m > [22mMessage Queue Service[2m > [22mService Cleanup[2m > [22mshould close service without error[32m 1[2mms[22m[39m
[08:06:58 UTC] [32mINFO[39m: [36mBulk action requested[39m
    [35mcorrelationId[39m: "unknown"
    [35muserId[39m: "1fd1dfd29884276f81b54cd8a9bb534c"
    [35maction[39m: "status"
    [35mcount[39m: 1
[08:06:58 UTC] [32mINFO[39m: [36mBulk status update complete[39m
    [35mcorrelationId[39m: "unknown"
    [35msuccessCount[39m: 1
    [35mfailureCount[39m: 0
[08:06:58 UTC] [32mINFO[39m: [36mBulk action completed[39m
    [35mcorrelationId[39m: "unknown"
    [35maction[39m: "status"
    [35msuccessCount[39m: 1
    [35mfailureCount[39m: 0
[08:06:58 UTC] [32mINFO[39m: [36mBulk action requested[39m
    [35mcorrelationId[39m: "unknown"
    [35muserId[39m: "1fd1dfd29884276f81b54cd8a9bb534c"
    [35maction[39m: "assign"
    [35mcount[39m: 1
[08:06:58 UTC] [33mWARN[39m: [36mFailed to bulk assign conversation[39m
    [35mcorrelationId[39m: "unknown"
    [35mconversationId[39m: "invalid-1771574818425"
    error: "Failed query: update \"conversations\" set \"assigned_user_id\" = $1, \"updated_at\" = $2 where \"conversations\".\"id\" = $3 returning \"id\", \"channel\", \"external_thread_id\", \"title\", \"status\", \"priority\", \"assigned_user_id\", \"metadata\", \"created_at\", \"updated_at\", \"last_activity_at\"\nparams: someone,2026-02-20T08:06:58.429Z,invalid-1771574818425"
 [32m✓[39m tests/bulkActions-controller.spec.ts[2m > [22mBulk Actions Controller[2m > [22mPOST /api/conversations/bulk[2m > [22mBulk Status Update[2m > [22mshould accept valid status values[32m 28[2mms[22m[39m
 [32m✓[39m tests/bulkActions-controller.spec.ts[2m > [22mBulk Actions Controller[2m > [22mPOST /api/conversations/bulk[2m > [22mInput Validation[2m > [22mshould reject missing conversationIds[32m 4[2mms[22m[39m
 [32m✓[39m tests/bulkActions-controller.spec.ts[2m > [22mBulk Actions Controller[2m > [22mPOST /api/conversations/bulk[2m > [22mInput Validation[2m > [22mshould reject non-array conversationIds[32m 5[2mms[22m[39m
 [32m✓[39m tests/bulkActions-controller.spec.ts[2m > [22mBulk Actions Controller[2m > [22mPOST /api/conversations/bulk[2m > [22mInput Validation[2m > [22mshould reject empty conversationIds array[32m 4[2mms[22m[39m
 [32m✓[39m tests/bulkActions-controller.spec.ts[2m > [22mBulk Actions Controller[2m > [22mPOST /api/conversations/bulk[2m > [22mInput Validation[2m > [22mshould reject more than 100 conversations[32m 8[2mms[22m[39m
 [32m✓[39m tests/bulkActions-controller.spec.ts[2m > [22mBulk Actions Controller[2m > [22mPOST /api/conversations/bulk[2m > [22mInput Validation[2m > [22mshould reject missing action[32m 5[2mms[22m[39m
 [32m✓[39m tests/bulkActions-controller.spec.ts[2m > [22mBulk Actions Controller[2m > [22mPOST /api/conversations/bulk[2m > [22mInput Validation[2m > [22mshould reject invalid action[32m 5[2mms[22m[39m
 [32m✓[39m tests/bulkActions-controller.spec.ts[2m > [22mBulk Actions Controller[2m > [22mPOST /api/conversations/bulk[2m > [22mInput Validation[2m > [22mshould reject missing data[32m 7[2mms[22m[39m
 [32m✓[39m tests/bulkActions-controller.spec.ts[2m > [22mBulk Actions Controller[2m > [22mPOST /api/conversations/bulk[2m > [22mResponse Format[2m > [22mshould return consistent response structure[32m 27[2mms[22m[39m
 [32m✓[39m tests/bulkActions-controller.spec.ts[2m > [22mBulk Actions Controller[2m > [22mPOST /api/conversations/bulk[2m > [22mResponse Format[2m > [22mfailures should contain id and reason[32m 7[2mms[22m[39m
[08:06:58 UTC] [32mINFO[39m: [36mBulk assign complete[39m
    [35mcorrelationId[39m: "unknown"
    [35msuccessCount[39m: 0
    [35mfailureCount[39m: 1
[08:06:58 UTC] [32mINFO[39m: [36mBulk action completed[39m
    [35mcorrelationId[39m: "unknown"
    [35maction[39m: "assign"
    [35msuccessCount[39m: 0
    [35mfailureCount[39m: 1
 [32m✓[39m tests/be-003-login-service.spec.ts[2m > [22mBE-003: Login Service[2m > [22mlogin()[2m > [22mshould successfully login with valid credentials[32m 21[2mms[22m[39m
 [32m✓[39m tests/be-003-login-service.spec.ts[2m > [22mBE-003: Login Service[2m > [22mlogin()[2m > [22mshould throw error for invalid email[32m 1[2mms[22m[39m
 [32m✓[39m tests/be-003-login-service.spec.ts[2m > [22mBE-003: Login Service[2m > [22mlogin()[2m > [22mshould throw error for missing password[32m 0[2mms[22m[39m
 [32m✓[39m tests/be-003-login-service.spec.ts[2m > [22mBE-003: Login Service[2m > [22mlogin()[2m > [22mshould throw error for missing email[32m 0[2mms[22m[39m
 [32m✓[39m tests/be-003-login-service.spec.ts[2m > [22mBE-003: Login Service[2m > [22mlogin()[2m > [22mshould prevent login for inactive user[32m 1[2mms[22m[39m
 [32m✓[39m tests/be-003-login-service.spec.ts[2m > [22mBE-003: Login Service[2m > [22mlogin()[2m > [22mshould prevent login for suspended user[32m 1[2mms[22m[39m
 [32m✓[39m tests/be-003-login-service.spec.ts[2m > [22mBE-003: Login Service[2m > [22mlogin()[2m > [22mshould not reveal which credential was invalid[32m 2[2mms[22m[39m
 [32m✓[39m tests/be-003-login-service.spec.ts[2m > [22mBE-003: Login Service[2m > [22mlogout()[2m > [22mshould successfully logout with valid token[32m 1[2mms[22m[39m
 [32m✓[39m tests/be-003-login-service.spec.ts[2m > [22mBE-003: Login Service[2m > [22mlogout()[2m > [22mshould throw error without token[32m 0[2mms[22m[39m
 [32m✓[39m tests/be-003-login-service.spec.ts[2m > [22mBE-003: Login Service[2m > [22mgetSession()[2m > [22mshould return session for valid token[32m 1[2mms[22m[39m
 [32m✓[39m tests/be-003-login-service.spec.ts[2m > [22mBE-003: Login Service[2m > [22mgetSession()[2m > [22mshould throw error for invalid token[32m 0[2mms[22m[39m
 [32m✓[39m tests/be-003-login-service.spec.ts[2m > [22mBE-003: Login Service[2m > [22mgetSession()[2m > [22mshould throw error without token[32m 0[2mms[22m[39m
 [32m✓[39m tests/be-003-login-service.spec.ts[2m > [22mBE-003: Login Service[2m > [22mSecurity: User Status Checks[2m > [22mshould only allow login for active users[32m 0[2mms[22m[39m
 [32m✓[39m tests/be-003-login-service.spec.ts[2m > [22mBE-003: Login Service[2m > [22mSecurity: User Status Checks[2m > [22mshould catch and report inactive status[32m 0[2mms[22m[39m
 [32m✓[39m tests/be-003-login-service.spec.ts[2m > [22mBE-003: Login Service[2m > [22mSecurity: User Status Checks[2m > [22mshould catch and report suspended status[32m 0[2mms[22m[39m
 [32m✓[39m tests/be-003-login-service.spec.ts[2m > [22mBE-003: Login Service[2m > [22mResponse Structure[2m > [22mshould return user with all required fields[32m 0[2mms[22m[39m
 [32m✓[39m tests/be-003-login-service.spec.ts[2m > [22mBE-003: Login Service[2m > [22mResponse Structure[2m > [22mshould return access and refresh tokens[32m 0[2mms[22m[39m
 [31m×[39m src/controllers/__tests__/dlq-rbac.spec.ts[2m > [22mDLQ Controller - RBAC Integration Tests[2m > [22mREAD Endpoints (manager, admin, super_admin allowed)[2m > [22mGET /api/dlq[2m > [22mshould return 401 when unauthenticated[32m 49[2mms[22m[39m
[31m   → expected { name: 'UnauthorizedError', …(2) } to have property "error"[39m
 [31m×[39m src/controllers/__tests__/dlq-rbac.spec.ts[2m > [22mDLQ Controller - RBAC Integration Tests[2m > [22mREAD Endpoints (manager, admin, super_admin allowed)[2m > [22mGET /api/dlq[2m > [22mshould return 403 when authenticated as user (insufficient role)[32m 9[2mms[22m[39m
[31m   → expected { name: 'AccessDeniedError', …(2) } to have property "error"[39m
 [32m✓[39m src/controllers/__tests__/dlq-rbac.spec.ts[2m > [22mDLQ Controller - RBAC Integration Tests[2m > [22mREAD Endpoints (manager, admin, super_admin allowed)[2m > [22mGET /api/dlq[2m > [22mshould return 200 when authenticated as manager[32m 11[2mms[22m[39m
 [32m✓[39m src/controllers/__tests__/dlq-rbac.spec.ts[2m > [22mDLQ Controller - RBAC Integration Tests[2m > [22mREAD Endpoints (manager, admin, super_admin allowed)[2m > [22mGET /api/dlq[2m > [22mshould return 200 when authenticated as admin[32m 8[2mms[22m[39m
 [32m✓[39m src/controllers/__tests__/dlq-rbac.spec.ts[2m > [22mDLQ Controller - RBAC Integration Tests[2m > [22mREAD Endpoints (manager, admin, super_admin allowed)[2m > [22mGET /api/dlq[2m > [22mshould return 200 when authenticated as super_admin[32m 7[2mms[22m[39m
 [31m×[39m src/controllers/__tests__/dlq-rbac.spec.ts[2m > [22mDLQ Controller - RBAC Integration Tests[2m > [22mREAD Endpoints (manager, admin, super_admin allowed)[2m > [22mGET /api/dlq/stats[2m > [22mshould return 401 when unauthenticated[32m 2[2mms[22m[39m
[31m   → expected { name: 'UnauthorizedError', …(2) } to have property "error"[39m
 [31m×[39m src/controllers/__tests__/dlq-rbac.spec.ts[2m > [22mDLQ Controller - RBAC Integration Tests[2m > [22mREAD Endpoints (manager, admin, super_admin allowed)[2m > [22mGET /api/dlq/stats[2m > [22mshould return 403 when authenticated as user[32m 5[2mms[22m[39m
[31m   → expected { name: 'AccessDeniedError', …(2) } to have property "error"[39m
 [32m✓[39m src/controllers/__tests__/dlq-rbac.spec.ts[2m > [22mDLQ Controller - RBAC Integration Tests[2m > [22mREAD Endpoints (manager, admin, super_admin allowed)[2m > [22mGET /api/dlq/stats[2m > [22mshould return 200 when authenticated as manager[32m 9[2mms[22m[39m
[08:06:58 UTC] [33mWARN[39m: [36mDLQ entry not found[39m
    [35mcorrelationId[39m: "unknown"
    [35mdlqId[39m: "0dc37af0-d54c-4fd7-a8d2-3ab8e7f383bf"
    [35muserId[39m: "0ea95be6c7b5ed2a0cd6a995f1504869"
[08:06:58 UTC] [33mWARN[39m: [36mDLQ entry not found[39m
    [35mcorrelationId[39m: "unknown"
    [35mdlqId[39m: "0dc37af0-d54c-4fd7-a8d2-3ab8e7f383bf"
    [35muserId[39m: "f654846fec9f1f9df4f1fe6ecf9bbcf2"
[08:06:58 UTC] [33mWARN[39m: [36mDLQ entry not found for deletion[39m
    [35mcorrelationId[39m: "unknown"
    [35mdlqId[39m: "0dc37af0-d54c-4fd7-a8d2-3ab8e7f383bf"
    [35muserId[39m: "f654846fec9f1f9df4f1fe6ecf9bbcf2"
[08:06:58 UTC] [32mINFO[39m: [36mBulk action requested[39m
    [35mcorrelationId[39m: "unknown"
    [35muserId[39m: "a385f816b1a8a779f842f98aeebafeb3"
    [35maction[39m: "assign"
    [35mcount[39m: 1
 [32m✓[39m tests/bulkActions-controller.spec.ts[2m > [22mBulk Actions Controller[2m > [22mPOST /api/conversations/bulk[2m > [22mRBAC Enforcement[2m > [22mshould allow admin to bulk assign[32m 163[2mms[22m[39m
 [32m✓[39m src/services/websocket/__tests__/event-handlers.spec.ts[2m > [22mhandleConversationUpdated[2m > [22mshould broadcast conversation.updated with valid payload[32m 5[2mms[22m[39m
 [32m✓[39m src/services/websocket/__tests__/event-handlers.spec.ts[2m > [22mhandleConversationUpdated[2m > [22mshould reject invalid conversation ID[32m 2[2mms[22m[39m
 [32m✓[39m src/services/websocket/__tests__/event-handlers.spec.ts[2m > [22mhandleConversationUpdated[2m > [22mshould reject missing changedBy[32m 0[2mms[22m[39m
 [32m✓[39m src/services/websocket/__tests__/event-handlers.spec.ts[2m > [22mhandleMessageSent[2m > [22mshould broadcast message.sent with valid payload[32m 1[2mms[22m[39m
 [32m✓[39m src/services/websocket/__tests__/event-handlers.spec.ts[2m > [22mhandleMessageSent[2m > [22mshould reject invalid message ID[32m 0[2mms[22m[39m
 [32m✓[39m src/services/websocket/__tests__/event-handlers.spec.ts[2m > [22mhandleMessageFailed[2m > [22mshould broadcast message.failed with valid payload[32m 0[2mms[22m[39m
 [32m✓[39m src/services/websocket/__tests__/event-handlers.spec.ts[2m > [22mhandleMessageFailed[2m > [22mshould reject attempt > 3[32m 0[2mms[22m[39m
 [32m✓[39m src/services/websocket/__tests__/event-handlers.spec.ts[2m > [22mhandleTypingStarted[2m > [22mshould broadcast typing.started with valid payload[32m 0[2mms[22m[39m
 [32m✓[39m src/services/websocket/__tests__/event-handlers.spec.ts[2m > [22mhandleTypingStarted[2m > [22mshould reject empty name[32m 0[2mms[22m[39m
 [32m✓[39m src/services/websocket/__tests__/event-handlers.spec.ts[2m > [22mhandleTypingStopped[2m > [22mshould broadcast typing.stopped with valid payload[32m 1[2mms[22m[39m
 [32m✓[39m src/services/websocket/__tests__/event-handlers.spec.ts[2m > [22mhandlePresenceUpdated[2m > [22mshould broadcast presence.updated globally[32m 0[2mms[22m[39m
 [32m✓[39m src/services/websocket/__tests__/event-handlers.spec.ts[2m > [22mhandlePresenceUpdated[2m > [22mshould accept offline status[32m 0[2mms[22m[39m
 [32m✓[39m src/services/websocket/__tests__/event-handlers.spec.ts[2m > [22mhandlePresenceUpdated[2m > [22mshould reject invalid status[32m 0[2mms[22m[39m
 [32m✓[39m src/services/websocket/__tests__/event-handlers.spec.ts[2m > [22mhandleReactionAdded[2m > [22mshould broadcast reaction.added with valid payload[32m 1[2mms[22m[39m
 [32m✓[39m src/services/websocket/__tests__/event-handlers.spec.ts[2m > [22mhandleReactionAdded[2m > [22mshould accept various emoji[32m 0[2mms[22m[39m
 [32m✓[39m src/services/websocket/__tests__/event-handlers.spec.ts[2m > [22mhandleReactionRemoved[2m > [22mshould broadcast reaction.removed with valid payload[32m 0[2mms[22m[39m
 [32m✓[39m src/services/websocket/__tests__/event-handlers.spec.ts[2m > [22mhandleReactionRemoved[2m > [22mshould reject invalid emoji[32m 0[2mms[22m[39m
[08:06:58 UTC] [33mWARN[39m: [36mFailed to bulk assign conversation[39m
    [35mcorrelationId[39m: "unknown"
    [35mconversationId[39m: "e1318e61-6dd7-42ac-a8cd-0807e81da550"
    error: "Failed query: update \"conversations\" set \"assigned_user_id\" = $1, \"updated_at\" = $2 where \"conversations\".\"id\" = $3 returning \"id\", \"channel\", \"external_thread_id\", \"title\", \"status\", \"priority\", \"assigned_user_id\", \"metadata\", \"created_at\", \"updated_at\", \"last_activity_at\"\nparams: someone,2026-02-20T08:06:58.591Z,e1318e61-6dd7-42ac-a8cd-0807e81da550"
[08:06:58 UTC] [32mINFO[39m: [36mBulk assign complete[39m
    [35mcorrelationId[39m: "unknown"
    [35msuccessCount[39m: 0
    [35mfailureCount[39m: 1
[08:06:58 UTC] [32mINFO[39m: [36mBulk action completed[39m
    [35mcorrelationId[39m: "unknown"
    [35maction[39m: "assign"
    [35msuccessCount[39m: 0
    [35mfailureCount[39m: 1
 [32m✓[39m src/controllers/__tests__/dlq-rbac.spec.ts[2m > [22mDLQ Controller - RBAC Integration Tests[2m > [22mREAD Endpoints (manager, admin, super_admin allowed)[2m > [22mGET /api/dlq/stats[2m > [22mshould return 200 when authenticated as admin[32m 13[2mms[22m[39m
 [32m✓[39m src/controllers/__tests__/dlq-rbac.spec.ts[2m > [22mDLQ Controller - RBAC Integration Tests[2m > [22mREAD Endpoints (manager, admin, super_admin allowed)[2m > [22mGET /api/dlq/stats[2m > [22mshould return 200 when authenticated as super_admin[32m 10[2mms[22m[39m
 [31m×[39m src/controllers/__tests__/dlq-rbac.spec.ts[2m > [22mDLQ Controller - RBAC Integration Tests[2m > [22mMUTATE Endpoints (admin, super_admin allowed; manager is read-only)[2m > [22mPOST /api/dlq/:id/re-queue[2m > [22mshould return 401 when unauthenticated[32m 1[2mms[22m[39m
[31m   → expected { name: 'UnauthorizedError', …(2) } to have property "error"[39m
 [31m×[39m src/controllers/__tests__/dlq-rbac.spec.ts[2m > [22mDLQ Controller - RBAC Integration Tests[2m > [22mMUTATE Endpoints (admin, super_admin allowed; manager is read-only)[2m > [22mPOST /api/dlq/:id/re-queue[2m > [22mshould return 403 when authenticated as user[32m 3[2mms[22m[39m
[31m   → expected { name: 'AccessDeniedError', …(2) } to have property "error"[39m
 [31m×[39m src/controllers/__tests__/dlq-rbac.spec.ts[2m > [22mDLQ Controller - RBAC Integration Tests[2m > [22mMUTATE Endpoints (admin, super_admin allowed; manager is read-only)[2m > [22mPOST /api/dlq/:id/re-queue[2m > [22mshould return 403 when authenticated as manager (read-only)[32m 4[2mms[22m[39m
[31m   → expected { name: 'AccessDeniedError', …(2) } to have property "error"[39m
 [32m✓[39m src/controllers/__tests__/dlq-rbac.spec.ts[2m > [22mDLQ Controller - RBAC Integration Tests[2m > [22mMUTATE Endpoints (admin, super_admin allowed; manager is read-only)[2m > [22mPOST /api/dlq/:id/re-queue[2m > [22mshould return 200 or 404 when authenticated as admin[32m 7[2mms[22m[39m
 [32m✓[39m src/controllers/__tests__/dlq-rbac.spec.ts[2m > [22mDLQ Controller - RBAC Integration Tests[2m > [22mMUTATE Endpoints (admin, super_admin allowed; manager is read-only)[2m > [22mPOST /api/dlq/:id/re-queue[2m > [22mshould return 200 or 404 when authenticated as super_admin[32m 6[2mms[22m[39m
 [31m×[39m src/controllers/__tests__/dlq-rbac.spec.ts[2m > [22mDLQ Controller - RBAC Integration Tests[2m > [22mDELETE Endpoints (super_admin only)[2m > [22mDELETE /api/dlq/:id[2m > [22mshould return 401 when unauthenticated[32m 2[2mms[22m[39m
[31m   → expected { name: 'UnauthorizedError', …(2) } to have property "error"[39m
 [31m×[39m src/controllers/__tests__/dlq-rbac.spec.ts[2m > [22mDLQ Controller - RBAC Integration Tests[2m > [22mDELETE Endpoints (super_admin only)[2m > [22mDELETE /api/dlq/:id[2m > [22mshould return 403 when authenticated as user[32m 4[2mms[22m[39m
[31m   → expected { name: 'AccessDeniedError', …(2) } to have property "error"[39m
 [31m×[39m src/controllers/__tests__/dlq-rbac.spec.ts[2m > [22mDLQ Controller - RBAC Integration Tests[2m > [22mDELETE Endpoints (super_admin only)[2m > [22mDELETE /api/dlq/:id[2m > [22mshould return 403 when authenticated as manager[32m 3[2mms[22m[39m
[31m   → expected { name: 'AccessDeniedError', …(2) } to have property "error"[39m
 [31m×[39m src/controllers/__tests__/dlq-rbac.spec.ts[2m > [22mDLQ Controller - RBAC Integration Tests[2m > [22mDELETE Endpoints (super_admin only)[2m > [22mDELETE /api/dlq/:id[2m > [22mshould return 403 when authenticated as admin (cannot delete)[32m 6[2mms[22m[39m
[31m   → expected { name: 'AccessDeniedError', …(2) } to have property "error"[39m
 [32m✓[39m src/controllers/__tests__/dlq-rbac.spec.ts[2m > [22mDLQ Controller - RBAC Integration Tests[2m > [22mDELETE Endpoints (super_admin only)[2m > [22mDELETE /api/dlq/:id[2m > [22mshould return 200 or 404 when authenticated as super_admin[32m 6[2mms[22m[39m
 [32m✓[39m src/controllers/__tests__/dlq-rbac.spec.ts[2m > [22mDLQ Controller - RBAC Integration Tests[2m > [22mRBAC Policy Matrix Verification[2m > [22mdocuments complete RBAC policy matrix[32m 0[2mms[22m[39m
 [32m✓[39m src/controllers/__tests__/dlq-rbac.spec.ts[2m > [22mDLQ Controller - RBAC Integration Tests[2m > [22mRBAC Policy Matrix Verification[2m > [22mverifies manager is read-only (no mutations)[32m 0[2mms[22m[39m
 [32m✓[39m src/controllers/__tests__/dlq-rbac.spec.ts[2m > [22mDLQ Controller - RBAC Integration Tests[2m > [22mRBAC Policy Matrix Verification[2m > [22mverifies admin cannot delete (super_admin only)[32m 0[2mms[22m[39m
 [32m✓[39m src/controllers/__tests__/dlq-rbac.spec.ts[2m > [22mDLQ Controller - RBAC Integration Tests[2m > [22mRBAC Policy Matrix Verification[2m > [22mverifies user has no access to DLQ endpoints[32m 0[2mms[22m[39m
 [32m✓[39m src/controllers/__tests__/dlq-rbac.spec.ts[2m > [22mDLQ Controller - RBAC Integration Tests[2m > [22mRBAC Policy Matrix Verification[2m > [22mverifies super_admin has full access[32m 0[2mms[22m[39m
 [32m✓[39m src/controllers/__tests__/dlq-rbac.spec.ts[2m > [22mDLQ Controller - RBAC Integration Tests[2m > [22mAuthorization Decorator Enforcement[2m > [22mshould verify READ endpoints have manager+ authorization[32m 14[2mms[22m[39m
 [32m✓[39m src/controllers/__tests__/dlq-rbac.spec.ts[2m > [22mDLQ Controller - RBAC Integration Tests[2m > [22mAuthorization Decorator Enforcement[2m > [22mshould verify MUTATE endpoints enforce admin+ authorization[32m 3[2mms[22m[39m
 [32m✓[39m src/controllers/__tests__/dlq-rbac.spec.ts[2m > [22mDLQ Controller - RBAC Integration Tests[2m > [22mAuthorization Decorator Enforcement[2m > [22mshould verify DELETE endpoint enforces super_admin only[32m 5[2mms[22m[39m
 [32m✓[39m tests/QA-001-integration.spec.ts[2m > [22mTC-001: Basic Listing[2m > [22mTC-001-001: List conversations - default pagination[2m > [22mshould return conversations with default pagination (page=1, limit=20)[32m 2[2mms[22m[39m
 [32m✓[39m tests/QA-001-integration.spec.ts[2m > [22mTC-001: Basic Listing[2m > [22mTC-001-002: List conversations - auth required[2m > [22mshould require authentication[32m 0[2mms[22m[39m
 [32m✓[39m tests/QA-001-integration.spec.ts[2m > [22mTC-001: Basic Listing[2m > [22mTC-001-003: List conversations - response format[2m > [22mshould return conversation summary with all required fields[32m 1[2mms[22m[39m
 [32m✓[39m tests/QA-001-integration.spec.ts[2m > [22mTC-002: Pagination[2m > [22mTC-002-001: Custom page size[2m > [22mshould support custom limit parameter[32m 0[2mms[22m[39m
 [32m✓[39m tests/QA-001-integration.spec.ts[2m > [22mTC-002: Pagination[2m > [22mTC-002-002: Page offset[2m > [22mshould support page parameter for offset[32m 0[2mms[22m[39m
 [32m✓[39m tests/QA-001-integration.spec.ts[2m > [22mTC-002: Pagination[2m > [22mTC-002-003: Total pages calculation[2m > [22mshould calculate total pages correctly[32m 0[2mms[22m[39m
 [32m✓[39m tests/QA-001-integration.spec.ts[2m > [22mTC-002: Pagination[2m > [22mTC-002-004: Out of range page[2m > [22mshould handle out of range page gracefully[32m 0[2mms[22m[39m
 [32m✓[39m tests/QA-001-integration.spec.ts[2m > [22mTC-003: Filtering[2m > [22mTC-003-001: Filter by channel[2m > [22mshould filter conversations by channel[32m 0[2mms[22m[39m
 [32m✓[39m tests/QA-001-integration.spec.ts[2m > [22mTC-003: Filtering[2m > [22mTC-003-002: Filter by status[2m > [22mshould filter conversations by status[32m 0[2mms[22m[39m
 [32m✓[39m tests/QA-001-integration.spec.ts[2m > [22mTC-003: Filtering[2m > [22mTC-003-003: Filter by priority[2m > [22mshould filter conversations by priority[32m 0[2mms[22m[39m
 [32m✓[39m tests/QA-001-integration.spec.ts[2m > [22mTC-003: Filtering[2m > [22mTC-003-004: Filter by assignee[2m > [22mshould filter conversations by assigned user[32m 0[2mms[22m[39m
 [32m✓[39m tests/QA-001-integration.spec.ts[2m > [22mTC-003: Filtering[2m > [22mTC-003-005: Multiple filters combined[2m > [22mshould apply multiple filters together (AND logic)[32m 0[2mms[22m[39m
 [32m✓[39m tests/QA-001-integration.spec.ts[2m > [22mTC-004: Search[2m > [22mTC-004-001: Full-text search[2m > [22mshould support case-insensitive search[32m 0[2mms[22m[39m
 [32m✓[39m tests/QA-001-integration.spec.ts[2m > [22mTC-004: Search[2m > [22mTC-004-003: Search with no matches[2m > [22mshould return empty results for non-matching search[32m 0[2mms[22m[39m
 [32m✓[39m tests/QA-001-integration.spec.ts[2m > [22mTC-005: Date Range Filtering[2m > [22mTC-005-001: Filter by date range[2m > [22mshould filter conversations by dateFrom and dateTo[32m 0[2mms[22m[39m
 [32m✓[39m tests/QA-001-integration.spec.ts[2m > [22mTC-005: Date Range Filtering[2m > [22mTC-005-002: Filter from date only[2m > [22mshould filter with dateFrom only[32m 0[2mms[22m[39m
 [32m✓[39m tests/QA-001-integration.spec.ts[2m > [22mTC-005: Date Range Filtering[2m > [22mTC-005-003: Filter to date only[2m > [22mshould filter with dateTo only[32m 0[2mms[22m[39m
 [32m✓[39m tests/QA-001-integration.spec.ts[2m > [22mTC-006: Sorting[2m > [22mTC-006-001: Sort by last activity (default)[2m > [22mshould sort by lastActivityAt descending by default[32m 0[2mms[22m[39m
 [32m✓[39m tests/QA-001-integration.spec.ts[2m > [22mTC-006: Sorting[2m > [22mTC-006-002: Sort by creation date[2m > [22mshould support sorting by createdAt[32m 0[2mms[22m[39m
 [32m✓[39m tests/QA-001-integration.spec.ts[2m > [22mTC-006: Sorting[2m > [22mTC-006-003: Sort by priority[2m > [22mshould support sorting by priority[32m 0[2mms[22m[39m
 [32m✓[39m tests/QA-001-integration.spec.ts[2m > [22mTC-007: Conversation Detail[2m > [22mTC-007-001: Get conversation by ID[2m > [22mshould return full conversation details[32m 0[2mms[22m[39m
 [32m✓[39m tests/QA-001-integration.spec.ts[2m > [22mTC-007: Conversation Detail[2m > [22mTC-007-002: Get non-existent conversation[2m > [22mshould return 404 for non-existent conversation[32m 0[2mms[22m[39m
 [32m✓[39m tests/QA-001-integration.spec.ts[2m > [22mTC-008: Message Listing[2m > [22mTC-008-001: Get conversation messages[2m > [22mshould return messages with pagination[32m 0[2mms[22m[39m
 [32m✓[39m tests/QA-001-integration.spec.ts[2m > [22mTC-008: Message Listing[2m > [22mTC-008-002: Message pagination[2m > [22mshould paginate messages correctly[32m 0[2mms[22m[39m
 [32m✓[39m tests/QA-001-integration.spec.ts[2m > [22mTC-009: Send Message[2m > [22mTC-009-001: Send outbound message[2m > [22mshould create outbound message[32m 0[2mms[22m[39m
 [32m✓[39m tests/QA-001-integration.spec.ts[2m > [22mTC-009: Send Message[2m > [22mTC-009-002: Send message triggers conversation update[2m > [22mshould update conversation lastActivityAt[32m 0[2mms[22m[39m
 [32m✓[39m tests/QA-001-integration.spec.ts[2m > [22mTC-010: RBAC[2m > [22mTC-010-002: Manager can update conversation[2m > [22mshould allow manager role to update conversation[32m 0[2mms[22m[39m
 [32m✓[39m tests/QA-001-integration.spec.ts[2m > [22mTC-010: RBAC[2m > [22mTC-010-003: User role cannot update conversation[2m > [22mshould restrict basic user role[32m 0[2mms[22m[39m
 [32m✓[39m tests/QA-001-integration.spec.ts[2m > [22mTC-011: Error Handling[2m > [22mTC-011-001: Invalid channel filter[2m > [22mshould handle invalid channel gracefully[32m 0[2mms[22m[39m
 [32m✓[39m tests/QA-001-integration.spec.ts[2m > [22mTC-011: Error Handling[2m > [22mTC-011-003: Invalid pagination parameters[2m > [22mshould validate pagination parameters[32m 0[2mms[22m[39m
 [32m✓[39m tests/QA-001-integration.spec.ts[2m > [22mTest Coverage Summary[2m > [22mshould have comprehensive test coverage[32m 0[2mms[22m[39m
 [32m✓[39m src/socket-controllers/__tests__/message.controller.spec.ts[2m > [22mMessageController[2m > [22monMessageSent[2m > [22mshould broadcast message.sent to conversation room[32m 3[2mms[22m[39m
 [32m✓[39m src/socket-controllers/__tests__/message.controller.spec.ts[2m > [22mMessageController[2m > [22monMessageSent[2m > [22mshould handle valid message sent payload[32m 1[2mms[22m[39m
 [32m✓[39m src/socket-controllers/__tests__/message.controller.spec.ts[2m > [22mMessageController[2m > [22monMessageFailed[2m > [22mshould broadcast message.failed to conversation room[32m 1[2mms[22m[39m
 [32m✓[39m src/socket-controllers/__tests__/message.controller.spec.ts[2m > [22mMessageController[2m > [22monMessageFailed[2m > [22mshould include retry information[32m 2[2mms[22m[39m
 [32m✓[39m src/socket-controllers/__tests__/message.controller.spec.ts[2m > [22mMessageController[2m > [22mType safety[2m > [22mshould preserve message IDs and conversation IDs[32m 1[2mms[22m[39m
[08:06:58 UTC] [32mINFO[39m: [36mBulk action requested[39m
    [35mcorrelationId[39m: "unknown"
    [35muserId[39m: "54b61b7ee36bed9ac4dff47b02030b6f"
    [35maction[39m: "assign"
    [35mcount[39m: 1
[08:06:58 UTC] [33mWARN[39m: [36mFailed to bulk assign conversation[39m
    [35mcorrelationId[39m: "unknown"
    [35mconversationId[39m: "e1318e61-6dd7-42ac-a8cd-0807e81da550"
    error: "Failed query: update \"conversations\" set \"assigned_user_id\" = $1, \"updated_at\" = $2 where \"conversations\".\"id\" = $3 returning \"id\", \"channel\", \"external_thread_id\", \"title\", \"status\", \"priority\", \"assigned_user_id\", \"metadata\", \"created_at\", \"updated_at\", \"last_activity_at\"\nparams: someone,2026-02-20T08:06:58.720Z,e1318e61-6dd7-42ac-a8cd-0807e81da550"
[08:06:58 UTC] [32mINFO[39m: [36mBulk assign complete[39m
    [35mcorrelationId[39m: "unknown"
    [35msuccessCount[39m: 0
    [35mfailureCount[39m: 1
[08:06:58 UTC] [32mINFO[39m: [36mBulk action completed[39m
    [35mcorrelationId[39m: "unknown"
    [35maction[39m: "assign"
    [35msuccessCount[39m: 0
    [35mfailureCount[39m: 1
[08:06:58 UTC] [33mWARN[39m: [36mBulk action denied: insufficient role[39m
    [35mcorrelationId[39m: "unknown"
    [35muserId[39m: "fde990bf3bb9ee681a788fd218112e81"
    [35muserRole[39m: "user"
 [32m✓[39m tests/bulkActions-controller.spec.ts[2m > [22mBulk Actions Controller[2m > [22mPOST /api/conversations/bulk[2m > [22mRBAC Enforcement[2m > [22mshould allow super_admin to bulk assign[32m 128[2mms[22m[39m
 [32m✓[39m tests/bulkActions-controller.spec.ts[2m > [22mBulk Actions Controller[2m > [22mPOST /api/conversations/bulk[2m > [22mRBAC Enforcement[2m > [22mshould reject user role for bulk operations[32m 14[2mms[22m[39m
 [32m✓[39m tests/BE-007-inbox-api.spec.ts[2m > [22mBE-007: Inbox API (GET /conversations with filters)[2m > [22mBasic Listing[2m > [22mshould return 200 with paginated conversations[32m 76[2mms[22m[39m
 [32m✓[39m tests/BE-007-inbox-api.spec.ts[2m > [22mBE-007: Inbox API (GET /conversations with filters)[2m > [22mBasic Listing[2m > [22mshould return default pagination (page=1, pageSize=20)[32m 32[2mms[22m[39m
 [32m✓[39m tests/unit/services/password-reset.simple.test.ts[2m > [22mPassword Reset - Core Logic[2m > [22mToken Format Validation[2m > [22mshould generate 64-character hexadecimal tokens[32m 2[2mms[22m[39m
 [32m✓[39m tests/unit/services/password-reset.simple.test.ts[2m > [22mPassword Reset - Core Logic[2m > [22mToken Format Validation[2m > [22mshould generate unique tokens each time[32m 1[2mms[22m[39m
 [32m✓[39m tests/unit/services/password-reset.simple.test.ts[2m > [22mPassword Reset - Core Logic[2m > [22mToken Format Validation[2m > [22mshould generate valid hex-only tokens[32m 0[2mms[22m[39m
 [32m✓[39m tests/unit/services/password-reset.simple.test.ts[2m > [22mPassword Reset - Core Logic[2m > [22mExpiration Calculation[2m > [22mshould calculate 60-minute expiration correctly[32m 0[2mms[22m[39m
 [32m✓[39m tests/unit/services/password-reset.simple.test.ts[2m > [22mPassword Reset - Core Logic[2m > [22mExpiration Calculation[2m > [22mshould handle expiration date comparison correctly[32m 0[2mms[22m[39m
 [32m✓[39m tests/unit/services/password-reset.simple.test.ts[2m > [22mPassword Reset - Core Logic[2m > [22mPassword Validation Rules[2m > [22mshould reject passwords shorter than 8 characters[32m 0[2mms[22m[39m
 [32m✓[39m tests/unit/services/password-reset.simple.test.ts[2m > [22mPassword Reset - Core Logic[2m > [22mPassword Validation Rules[2m > [22mshould accept passwords with 8+ characters, uppercase, and number[32m 0[2mms[22m[39m
 [32m✓[39m tests/unit/services/password-reset.simple.test.ts[2m > [22mPassword Reset - Core Logic[2m > [22mPassword Validation Rules[2m > [22mshould reject passwords without uppercase letter[32m 0[2mms[22m[39m
 [32m✓[39m tests/unit/services/password-reset.simple.test.ts[2m > [22mPassword Reset - Core Logic[2m > [22mPassword Validation Rules[2m > [22mshould reject passwords without number[32m 1[2mms[22m[39m
 [32m✓[39m tests/unit/services/password-reset.simple.test.ts[2m > [22mPassword Reset - Core Logic[2m > [22mPassword Validation Rules[2m > [22mshould accept various strong passwords[32m 0[2mms[22m[39m
 [32m✓[39m tests/unit/services/password-reset.simple.test.ts[2m > [22mPassword Reset - Core Logic[2m > [22mEmail Validation[2m > [22mshould accept valid email addresses[32m 0[2mms[22m[39m
 [32m✓[39m tests/unit/services/password-reset.simple.test.ts[2m > [22mPassword Reset - Core Logic[2m > [22mEmail Validation[2m > [22mshould reject invalid email formats[32m 0[2mms[22m[39m
 [32m✓[39m tests/unit/services/password-reset.simple.test.ts[2m > [22mPassword Reset - Core Logic[2m > [22mSecurity Principles[2m > [22mshould generate cryptographically random tokens[32m 0[2mms[22m[39m
 [32m✓[39m tests/unit/services/password-reset.simple.test.ts[2m > [22mPassword Reset - Core Logic[2m > [22mSecurity Principles[2m > [22mshould never store raw tokens (hashed only)[32m 0[2mms[22m[39m
 [32m✓[39m tests/unit/services/password-reset.simple.test.ts[2m > [22mPassword Reset - Core Logic[2m > [22mTiming Safety Concepts[2m > [22mshould compare tokens in constant time (conceptual test)[32m 0[2mms[22m[39m
 [32m✓[39m tests/unit/services/password-reset.simple.test.ts[2m > [22mPassword Reset - Core Logic[2m > [22mError Message Security[2m > [22mshould return generic error messages (no email enumeration)[32m 0[2mms[22m[39m
 [32m✓[39m tests/unit/services/password-reset.simple.test.ts[2m > [22mPassword Reset - Core Logic[2m > [22mError Message Security[2m > [22mshould not reveal why token validation failed[32m 0[2mms[22m[39m
 [32m✓[39m tests/unit/services/password-reset.simple.test.ts[2m > [22mPassword Reset - Core Logic[2m > [22mToken Reuse Prevention[2m > [22mshould prevent token reuse by tracking used_at timestamp[32m 0[2mms[22m[39m
 [32m✓[39m tests/unit/services/password-reset.simple.test.ts[2m > [22mPassword Reset - Core Logic[2m > [22mAudit Logging Concepts[2m > [22mshould log all password reset operations[32m 0[2mms[22m[39m
 [32m✓[39m src/socket-controllers/__tests__/conversation.controller.spec.ts[2m > [22mConversationController[2m > [22monConnect[2m > [22mshould join user-specific room on connect[32m 8[2mms[22m[39m
 [32m✓[39m src/socket-controllers/__tests__/conversation.controller.spec.ts[2m > [22mConversationController[2m > [22monConnect[2m > [22mshould emit connection.established event[32m 4[2mms[22m[39m
 [32m✓[39m src/socket-controllers/__tests__/conversation.controller.spec.ts[2m > [22mConversationController[2m > [22monConnect[2m > [22mshould not crash if userId is missing[32m 1[2mms[22m[39m
 [32m✓[39m src/socket-controllers/__tests__/conversation.controller.spec.ts[2m > [22mConversationController[2m > [22monDisconnect[2m > [22mshould log disconnect event[32m 1[2mms[22m[39m
 [32m✓[39m src/socket-controllers/__tests__/conversation.controller.spec.ts[2m > [22mConversationController[2m > [22monSubscribeToConversation[2m > [22mshould join conversation room[32m 1[2mms[22m[39m
 [32m✓[39m src/socket-controllers/__tests__/conversation.controller.spec.ts[2m > [22mConversationController[2m > [22monSubscribeToConversation[2m > [22mshould emit conversation.subscribed acknowledgment[32m 1[2mms[22m[39m
 [32m✓[39m src/socket-controllers/__tests__/conversation.controller.spec.ts[2m > [22mConversationController[2m > [22monSubscribeToConversation[2m > [22mshould handle missing conversationId[32m 0[2mms[22m[39m
 [32m✓[39m src/socket-controllers/__tests__/conversation.controller.spec.ts[2m > [22mConversationController[2m > [22monUnsubscribeFromConversation[2m > [22mshould leave conversation room[32m 0[2mms[22m[39m
 [32m✓[39m src/socket-controllers/__tests__/conversation.controller.spec.ts[2m > [22mConversationController[2m > [22monUnsubscribeFromConversation[2m > [22mshould emit conversation.unsubscribed confirmation[32m 2[2mms[22m[39m
 [32m✓[39m src/socket-controllers/__tests__/conversation.controller.spec.ts[2m > [22mConversationController[2m > [22monConversationUpdated[2m > [22mshould broadcast to conversation room (excluding sender)[32m 1[2mms[22m[39m
 [32m✓[39m src/socket-controllers/__tests__/conversation.controller.spec.ts[2m > [22mConversationController[2m > [22monConversationUpdated[2m > [22mshould handle various updatedFields[32m 1[2mms[22m[39m
 [32m✓[39m src/socket-controllers/__tests__/conversation.controller.spec.ts[2m > [22mConversationController[2m > [22monConversationUpdated[2m > [22mshould not crash on edge cases[32m 0[2mms[22m[39m
 [32m✓[39m src/socket-controllers/__tests__/conversation.controller.spec.ts[2m > [22mConversationController[2m > [22mError handling[2m > [22mshould handle errors gracefully without crashing[32m 1[2mms[22m[39m
 [32m✓[39m src/socket-controllers/__tests__/conversation.controller.spec.ts[2m > [22mConversationController[2m > [22mError handling[2m > [22mshould not prevent other operations after error[32m 1[2mms[22m[39m
 [32m✓[39m src/socket-controllers/__tests__/conversation.controller.spec.ts[2m > [22mConversationController[2m > [22mType safety[2m > [22mshould work with AuthenticatedSocket cast[32m 0[2mms[22m[39m
 [32m✓[39m src/socket-controllers/__tests__/conversation.controller.spec.ts[2m > [22mConversationController[2m > [22mType safety[2m > [22mshould preserve socket.id through operations[32m 1[2mms[22m[39m
 [32m✓[39m src/services/websocket/__tests__/event-backlog.spec.ts[2m > [22mEvent Backlog Service[2m > [22mstoreEvent[2m > [22mshould store message.sent event for user[32m 2[2mms[22m[39m
 [32m✓[39m src/services/websocket/__tests__/event-backlog.spec.ts[2m > [22mEvent Backlog Service[2m > [22mstoreEvent[2m > [22mshould store typing indicator event[32m 0[2mms[22m[39m
 [32m✓[39m src/services/websocket/__tests__/event-backlog.spec.ts[2m > [22mEvent Backlog Service[2m > [22mstoreEvent[2m > [22mshould append to existing backlog[32m 2[2mms[22m[39m
 [32m✓[39m src/services/websocket/__tests__/event-backlog.spec.ts[2m > [22mEvent Backlog Service[2m > [22mstoreEvent[2m > [22mshould handle store failures gracefully[32m 1[2mms[22m[39m
 [32m✓[39m src/services/websocket/__tests__/event-backlog.spec.ts[2m > [22mEvent Backlog Service[2m > [22mgetBacklogForUser[2m > [22mshould retrieve user backlog[32m 0[2mms[22m[39m
 [32m✓[39m src/services/websocket/__tests__/event-backlog.spec.ts[2m > [22mEvent Backlog Service[2m > [22mgetBacklogForUser[2m > [22mshould return empty array if no backlog[32m 1[2mms[22m[39m
 [32m✓[39m src/services/websocket/__tests__/event-backlog.spec.ts[2m > [22mEvent Backlog Service[2m > [22mgetBacklogForUser[2m > [22mshould filter out expired events[32m 0[2mms[22m[39m
 [32m✓[39m src/services/websocket/__tests__/event-backlog.spec.ts[2m > [22mEvent Backlog Service[2m > [22mgetBacklogForUser[2m > [22mshould handle retrieval failures gracefully[32m 0[2mms[22m[39m
 [32m✓[39m src/services/websocket/__tests__/event-backlog.spec.ts[2m > [22mEvent Backlog Service[2m > [22mgetBacklogForConversation[2m > [22mshould filter backlog by conversation[32m 1[2mms[22m[39m
 [32m✓[39m src/services/websocket/__tests__/event-backlog.spec.ts[2m > [22mEvent Backlog Service[2m > [22mgetBacklogForConversation[2m > [22mshould include global events in conversation backlog[32m 0[2mms[22m[39m
 [32m✓[39m src/services/websocket/__tests__/event-backlog.spec.ts[2m > [22mEvent Backlog Service[2m > [22mclearBacklogForUser[2m > [22mshould delete user backlog[32m 0[2mms[22m[39m
 [32m✓[39m src/services/websocket/__tests__/event-backlog.spec.ts[2m > [22mEvent Backlog Service[2m > [22mclearBacklogForUser[2m > [22mshould handle deletion failures gracefully[32m 0[2mms[22m[39m
 [32m✓[39m src/services/websocket/__tests__/event-backlog.spec.ts[2m > [22mEvent Backlog Service[2m > [22mgetBacklogStats[2m > [22mshould calculate backlog statistics[32m 0[2mms[22m[39m
 [32m✓[39m src/services/websocket/__tests__/event-backlog.spec.ts[2m > [22mEvent Backlog Service[2m > [22mgetBacklogStats[2m > [22mshould handle stats calculation failures gracefully[32m 0[2mms[22m[39m
 [32m✓[39m src/services/websocket/__tests__/event-backlog.spec.ts[2m > [22mEvent Backlog Service[2m > [22mIntegration Scenarios[2m > [22mshould handle full backlog lifecycle[32m 0[2mms[22m[39m
 [32m✓[39m src/services/websocket/__tests__/event-backlog.spec.ts[2m > [22mEvent Backlog Service[2m > [22mIntegration Scenarios[2m > [22mshould handle large backlogs without memory issues[32m 3[2mms[22m[39m
 [32m✓[39m src/websockets/__tests__/websocket-server.spec.ts[2m > [22mWebSocket Server Room Subscriptions[2m > [22mMock Setup[2m > [22mshould create mock socket with userId[32m 2[2mms[22m[39m
 [32m✓[39m src/websockets/__tests__/websocket-server.spec.ts[2m > [22mWebSocket Server Room Subscriptions[2m > [22mMock Setup[2m > [22mshould track room joins on mock socket[32m 1[2mms[22m[39m
 [32m✓[39m src/websockets/__tests__/websocket-server.spec.ts[2m > [22mWebSocket Server Room Subscriptions[2m > [22mMock Setup[2m > [22mshould track room leaves on mock socket[32m 0[2mms[22m[39m
 [32m✓[39m src/websockets/__tests__/websocket-server.spec.ts[2m > [22mWebSocket Server Room Subscriptions[2m > [22mRoom Subscription Logic[2m > [22mshould join user socket to conversation room[32m 2[2mms[22m[39m
 [32m✓[39m src/websockets/__tests__/websocket-server.spec.ts[2m > [22mWebSocket Server Room Subscriptions[2m > [22mRoom Subscription Logic[2m > [22mshould leave user socket from conversation room[32m 0[2mms[22m[39m
 [32m✓[39m src/websockets/__tests__/websocket-server.spec.ts[2m > [22mWebSocket Server Room Subscriptions[2m > [22mRoom Subscription Logic[2m > [22mshould track multiple room subscriptions per socket[32m 1[2mms[22m[39m
 [32m✓[39m src/websockets/__tests__/websocket-server.spec.ts[2m > [22mWebSocket Server Room Subscriptions[2m > [22mRoom Subscription Logic[2m > [22mshould check if socket is in specific room[32m 0[2mms[22m[39m
 [32m✓[39m src/websockets/__tests__/websocket-server.spec.ts[2m > [22mWebSocket Server Room Subscriptions[2m > [22mRoom Subscription Logic[2m > [22mshould return false for rooms socket did not join[32m 0[2mms[22m[39m
 [32m✓[39m src/websockets/__tests__/websocket-server.spec.ts[2m > [22mWebSocket Server Room Subscriptions[2m > [22mEvent Emission to Rooms[2m > [22mshould emit event to specific room[32m 1[2mms[22m[39m
 [32m✓[39m src/websockets/__tests__/websocket-server.spec.ts[2m > [22mWebSocket Server Room Subscriptions[2m > [22mEvent Emission to Rooms[2m > [22mshould broadcast event globally[32m 1[2mms[22m[39m
 [32m✓[39m src/websockets/__tests__/websocket-server.spec.ts[2m > [22mWebSocket Server Room Subscriptions[2m > [22mEvent Emission to Rooms[2m > [22mshould emit to user room[32m 0[2mms[22m[39m
 [32m✓[39m src/websockets/__tests__/websocket-server.spec.ts[2m > [22mWebSocket Server Room Subscriptions[2m > [22mMulti-Socket User Tracking[2m > [22mshould track multiple sockets for same user[32m 0[2mms[22m[39m
 [32m✓[39m src/websockets/__tests__/websocket-server.spec.ts[2m > [22mWebSocket Server Room Subscriptions[2m > [22mMulti-Socket User Tracking[2m > [22mshould subscribe all user sockets to room when user subscribes[32m 0[2mms[22m[39m
 [32m✓[39m src/websockets/__tests__/websocket-server.spec.ts[2m > [22mWebSocket Server Room Subscriptions[2m > [22mMulti-Socket User Tracking[2m > [22mshould unsubscribe all user sockets from room when user unsubscribes[32m 0[2mms[22m[39m
 [32m✓[39m src/websockets/__tests__/websocket-server.spec.ts[2m > [22mWebSocket Server Room Subscriptions[2m > [22mRoom Isolation[2m > [22mshould not mix rooms for different users[32m 0[2mms[22m[39m
 [32m✓[39m src/websockets/__tests__/websocket-server.spec.ts[2m > [22mWebSocket Server Room Subscriptions[2m > [22mRoom Isolation[2m > [22mshould not mix user rooms with conversation rooms[32m 1[2mms[22m[39m
 [32m✓[39m src/websockets/__tests__/websocket-server.spec.ts[2m > [22mWebSocket Server Room Subscriptions[2m > [22mEvent Type Safety[2m > [22mshould emit message.sent event with correct payload[32m 1[2mms[22m[39m
 [32m✓[39m src/websockets/__tests__/websocket-server.spec.ts[2m > [22mWebSocket Server Room Subscriptions[2m > [22mEvent Type Safety[2m > [22mshould emit typing.started event with user info[32m 1[2mms[22m[39m
 [32m✓[39m tests/BE-007-inbox-api.spec.ts[2m > [22mBE-007: Inbox API (GET /conversations with filters)[2m > [22mBasic Listing[2m > [22mshould return 401 without authorization token[32m 4[2mms[22m[39m
 [32m✓[39m tests/BE-007-inbox-api.spec.ts[2m > [22mBE-007: Inbox API (GET /conversations with filters)[2m > [22mPagination[2m > [22mshould support custom page size[32m 38[2mms[22m[39m
 [32m✓[39m tests/BE-007-inbox-api.spec.ts[2m > [22mBE-007: Inbox API (GET /conversations with filters)[2m > [22mPagination[2m > [22mshould support page offset[32m 27[2mms[22m[39m
 [32m✓[39m tests/unit/services/assignments.service.test.ts[2m > [22mAssignmentsService[2m > [22massignConversation[2m > [22mshould successfully assign conversation to user[32m 2[2mms[22m[39m
 [32m✓[39m tests/unit/services/assignments.service.test.ts[2m > [22mAssignmentsService[2m > [22massignConversation[2m > [22mshould handle reassignment (changing from one user to another)[32m 0[2mms[22m[39m
 [32m✓[39m tests/unit/services/assignments.service.test.ts[2m > [22mAssignmentsService[2m > [22massignConversation[2m > [22mshould validate that user exists before assignment[32m 0[2mms[22m[39m
 [32m✓[39m tests/unit/services/assignments.service.test.ts[2m > [22mAssignmentsService[2m > [22massignConversation[2m > [22mshould generate audit metadata with old and new values[32m 1[2mms[22m[39m
 [32m✓[39m tests/unit/services/assignments.service.test.ts[2m > [22mAssignmentsService[2m > [22massignConversation[2m > [22mshould include actor ID in audit log[32m 0[2mms[22m[39m
 [32m✓[39m tests/unit/services/assignments.service.test.ts[2m > [22mAssignmentsService[2m > [22mgetAssignment[2m > [22mshould retrieve current assignment for conversation[32m 0[2mms[22m[39m
 [32m✓[39m tests/unit/services/assignments.service.test.ts[2m > [22mAssignmentsService[2m > [22mgetAssignment[2m > [22mshould return null if conversation has no assignment[32m 0[2mms[22m[39m
 [32m✓[39m tests/unit/services/assignments.service.test.ts[2m > [22mAssignmentsService[2m > [22mgetAssignment[2m > [22mshould throw error if conversation not found[32m 0[2mms[22m[39m
 [32m✓[39m tests/unit/services/assignments.service.test.ts[2m > [22mAssignmentsService[2m > [22mRBAC Enforcement[2m > [22mshould enforce manager+ role requirement[32m 0[2mms[22m[39m
 [32m✓[39m tests/unit/services/assignments.service.test.ts[2m > [22mAssignmentsService[2m > [22mRBAC Enforcement[2m > [22mshould deny assignment attempts by user role[32m 0[2mms[22m[39m
 [32m✓[39m tests/unit/services/assignments.service.test.ts[2m > [22mAssignmentsService[2m > [22mRBAC Enforcement[2m > [22mshould allow assignment by super_admin[32m 0[2mms[22m[39m
 [32m✓[39m tests/unit/services/assignments.service.test.ts[2m > [22mAssignmentsService[2m > [22mRBAC Enforcement[2m > [22mshould allow assignment by admin[32m 0[2mms[22m[39m
 [32m✓[39m tests/unit/services/assignments.service.test.ts[2m > [22mAssignmentsService[2m > [22mAudit Logging[2m > [22mshould log action as conversation.assigned[32m 0[2mms[22m[39m
 [32m✓[39m tests/unit/services/assignments.service.test.ts[2m > [22mAssignmentsService[2m > [22mAudit Logging[2m > [22mshould include metadata in audit log[32m 0[2mms[22m[39m
 [32m✓[39m tests/unit/services/assignments.service.test.ts[2m > [22mAssignmentsService[2m > [22mAudit Logging[2m > [22mshould record actor who performed assignment[32m 0[2mms[22m[39m
 [32m✓[39m tests/unit/services/assignments.service.test.ts[2m > [22mAssignmentsService[2m > [22mError Handling[2m > [22mshould throw error when conversation not found[32m 0[2mms[22m[39m
 [32m✓[39m tests/unit/services/assignments.service.test.ts[2m > [22mAssignmentsService[2m > [22mError Handling[2m > [22mshould throw error when user not found[32m 0[2mms[22m[39m
 [32m✓[39m tests/unit/services/assignments.service.test.ts[2m > [22mAssignmentsService[2m > [22mError Handling[2m > [22mshould throw error on database update failure[32m 0[2mms[22m[39m
 [32m✓[39m src/connectors/__tests__/irc.connector.test.ts[2m > [22mIRCConnector[2m > [22mConfiguration Validation[2m > [22mshould validate required server field[32m 2[2mms[22m[39m
 [32m✓[39m src/connectors/__tests__/irc.connector.test.ts[2m > [22mIRCConnector[2m > [22mConfiguration Validation[2m > [22mshould validate port range (1-65535)[32m 0[2mms[22m[39m
 [32m✓[39m src/connectors/__tests__/irc.connector.test.ts[2m > [22mIRCConnector[2m > [22mConfiguration Validation[2m > [22mshould validate channel format starts with #[32m 0[2mms[22m[39m
 [32m✓[39m src/connectors/__tests__/irc.connector.test.ts[2m > [22mIRCConnector[2m > [22mConfiguration Validation[2m > [22mshould require at least one channel[32m 0[2mms[22m[39m
 [32m✓[39m src/connectors/__tests__/irc.connector.test.ts[2m > [22mIRCConnector[2m > [22mConfiguration Validation[2m > [22mshould accept valid configuration[32m 1[2mms[22m[39m
 [32m✓[39m src/connectors/__tests__/irc.connector.test.ts[2m > [22mIRCConnector[2m > [22mConnection Management[2m > [22mshould fail to connect without configuration[32m 1[2mms[22m[39m
 [32m✓[39m src/connectors/__tests__/irc.connector.test.ts[2m > [22mIRCConnector[2m > [22mConnection Management[2m > [22mshould initialize connection status as disconnected[32m 0[2mms[22m[39m
 [32m✓[39m src/connectors/__tests__/irc.connector.test.ts[2m > [22mIRCConnector[2m > [22mConnection Management[2m > [22mshould set config without errors[32m 0[2mms[22m[39m
 [32m✓[39m src/connectors/__tests__/irc.connector.test.ts[2m > [22mIRCConnector[2m > [22mConnection Management[2m > [22mshould fail to connect with invalid config[32m 1[2mms[22m[39m
 [32m✓[39m src/connectors/__tests__/irc.connector.test.ts[2m > [22mIRCConnector[2m > [22mMessage Sending[2m > [22mshould queue messages when not connected[32m 1[2mms[22m[39m
 [32m✓[39m src/connectors/__tests__/irc.connector.test.ts[2m > [22mIRCConnector[2m > [22mMessage Sending[2m > [22mshould reject invalid channel format[32m 0[2mms[22m[39m
 [32m✓[39m src/connectors/__tests__/irc.connector.test.ts[2m > [22mIRCConnector[2m > [22mMessage Sending[2m > [22mshould accept #channel format[32m 0[2mms[22m[39m
 [32m✓[39m src/connectors/__tests__/irc.connector.test.ts[2m > [22mIRCConnector[2m > [22mMessage Sending[2m > [22mshould accept irc:#channel format[32m 0[2mms[22m[39m
 [32m✓[39m src/connectors/__tests__/irc.connector.test.ts[2m > [22mIRCConnector[2m > [22mMessage Sending[2m > [22mshould reject channels without # prefix[32m 0[2mms[22m[39m
 [32m✓[39m src/connectors/__tests__/irc.connector.test.ts[2m > [22mIRCConnector[2m > [22mMessage Sending[2m > [22mshould not queue messages when not connected (rely on BullMQ retry)[32m 1[2mms[22m[39m
 [32m✓[39m src/connectors/__tests__/irc.connector.test.ts[2m > [22mIRCConnector[2m > [22mDisconnection[2m > [22mshould handle disconnect gracefully[32m 0[2mms[22m[39m
 [32m✓[39m src/connectors/__tests__/irc.connector.test.ts[2m > [22mIRCConnector[2m > [22mDisconnection[2m > [22mshould clear reconnect timeout on disconnect[32m 0[2mms[22m[39m
 [32m✓[39m src/connectors/__tests__/irc.connector.test.ts[2m > [22mIRCConnector[2m > [22mChannel Format Extraction[2m > [22mshould extract channel from #channel format[32m 0[2mms[22m[39m
 [32m✓[39m src/connectors/__tests__/irc.connector.test.ts[2m > [22mIRCConnector[2m > [22mChannel Format Extraction[2m > [22mshould extract channel from irc:#channel format[32m 0[2mms[22m[39m
 [32m✓[39m src/connectors/__tests__/irc.connector.test.ts[2m > [22mIRCConnector[2m > [22mStatus Tracking[2m > [22mshould track connection status[32m 0[2mms[22m[39m
 [32m✓[39m src/connectors/__tests__/irc.connector.test.ts[2m > [22mIRCConnector[2m > [22mStatus Tracking[2m > [22mshould track reconnection attempts[32m 0[2mms[22m[39m
 [32m✓[39m src/connectors/__tests__/irc.connector.test.ts[2m > [22mIRCConnector[2m > [22mStatus Tracking[2m > [22mshould report correct platform[32m 0[2mms[22m[39m
 [32m✓[39m src/connectors/__tests__/irc.connector.test.ts[2m > [22mIRCConnector[2m > [22mHandshake Behavior[2m > [22mshould use synchronous connect() API[32m 0[2mms[22m[39m
 [32m✓[39m src/connectors/__tests__/irc.connector.test.ts[2m > [22mIRCConnector[2m > [22mReconnection Strategy with Exponential Backoff (EA Spec INT-004)[2m > [22mshould calculate exponential backoff correctly: 1s, 2s, 4s, 8s, 16s (capped at 60s)[32m 1[2mms[22m[39m
 [32m✓[39m src/connectors/__tests__/irc.connector.test.ts[2m > [22mIRCConnector[2m > [22mReconnection Strategy with Exponential Backoff (EA Spec INT-004)[2m > [22mshould cap backoff at 60 seconds for large attempt numbers[32m 0[2mms[22m[39m
 [32m✓[39m src/connectors/__tests__/irc.connector.test.ts[2m > [22mIRCConnector[2m > [22mReconnection Strategy with Exponential Backoff (EA Spec INT-004)[2m > [22mEvent-Driven Reconnect Scheduling (Purely Behavioral)[2m > [22mshould transition to connected status on registered event and reset attempt counter[32m 3[2mms[22m[39m
 [32m✓[39m src/connectors/__tests__/irc.connector.test.ts[2m > [22mIRCConnector[2m > [22mReconnection Strategy with Exponential Backoff (EA Spec INT-004)[2m > [22mEvent-Driven Reconnect Scheduling (Purely Behavioral)[2m > [22mshould calculate exponential backoff delay correctly: 1s → 2s → 4s → 8s → 16s[32m 0[2mms[22m[39m
 [32m✓[39m src/connectors/__tests__/irc.connector.test.ts[2m > [22mIRCConnector[2m > [22mReconnection Strategy with Exponential Backoff (EA Spec INT-004)[2m > [22mEvent-Driven Reconnect Scheduling (Purely Behavioral)[2m > [22mshould cap exponential backoff at 60 seconds for high attempt numbers[32m 0[2mms[22m[39m
 [32m✓[39m src/connectors/__tests__/irc.connector.test.ts[2m > [22mIRCConnector[2m > [22mReconnection Strategy with Exponential Backoff (EA Spec INT-004)[2m > [22mEvent-Driven Reconnect Scheduling (Purely Behavioral)[2m > [22mshould respond to close event with status change to disconnected[32m 1[2mms[22m[39m
 [32m✓[39m src/connectors/__tests__/irc.connector.test.ts[2m > [22mIRCConnector[2m > [22mReconnection Strategy with Exponential Backoff (EA Spec INT-004)[2m > [22mEvent-Driven Reconnect Scheduling (Purely Behavioral)[2m > [22m(EA: Handshake Failure Path) should schedule reconnect via error event during connection attempt[32m 1[2mms[22m[39m
 [32m✓[39m src/connectors/__tests__/irc.connector.test.ts[2m > [22mIRCConnector[2m > [22mReconnection Strategy with Exponential Backoff (EA Spec INT-004)[2m > [22mEvent-Driven Reconnect Scheduling (Purely Behavioral)[2m > [22m(EA: Operational Disconnect Path) should schedule reconnect via close event after successful connection[32m 1[2mms[22m[39m
 [32m✓[39m src/connectors/__tests__/irc.connector.test.ts[2m > [22mIRCConnector[2m > [22mReconnection Strategy with Exponential Backoff (EA Spec INT-004)[2m > [22mEvent-Driven Reconnect Scheduling (Purely Behavioral)[2m > [22m(EA: Timer Behavior) should not attempt reconnect before delay expires[32m 4[2mms[22m[39m
 [32m✓[39m src/connectors/__tests__/irc.connector.test.ts[2m > [22mIRCConnector[2m > [22mReconnection Strategy with Exponential Backoff (EA Spec INT-004)[2m > [22mEvent-Driven Reconnect Scheduling (Purely Behavioral)[2m > [22m(EA: Timer Behavior) should attempt reconnect after delay expires[32m 1[2mms[22m[39m
 [32m✓[39m src/connectors/__tests__/irc.connector.test.ts[2m > [22mIRCConnector[2m > [22mReconnection Strategy with Exponential Backoff (EA Spec INT-004)[2m > [22mEvent-Driven Reconnect Scheduling (Purely Behavioral)[2m > [22m(EA: Exponential Backoff Sequence) should follow backoff delays: 1s, 2s, 4s, 8s, 16s across 5 attempts[32m 3[2mms[22m[39m
 [32m✓[39m src/connectors/__tests__/irc.connector.test.ts[2m > [22mIRCConnector[2m > [22mReconnection Strategy with Exponential Backoff (EA Spec INT-004)[2m > [22mEvent-Driven Reconnect Scheduling (Purely Behavioral)[2m > [22m(EA: Single Timer Guard) should prevent multiple concurrent reconnect timeouts[32m 1[2mms[22m[39m
 [32m✓[39m src/connectors/__tests__/irc.connector.test.ts[2m > [22mIRCConnector[2m > [22mReconnection Strategy with Exponential Backoff (EA Spec INT-004)[2m > [22mEvent-Driven Reconnect Scheduling (Purely Behavioral)[2m > [22m(EA: Reset On Success) should reset attempt counter and schedule attempt 1 on next disconnect after successful connection[32m 1[2mms[22m[39m
 [32m✓[39m src/connectors/__tests__/irc.connector.test.ts[2m > [22mIRCConnector[2m > [22mReconnection Strategy with Exponential Backoff (EA Spec INT-004)[2m > [22mEvent-Driven Reconnect Scheduling (Purely Behavioral)[2m > [22m(EA: Exhaustion After 5 Failures) should mark status as failed and stop scheduling after 5 attempts[32m 3[2mms[22m[39m
 [32m✓[39m src/connectors/__tests__/irc.connector.test.ts[2m > [22mIRCConnector[2m > [22mReconnection Strategy with Exponential Backoff (EA Spec INT-004)[2m > [22mEvent-Driven Reconnect Scheduling (Purely Behavioral)[2m > [22m(EA: Manual Disconnect) should clear pending reconnect timer on disconnect()[32m 1[2mms[22m[39m
 [32m✓[39m src/connectors/__tests__/irc.connector.test.ts[2m > [22mIRCConnector[2m > [22mReconnection Strategy with Exponential Backoff (EA Spec INT-004)[2m > [22mEvent-Driven Reconnect Scheduling (Purely Behavioral)[2m > [22m(EA: Scheduling Log Payload) should include maxAttempts=5 and delayMs<=60000 in scheduling logs[32m 1[2mms[22m[39m
 [32m✓[39m src/connectors/__tests__/irc.connector.test.ts[2m > [22mIRCConnector[2m > [22mReconnection Strategy with Exponential Backoff (EA Spec INT-004)[2m > [22mEvent-Driven Reconnect Scheduling (Purely Behavioral)[2m > [22m(EA: Correlation IDs) should include both correlationId and reconnectIncidentId in scheduling logs[32m 1[2mms[22m[39m
 [32m✓[39m src/connectors/__tests__/irc.connector.test.ts[2m > [22mIRCConnector[2m > [22mError Handling[2m > [22mshould handle missing configuration[32m 0[2mms[22m[39m
 [32m✓[39m src/connectors/__tests__/irc.connector.test.ts[2m > [22mIRCConnector[2m > [22mError Handling[2m > [22mshould handle invalid nick field[32m 0[2mms[22m[39m
 [32m✓[39m src/connectors/__tests__/irc.connector.test.ts[2m > [22mIRCConnector[2m > [22mError Handling[2m > [22mshould handle message sending without configuration[32m 0[2mms[22m[39m
[08:06:58 UTC] [32mINFO[39m: [36mAudit logs queried[39m
    [35mcorrelationId[39m: "unknown"
    [35mfilters[39m: {}
    [35mitemCount[39m: 20
    [35mtotal[39m: 834
    [35mpage[39m: 1
    [35mlimit[39m: 20
 [32m✓[39m tests/auditLogsQuery-controller.spec.ts[2m > [22mAudit Logs Query Controller[2m > [22mGET /api/audit-logs[2m > [22mAuthorization[2m > [22mshould reject unauthenticated requests[32m 77[2mms[22m[39m
 [32m✓[39m tests/auditLogsQuery-controller.spec.ts[2m > [22mAudit Logs Query Controller[2m > [22mGET /api/audit-logs[2m > [22mAuthorization[2m > [22mshould reject user role (non-manager)[32m 9[2mms[22m[39m
 [32m✓[39m tests/auditLogsQuery-controller.spec.ts[2m > [22mAudit Logs Query Controller[2m > [22mGET /api/audit-logs[2m > [22mAuthorization[2m > [22mshould allow manager role[32m 11[2mms[22m[39m
[08:06:58 UTC] [32mINFO[39m: [36mAudit logs queried[39m
    [35mcorrelationId[39m: "unknown"
    [35mfilters[39m: {}
    [35mitemCount[39m: 20
    [35mtotal[39m: 834
    [35mpage[39m: 1
    [35mlimit[39m: 20
[08:06:58 UTC] [32mINFO[39m: [36mAudit logs queried[39m
    [35mcorrelationId[39m: "unknown"
    [35mfilters[39m: {}
    [35mitemCount[39m: 20
    [35mtotal[39m: 834
    [35mpage[39m: 1
    [35mlimit[39m: 20
 [32m✓[39m tests/BE-007-inbox-api.spec.ts[2m > [22mBE-007: Inbox API (GET /conversations with filters)[2m > [22mPagination[2m > [22mshould include total count in response[32m 33[2mms[22m[39m
 [32m✓[39m tests/BE-007-inbox-api.spec.ts[2m > [22mBE-007: Inbox API (GET /conversations with filters)[2m > [22mPagination[2m > [22mshould calculate total pages correctly[32m 30[2mms[22m[39m
 [32m✓[39m tests/BE-007-inbox-api.spec.ts[2m > [22mBE-007: Inbox API (GET /conversations with filters)[2m > [22mFiltering[2m > [22mshould filter by channel[32m 35[2mms[22m[39m
 [32m✓[39m tests/BE-007-inbox-api.spec.ts[2m > [22mBE-007: Inbox API (GET /conversations with filters)[2m > [22mFiltering[2m > [22mshould filter by status[32m 24[2mms[22m[39m
[08:06:58 UTC] [32mINFO[39m: [36mAudit logs queried[39m
    [35mcorrelationId[39m: "unknown"
    [35mfilters[39m: {}
    [35mitemCount[39m: 20
    [35mtotal[39m: 834
    [35mpage[39m: 1
    [35mlimit[39m: 20
 [32m✓[39m src/services/websocket/__tests__/websocket-gateway.spec.ts[2m > [22mWebSocket Gateway[2m > [22mGateway Initialization[2m > [22mshould set gateway instance[32m 2[2mms[22m[39m
 [32m✓[39m src/services/websocket/__tests__/websocket-gateway.spec.ts[2m > [22mWebSocket Gateway[2m > [22mGateway Initialization[2m > [22mshould report gateway as available after initialization[32m 0[2mms[22m[39m
 [32m✓[39m src/services/websocket/__tests__/websocket-gateway.spec.ts[2m > [22mWebSocket Gateway[2m > [22mGateway Initialization[2m > [22mshould allow multiple setWebSocketGateway calls[32m 0[2mms[22m[39m
 [32m✓[39m src/services/websocket/__tests__/websocket-gateway.spec.ts[2m > [22mWebSocket Gateway[2m > [22memitToConversation[2m > [22mshould emit message.sent event to conversation[32m 2[2mms[22m[39m
 [32m✓[39m src/services/websocket/__tests__/websocket-gateway.spec.ts[2m > [22mWebSocket Gateway[2m > [22memitToConversation[2m > [22mshould emit typing.started event to conversation[32m 0[2mms[22m[39m
 [32m✓[39m src/services/websocket/__tests__/websocket-gateway.spec.ts[2m > [22mWebSocket Gateway[2m > [22memitToConversation[2m > [22mshould handle gateway not initialized[32m 1[2mms[22m[39m
 [32m✓[39m src/services/websocket/__tests__/websocket-gateway.spec.ts[2m > [22mWebSocket Gateway[2m > [22memitToUser[2m > [22mshould emit presence.updated event to user[32m 0[2mms[22m[39m
 [32m✓[39m src/services/websocket/__tests__/websocket-gateway.spec.ts[2m > [22mWebSocket Gateway[2m > [22memitGlobally[2m > [22mshould emit presence.updated event globally[32m 1[2mms[22m[39m
 [32m✓[39m src/services/websocket/__tests__/websocket-gateway.spec.ts[2m > [22mWebSocket Gateway[2m > [22msubscribeToConversation[2m > [22mshould subscribe user to conversation[32m 2[2mms[22m[39m
 [32m✓[39m src/services/websocket/__tests__/websocket-gateway.spec.ts[2m > [22mWebSocket Gateway[2m > [22msubscribeToConversation[2m > [22mshould handle subscription errors gracefully[32m 0[2mms[22m[39m
 [32m✓[39m src/services/websocket/__tests__/websocket-gateway.spec.ts[2m > [22mWebSocket Gateway[2m > [22munsubscribeFromConversation[2m > [22mshould unsubscribe user from conversation[32m 0[2mms[22m[39m
 [32m✓[39m src/services/websocket/__tests__/websocket-gateway.spec.ts[2m > [22mWebSocket Gateway[2m > [22misSubscribedToConversation[2m > [22mshould check if user is subscribed to conversation[32m 1[2mms[22m[39m
 [32m✓[39m src/services/websocket/__tests__/websocket-gateway.spec.ts[2m > [22mWebSocket Gateway[2m > [22misSubscribedToConversation[2m > [22mshould return false if not subscribed[32m 0[2mms[22m[39m
 [32m✓[39m src/services/websocket/__tests__/websocket-gateway.spec.ts[2m > [22mWebSocket Gateway[2m > [22misSubscribedToConversation[2m > [22mshould return false on error[32m 0[2mms[22m[39m
 [32m✓[39m src/services/websocket/__tests__/websocket-gateway.spec.ts[2m > [22mWebSocket Gateway[2m > [22mgetConversationSubscribers[2m > [22mshould get all subscribers for a conversation[32m 0[2mms[22m[39m
 [32m✓[39m src/services/websocket/__tests__/websocket-gateway.spec.ts[2m > [22mWebSocket Gateway[2m > [22mgetConversationSubscribers[2m > [22mshould return empty set if no subscribers[32m 0[2mms[22m[39m
 [32m✓[39m src/services/websocket/__tests__/websocket-gateway.spec.ts[2m > [22mWebSocket Gateway[2m > [22mgetConversationSubscribers[2m > [22mshould return empty set on error[32m 0[2mms[22m[39m
[08:06:58 UTC] [32mINFO[39m: [36mAudit logs queried[39m
    [35mcorrelationId[39m: "unknown"
    [35mfilters[39m: {}
    [35mitemCount[39m: 20
    [35mtotal[39m: 834
    [35mpage[39m: 1
    [35mlimit[39m: 20
[08:06:58 UTC] [32mINFO[39m: [36mAudit logs queried[39m
    [35mcorrelationId[39m: "unknown"
    [35mfilters[39m: {
      "actorId": "f40b5775f63a7874f3afb1a6d7956ec7"
    }
    [35mitemCount[39m: 2
    [35mtotal[39m: 2
    [35mpage[39m: 1
    [35mlimit[39m: 20
[08:06:59 UTC] [32mINFO[39m: [36mAudit logs queried[39m
    [35mcorrelationId[39m: "unknown"
    [35mfilters[39m: {
      "action": "conversation_assigned"
    }
    [35mitemCount[39m: 1
    [35mtotal[39m: 1
    [35mpage[39m: 1
    [35mlimit[39m: 20
[08:06:59 UTC] [32mINFO[39m: [36mAudit logs queried[39m
    [35mcorrelationId[39m: "unknown"
    [35mfilters[39m: {
      "entityType": "conversation"
    }
    [35mitemCount[39m: 20
    [35mtotal[39m: 393
    [35mpage[39m: 1
    [35mlimit[39m: 20
[08:06:59 UTC] [32mINFO[39m: [36mAudit logs queried[39m
    [35mcorrelationId[39m: "unknown"
    [35mfilters[39m: {
      "entityId": "aeadeb40-0687-4159-811e-9df4cfa5c2b3"
    }
    [35mitemCount[39m: 3
    [35mtotal[39m: 3
    [35mpage[39m: 1
    [35mlimit[39m: 20
[08:06:59 UTC] [32mINFO[39m: [36mAudit logs queried[39m
    [35mcorrelationId[39m: "unknown"
    [35mfilters[39m: {
      "actorId": "f40b5775f63a7874f3afb1a6d7956ec7",
      "action": "conversation_assigned",
      "entityId": "aeadeb40-0687-4159-811e-9df4cfa5c2b3"
    }
    [35mitemCount[39m: 1
    [35mtotal[39m: 1
    [35mpage[39m: 1
    [35mlimit[39m: 20
[08:06:59 UTC] [32mINFO[39m: [36mAudit logs queried[39m
    [35mcorrelationId[39m: "unknown"
    [35mfilters[39m: {
      "dateFrom": "2026-02-19T08:06:59.029Z"
    }
    [35mitemCount[39m: 20
    [35mtotal[39m: 834
    [35mpage[39m: 1
    [35mlimit[39m: 20
 [32m✓[39m tests/auditLogsQuery-controller.spec.ts[2m > [22mAudit Logs Query Controller[2m > [22mGET /api/audit-logs[2m > [22mAuthorization[2m > [22mshould allow admin role[32m 20[2mms[22m[39m
 [32m✓[39m tests/auditLogsQuery-controller.spec.ts[2m > [22mAudit Logs Query Controller[2m > [22mGET /api/audit-logs[2m > [22mBasic Querying[2m > [22mshould return audit logs with pagination[32m 11[2mms[22m[39m
 [32m✓[39m tests/auditLogsQuery-controller.spec.ts[2m > [22mAudit Logs Query Controller[2m > [22mGET /api/audit-logs[2m > [22mBasic Querying[2m > [22mshould return items in descending order by createdAt[32m 10[2mms[22m[39m
 [32m✓[39m tests/auditLogsQuery-controller.spec.ts[2m > [22mAudit Logs Query Controller[2m > [22mGET /api/audit-logs[2m > [22mBasic Querying[2m > [22mshould return default page size of 20[32m 11[2mms[22m[39m
 [32m✓[39m tests/auditLogsQuery-controller.spec.ts[2m > [22mAudit Logs Query Controller[2m > [22mGET /api/audit-logs[2m > [22mFiltering[2m > [22mshould filter by actorId[32m 13[2mms[22m[39m
 [32m✓[39m tests/auditLogsQuery-controller.spec.ts[2m > [22mAudit Logs Query Controller[2m > [22mGET /api/audit-logs[2m > [22mFiltering[2m > [22mshould filter by action[32m 10[2mms[22m[39m
 [32m✓[39m tests/auditLogsQuery-controller.spec.ts[2m > [22mAudit Logs Query Controller[2m > [22mGET /api/audit-logs[2m > [22mFiltering[2m > [22mshould filter by entityType[32m 7[2mms[22m[39m
 [32m✓[39m tests/auditLogsQuery-controller.spec.ts[2m > [22mAudit Logs Query Controller[2m > [22mGET /api/audit-logs[2m > [22mFiltering[2m > [22mshould filter by entityId[32m 9[2mms[22m[39m
 [32m✓[39m tests/auditLogsQuery-controller.spec.ts[2m > [22mAudit Logs Query Controller[2m > [22mGET /api/audit-logs[2m > [22mFiltering[2m > [22mshould combine multiple filters[32m 7[2mms[22m[39m
 [32m✓[39m tests/auditLogsQuery-controller.spec.ts[2m > [22mAudit Logs Query Controller[2m > [22mGET /api/audit-logs[2m > [22mDate Range Filtering[2m > [22mshould accept dateFrom parameter[32m 7[2mms[22m[39m
[08:06:59 UTC] [32mINFO[39m: [36mAudit logs queried[39m
    [35mcorrelationId[39m: "unknown"
    [35mfilters[39m: {
      "dateTo": "2026-02-21T08:06:59.036Z"
    }
    [35mitemCount[39m: 20
    [35mtotal[39m: 834
    [35mpage[39m: 1
    [35mlimit[39m: 20
[08:06:59 UTC] [31mERROR[39m: [36mFailed to query audit logs[39m
    [35mcorrelationId[39m: "unknown"
    [35mfilters[39m: {
      "dateFrom": "not-a-date"
    }
    error: "Invalid dateFrom format. Expected ISO 8601 string."
[08:06:59 UTC] [33mWARN[39m: [36mInvalid audit log query parameters[39m
    [35mcorrelationId[39m: "unknown"
    error: "Failed to query audit logs: Invalid dateFrom format. Expected ISO 8601 string."
[08:06:59 UTC] [31mERROR[39m: [36mFailed to query audit logs[39m
    [35mcorrelationId[39m: "unknown"
    [35mfilters[39m: {
      "dateFrom": "2026-02-20T08:06:59.050Z",
      "dateTo": "2026-02-19T08:06:59.050Z"
    }
    error: "dateFrom must be before or equal to dateTo."
[08:06:59 UTC] [33mWARN[39m: [36mInvalid audit log query parameters[39m
    [35mcorrelationId[39m: "unknown"
    error: "Failed to query audit logs: dateFrom must be before or equal to dateTo."
[08:06:59 UTC] [32mINFO[39m: [36mAudit logs queried[39m
    [35mcorrelationId[39m: "unknown"
    [35mfilters[39m: {
      "page": 2,
      "limit": 5
    }
    [35mitemCount[39m: 5
    [35mtotal[39m: 834
    [35mpage[39m: 2
    [35mlimit[39m: 5
 [32m✓[39m tests/unit/services/notifications.service.test.ts[2m > [22mNotificationsService[2m > [22mcreateNotification[2m > [22mshould create a notification with required fields[32m 3[2mms[22m[39m
 [32m✓[39m tests/unit/services/notifications.service.test.ts[2m > [22mNotificationsService[2m > [22mcreateNotification[2m > [22mshould create mention notification[32m 0[2mms[22m[39m
 [32m✓[39m tests/unit/services/notifications.service.test.ts[2m > [22mNotificationsService[2m > [22mcreateNotification[2m > [22mshould handle deduplication by (user_id, conversation_id, type)[32m 0[2mms[22m[39m
 [32m✓[39m tests/unit/services/notifications.service.test.ts[2m > [22mNotificationsService[2m > [22mcreateNotification[2m > [22mshould throw error if user not found[32m 0[2mms[22m[39m
 [32m✓[39m tests/unit/services/notifications.service.test.ts[2m > [22mNotificationsService[2m > [22mcreateNotification[2m > [22mshould allow null conversationId for non-conversation notifications[32m 0[2mms[22m[39m
 [32m✓[39m tests/unit/services/notifications.service.test.ts[2m > [22mNotificationsService[2m > [22mlistNotifications[2m > [22mshould list notifications with pagination[32m 0[2mms[22m[39m
 [32m✓[39m tests/unit/services/notifications.service.test.ts[2m > [22mNotificationsService[2m > [22mlistNotifications[2m > [22mshould enforce page size limit of 100[32m 0[2mms[22m[39m
 [32m✓[39m tests/unit/services/notifications.service.test.ts[2m > [22mNotificationsService[2m > [22mlistNotifications[2m > [22mshould return empty list if user has no notifications[32m 0[2mms[22m[39m
 [32m✓[39m tests/unit/services/notifications.service.test.ts[2m > [22mNotificationsService[2m > [22mlistNotifications[2m > [22mshould sort notifications by creation date (newest first)[32m 0[2mms[22m[39m
 [32m✓[39m tests/unit/services/notifications.service.test.ts[2m > [22mNotificationsService[2m > [22mlistNotifications[2m > [22mshould support page parameter validation[32m 0[2mms[22m[39m
 [32m✓[39m tests/unit/services/notifications.service.test.ts[2m > [22mNotificationsService[2m > [22mmarkNotificationRead[2m > [22mshould mark notification as read[32m 0[2mms[22m[39m
 [32m✓[39m tests/unit/services/notifications.service.test.ts[2m > [22mNotificationsService[2m > [22mmarkNotificationRead[2m > [22mshould throw error if notification not found[32m 0[2mms[22m[39m
 [32m✓[39m tests/unit/services/notifications.service.test.ts[2m > [22mNotificationsService[2m > [22mmarkNotificationRead[2m > [22mshould throw error if user doesn't own notification[32m 0[2mms[22m[39m
 [32m✓[39m tests/unit/services/notifications.service.test.ts[2m > [22mNotificationsService[2m > [22mmarkNotificationRead[2m > [22mshould only allow user to mark their own notifications[32m 0[2mms[22m[39m
 [32m✓[39m tests/unit/services/notifications.service.test.ts[2m > [22mNotificationsService[2m > [22mdismissNotification[2m > [22mshould delete notification from database[32m 0[2mms[22m[39m
 [32m✓[39m tests/unit/services/notifications.service.test.ts[2m > [22mNotificationsService[2m > [22mdismissNotification[2m > [22mshould throw error if notification not found[32m 0[2mms[22m[39m
 [32m✓[39m tests/unit/services/notifications.service.test.ts[2m > [22mNotificationsService[2m > [22mdismissNotification[2m > [22mshould enforce user ownership before deletion[32m 0[2mms[22m[39m
 [32m✓[39m tests/unit/services/notifications.service.test.ts[2m > [22mNotificationsService[2m > [22mdismissNotification[2m > [22mshould prevent cross-user deletion attempts[32m 0[2mms[22m[39m
 [32m✓[39m tests/unit/services/notifications.service.test.ts[2m > [22mNotificationsService[2m > [22mmarkAllNotificationsRead[2m > [22mshould mark all unread notifications as read[32m 0[2mms[22m[39m
 [32m✓[39m tests/unit/services/notifications.service.test.ts[2m > [22mNotificationsService[2m > [22mmarkAllNotificationsRead[2m > [22mshould return count of marked notifications[32m 0[2mms[22m[39m
 [32m✓[39m tests/unit/services/notifications.service.test.ts[2m > [22mNotificationsService[2m > [22mmarkAllNotificationsRead[2m > [22mshould return 0 if no unread notifications[32m 0[2mms[22m[39m
 [32m✓[39m tests/unit/services/notifications.service.test.ts[2m > [22mNotificationsService[2m > [22mmarkAllNotificationsRead[2m > [22mshould only affect current user's notifications[32m 0[2mms[22m[39m
 [32m✓[39m tests/unit/services/notifications.service.test.ts[2m > [22mNotificationsService[2m > [22mUser Isolation[2m > [22mshould prevent users from accessing other users' notifications[32m 0[2mms[22m[39m
 [32m✓[39m tests/unit/services/notifications.service.test.ts[2m > [22mNotificationsService[2m > [22mUser Isolation[2m > [22mshould enforce user_id check in all operations[32m 0[2mms[22m[39m
 [32m✓[39m tests/unit/services/notifications.service.test.ts[2m > [22mNotificationsService[2m > [22mUser Isolation[2m > [22mshould verify user exists before creating notification[32m 0[2mms[22m[39m
 [32m✓[39m tests/unit/services/notifications.service.test.ts[2m > [22mNotificationsService[2m > [22mNotification Types[2m > [22mshould support assignment notification type[32m 0[2mms[22m[39m
 [32m✓[39m tests/unit/services/notifications.service.test.ts[2m > [22mNotificationsService[2m > [22mNotification Types[2m > [22mshould support mention notification type[32m 0[2mms[22m[39m
 [32m✓[39m tests/unit/services/notifications.service.test.ts[2m > [22mNotificationsService[2m > [22mNotification Types[2m > [22mshould reject invalid notification types[32m 0[2mms[22m[39m
 [32m✓[39m tests/unit/services/notifications.service.test.ts[2m > [22mNotificationsService[2m > [22mError Handling[2m > [22mshould throw error if user not found during creation[32m 0[2mms[22m[39m
 [32m✓[39m tests/unit/services/notifications.service.test.ts[2m > [22mNotificationsService[2m > [22mError Handling[2m > [22mshould throw error on database operation failure[32m 0[2mms[22m[39m
 [32m✓[39m tests/unit/services/notifications.service.test.ts[2m > [22mNotificationsService[2m > [22mError Handling[2m > [22mshould provide clear error messages for access denied[32m 0[2mms[22m[39m
 [32m✓[39m tests/unit/services/notifications.service.test.ts[2m > [22mNotificationsService[2m > [22mDeduplication Logic[2m > [22mshould use (user_id, conversation_id, type) as dedup key[32m 0[2mms[22m[39m
 [32m✓[39m tests/unit/services/notifications.service.test.ts[2m > [22mNotificationsService[2m > [22mDeduplication Logic[2m > [22mshould allow multiple notifications of different types for same conversation[32m 0[2mms[22m[39m
 [32m✓[39m tests/unit/services/notifications.service.test.ts[2m > [22mNotificationsService[2m > [22mDeduplication Logic[2m > [22mshould allow multiple notifications for different conversations[32m 0[2mms[22m[39m
[08:06:59 UTC] [32mINFO[39m: [36mAudit logs queried[39m
    [35mcorrelationId[39m: "unknown"
    [35mfilters[39m: {
      "limit": 50
    }
    [35mitemCount[39m: 50
    [35mtotal[39m: 834
    [35mpage[39m: 1
    [35mlimit[39m: 50
 [32m✓[39m tests/BE-007-inbox-api.spec.ts[2m > [22mBE-007: Inbox API (GET /conversations with filters)[2m > [22mFiltering[2m > [22mshould filter by priority[32m 16[2mms[22m[39m
 [32m✓[39m tests/BE-007-inbox-api.spec.ts[2m > [22mBE-007: Inbox API (GET /conversations with filters)[2m > [22mFiltering[2m > [22mshould filter by assignedUserId[32m 29[2mms[22m[39m
 [32m✓[39m tests/BE-007-inbox-api.spec.ts[2m > [22mBE-007: Inbox API (GET /conversations with filters)[2m > [22mFiltering[2m > [22mshould combine multiple filters[32m 11[2mms[22m[39m
[08:06:59 UTC] [32mINFO[39m: [36mAudit logs queried[39m
    [35mcorrelationId[39m: "unknown"
    [35mfilters[39m: {
      "limit": 500
    }
    [35mitemCount[39m: 100
    [35mtotal[39m: 834
    [35mpage[39m: 1
    [35mlimit[39m: 100
[08:06:59 UTC] [32mINFO[39m: [36mAudit logs queried[39m
    [35mcorrelationId[39m: "unknown"
    [35mfilters[39m: {
      "limit": 5
    }
    [35mitemCount[39m: 5
    [35mtotal[39m: 834
    [35mpage[39m: 1
    [35mlimit[39m: 5
[08:06:59 UTC] [32mINFO[39m: [36mAudit logs queried[39m
    [35mcorrelationId[39m: "unknown"
    [35mfilters[39m: {
      "page": -1
    }
    [35mitemCount[39m: 20
    [35mtotal[39m: 834
    [35mpage[39m: 1
    [35mlimit[39m: 20
[08:06:59 UTC] [32mINFO[39m: [36mAudit logs queried[39m
    [35mcorrelationId[39m: "unknown"
    [35mfilters[39m: {
      "entityId": "aeadeb40-0687-4159-811e-9df4cfa5c2b3"
    }
    [35mitemCount[39m: 3
    [35mtotal[39m: 3
    [35mpage[39m: 1
    [35mlimit[39m: 20
[08:06:59 UTC] [32mINFO[39m: [36mAudit logs queried[39m
    [35mcorrelationId[39m: "unknown"
    [35mfilters[39m: {
      "entityId": "aeadeb40-0687-4159-811e-9df4cfa5c2b3"
    }
    [35mitemCount[39m: 3
    [35mtotal[39m: 3
    [35mpage[39m: 1
    [35mlimit[39m: 20
[08:06:59 UTC] [32mINFO[39m: [36mAudit logs queried[39m
    [35mcorrelationId[39m: "unknown"
    [35mfilters[39m: {
      "entityId": "aeadeb40-0687-4159-811e-9df4cfa5c2b3"
    }
    [35mitemCount[39m: 3
    [35mtotal[39m: 3
    [35mpage[39m: 1
    [35mlimit[39m: 20
[08:06:59 UTC] [32mINFO[39m: [36mAudit logs queried[39m
    [35mcorrelationId[39m: "unknown"
    [35mfilters[39m: {
      "action": "conversation_assigned",
      "entityId": "aeadeb40-0687-4159-811e-9df4cfa5c2b3"
    }
    [35mitemCount[39m: 1
    [35mtotal[39m: 1
    [35mpage[39m: 1
    [35mlimit[39m: 20
[08:06:59 UTC] [32mINFO[39m: [36mAudit logs queried[39m
    [35mcorrelationId[39m: "unknown"
    [35mfilters[39m: {
      "page": 1,
      "limit": 10,
      "entityId": "aeadeb40-0687-4159-811e-9df4cfa5c2b3"
    }
    [35mitemCount[39m: 3
    [35mtotal[39m: 3
    [35mpage[39m: 1
    [35mlimit[39m: 10
 [32m✓[39m tests/auditLogsQuery-controller.spec.ts[2m > [22mAudit Logs Query Controller[2m > [22mGET /api/audit-logs[2m > [22mDate Range Filtering[2m > [22mshould accept dateTo parameter[32m 7[2mms[22m[39m
 [32m✓[39m tests/auditLogsQuery-controller.spec.ts[2m > [22mAudit Logs Query Controller[2m > [22mGET /api/audit-logs[2m > [22mDate Range Filtering[2m > [22mshould reject invalid dateFrom format[32m 7[2mms[22m[39m
 [32m✓[39m tests/auditLogsQuery-controller.spec.ts[2m > [22mAudit Logs Query Controller[2m > [22mGET /api/audit-logs[2m > [22mDate Range Filtering[2m > [22mshould reject dateFrom > dateTo[32m 5[2mms[22m[39m
 [32m✓[39m tests/auditLogsQuery-controller.spec.ts[2m > [22mAudit Logs Query Controller[2m > [22mGET /api/audit-logs[2m > [22mPagination[2m > [22mshould respect page parameter[32m 7[2mms[22m[39m
 [32m✓[39m tests/auditLogsQuery-controller.spec.ts[2m > [22mAudit Logs Query Controller[2m > [22mGET /api/audit-logs[2m > [22mPagination[2m > [22mshould respect limit parameter (max 100)[32m 10[2mms[22m[39m
 [32m✓[39m tests/auditLogsQuery-controller.spec.ts[2m > [22mAudit Logs Query Controller[2m > [22mGET /api/audit-logs[2m > [22mPagination[2m > [22mshould cap limit at 100[32m 7[2mms[22m[39m
 [32m✓[39m tests/auditLogsQuery-controller.spec.ts[2m > [22mAudit Logs Query Controller[2m > [22mGET /api/audit-logs[2m > [22mPagination[2m > [22mshould calculate correct number of pages[32m 5[2mms[22m[39m
 [32m✓[39m tests/auditLogsQuery-controller.spec.ts[2m > [22mAudit Logs Query Controller[2m > [22mGET /api/audit-logs[2m > [22mPagination[2m > [22mshould default to page 1 if invalid[32m 6[2mms[22m[39m
 [32m✓[39m tests/auditLogsQuery-controller.spec.ts[2m > [22mAudit Logs Query Controller[2m > [22mGET /api/audit-logs[2m > [22mResponse Format[2m > [22mshould include all required fields in items[32m 6[2mms[22m[39m
 [32m✓[39m tests/auditLogsQuery-controller.spec.ts[2m > [22mAudit Logs Query Controller[2m > [22mGET /api/audit-logs/conversations/:conversationId[2m > [22mAuthorization[2m > [22mshould reject unauthenticated requests[32m 2[2mms[22m[39m
 [32m✓[39m tests/auditLogsQuery-controller.spec.ts[2m > [22mAudit Logs Query Controller[2m > [22mGET /api/audit-logs/conversations/:conversationId[2m > [22mAuthorization[2m > [22mshould reject user role[32m 3[2mms[22m[39m
 [32m✓[39m tests/auditLogsQuery-controller.spec.ts[2m > [22mAudit Logs Query Controller[2m > [22mGET /api/audit-logs/conversations/:conversationId[2m > [22mAuthorization[2m > [22mshould allow manager role[32m 7[2mms[22m[39m
 [32m✓[39m tests/auditLogsQuery-controller.spec.ts[2m > [22mAudit Logs Query Controller[2m > [22mGET /api/audit-logs/conversations/:conversationId[2m > [22mConversation-Scoped Query[2m > [22mshould return only logs for the specified conversation[32m 8[2mms[22m[39m
 [32m✓[39m tests/auditLogsQuery-controller.spec.ts[2m > [22mAudit Logs Query Controller[2m > [22mGET /api/audit-logs/conversations/:conversationId[2m > [22mConversation-Scoped Query[2m > [22mshould support action filter[32m 7[2mms[22m[39m
 [32m✓[39m tests/auditLogsQuery-controller.spec.ts[2m > [22mAudit Logs Query Controller[2m > [22mGET /api/audit-logs/conversations/:conversationId[2m > [22mConversation-Scoped Query[2m > [22mshould support pagination[32m 7[2mms[22m[39m
[08:06:59 UTC] [32mINFO[39m: [36mAudit logs queried[39m
    [35mcorrelationId[39m: "unknown"
    [35mfilters[39m: {
      "entityId": "aeadeb40-0687-4159-811e-9df4cfa5c2b3",
      "page": 1,
      "limit": 100
    }
    [35mitemCount[39m: 3
    [35mtotal[39m: 3
    [35mpage[39m: 1
    [35mlimit[39m: 100
[08:06:59 UTC] [32mINFO[39m: [36mAudit logs exported[39m
    [35mcorrelationId[39m: "unknown"
    [35mformat[39m: "csv"
    [35mcount[39m: 3
    [35mtotalPages[39m: 1
    [35mfilters[39m: {
      "entityId": "aeadeb40-0687-4159-811e-9df4cfa5c2b3"
    }
[08:06:59 UTC] [32mINFO[39m: [36mAudit logs queried[39m
    [35mcorrelationId[39m: "unknown"
    [35mfilters[39m: {
      "entityId": "aeadeb40-0687-4159-811e-9df4cfa5c2b3",
      "page": 1,
      "limit": 100
    }
    [35mitemCount[39m: 3
    [35mtotal[39m: 3
    [35mpage[39m: 1
    [35mlimit[39m: 100
[08:06:59 UTC] [32mINFO[39m: [36mAudit logs exported[39m
    [35mcorrelationId[39m: "unknown"
    [35mformat[39m: "csv"
    [35mcount[39m: 3
    [35mtotalPages[39m: 1
    [35mfilters[39m: {
      "entityId": "aeadeb40-0687-4159-811e-9df4cfa5c2b3"
    }
 [32m✓[39m src/services/__tests__/tags.service.spec.ts[2m > [22mTagsService - Validation Logic[2m > [22mTag name validation[2m > [22mshould accept valid tag names[32m 2[2mms[22m[39m
 [32m✓[39m src/services/__tests__/tags.service.spec.ts[2m > [22mTagsService - Validation Logic[2m > [22mTag name validation[2m > [22mshould reject empty tag names[32m 0[2mms[22m[39m
 [32m✓[39m src/services/__tests__/tags.service.spec.ts[2m > [22mTagsService - Validation Logic[2m > [22mTag name validation[2m > [22mshould reject tag names over 255 characters[32m 0[2mms[22m[39m
 [32m✓[39m src/services/__tests__/tags.service.spec.ts[2m > [22mTagsService - Validation Logic[2m > [22mTag name validation[2m > [22mshould trim whitespace from tag names[32m 0[2mms[22m[39m
 [32m✓[39m src/services/__tests__/tags.service.spec.ts[2m > [22mTagsService - Validation Logic[2m > [22mColor validation[2m > [22mshould use default color if not provided[32m 0[2mms[22m[39m
 [32m✓[39m src/services/__tests__/tags.service.spec.ts[2m > [22mTagsService - Validation Logic[2m > [22mColor validation[2m > [22mshould accept valid hex color codes[32m 1[2mms[22m[39m
 [32m✓[39m src/services/__tests__/tags.service.spec.ts[2m > [22mTagsService - Validation Logic[2m > [22mTag ID type handling[2m > [22mshould accept numeric tag IDs[32m 0[2mms[22m[39m
 [32m✓[39m src/services/__tests__/tags.service.spec.ts[2m > [22mTagsService - Validation Logic[2m > [22mTag ID type handling[2m > [22mshould handle string to number conversion for tag IDs[32m 0[2mms[22m[39m
 [32m✓[39m src/services/__tests__/tags.service.spec.ts[2m > [22mTagsService - Validation Logic[2m > [22mConversation ID validation[2m > [22mshould validate conversation IDs as non-empty strings[32m 0[2mms[22m[39m
 [32m✓[39m src/services/__tests__/tags.service.spec.ts[2m > [22mTagsService - Validation Logic[2m > [22mConversation ID validation[2m > [22mshould handle UUID format conversation IDs[32m 0[2mms[22m[39m
 [32m✓[39m src/services/__tests__/tags.service.spec.ts[2m > [22mTagsService - Validation Logic[2m > [22mUser ID validation[2m > [22mshould validate user IDs as non-empty strings[32m 0[2mms[22m[39m
 [32m✓[39m src/services/__tests__/tags.service.spec.ts[2m > [22mTagsService - Validation Logic[2m > [22mRequest body structure[2m > [22mshould validate CreateTagRequest structure[32m 0[2mms[22m[39m
 [32m✓[39m src/services/__tests__/tags.service.spec.ts[2m > [22mTagsService - Validation Logic[2m > [22mRequest body structure[2m > [22mshould validate AttachTagRequest structure[32m 0[2mms[22m[39m
 [32m✓[39m src/services/__tests__/tags.service.spec.ts[2m > [22mTagsService - Validation Logic[2m > [22mResponse structure[2m > [22mshould structure tag response correctly[32m 1[2mms[22m[39m
 [32m✓[39m src/services/__tests__/tags.service.spec.ts[2m > [22mTagsService - Validation Logic[2m > [22mResponse structure[2m > [22mshould structure conversation-with-tags response correctly[32m 0[2mms[22m[39m
 [32m✓[39m src/services/__tests__/tags.service.spec.ts[2m > [22mTagsService - Validation Logic[2m > [22mAudit logging scenarios[2m > [22mshould identify tag.created audit action[32m 0[2mms[22m[39m
 [32m✓[39m src/services/__tests__/tags.service.spec.ts[2m > [22mTagsService - Validation Logic[2m > [22mAudit logging scenarios[2m > [22mshould identify conversation.tag_added audit action[32m 0[2mms[22m[39m
 [32m✓[39m src/services/__tests__/tags.service.spec.ts[2m > [22mTagsService - Validation Logic[2m > [22mAudit logging scenarios[2m > [22mshould identify conversation.tag_removed audit action[32m 0[2mms[22m[39m
 [32m✓[39m src/services/__tests__/tags.service.spec.ts[2m > [22mTagsService - Validation Logic[2m > [22mAudit logging scenarios[2m > [22mshould structure audit metadata for tag creation[32m 0[2mms[22m[39m
 [32m✓[39m src/services/__tests__/tags.service.spec.ts[2m > [22mTagsService - Validation Logic[2m > [22mAudit logging scenarios[2m > [22mshould structure audit metadata for tag attachment[32m 0[2mms[22m[39m
 [32m✓[39m src/services/__tests__/tags.service.spec.ts[2m > [22mTagsService - Validation Logic[2m > [22mError scenarios[2m > [22mshould identify conversation not found error[32m 0[2mms[22m[39m
 [32m✓[39m src/services/__tests__/tags.service.spec.ts[2m > [22mTagsService - Validation Logic[2m > [22mError scenarios[2m > [22mshould identify database error[32m 0[2mms[22m[39m
 [32m✓[39m src/services/__tests__/tags.service.spec.ts[2m > [22mTagsService - Validation Logic[2m > [22mError scenarios[2m > [22mshould structure error response for logging[32m 0[2mms[22m[39m
 [32m✓[39m src/services/__tests__/tags.service.spec.ts[2m > [22mTagsService - Validation Logic[2m > [22mConversation tag association[2m > [22mshould represent M:M relationship between conversations and tags[32m 0[2mms[22m[39m
 [32m✓[39m src/services/__tests__/tags.service.spec.ts[2m > [22mTagsService - Validation Logic[2m > [22mConversation tag association[2m > [22mshould represent duplicate prevention in conversation-tag junction[32m 0[2mms[22m[39m
[08:06:59 UTC] [32mINFO[39m: [36mAudit logs queried[39m
    [35mcorrelationId[39m: "unknown"
    [35mfilters[39m: {
      "entityId": "aeadeb40-0687-4159-811e-9df4cfa5c2b3",
      "page": 1,
      "limit": 100
    }
    [35mitemCount[39m: 3
    [35mtotal[39m: 3
    [35mpage[39m: 1
    [35mlimit[39m: 100
[08:06:59 UTC] [32mINFO[39m: [36mAudit logs exported[39m
    [35mcorrelationId[39m: "unknown"
    [35mformat[39m: "csv"
    [35mcount[39m: 3
    [35mtotalPages[39m: 1
    [35mfilters[39m: {
      "entityId": "aeadeb40-0687-4159-811e-9df4cfa5c2b3"
    }
[08:06:59 UTC] [32mINFO[39m: [36mAudit logs queried[39m
    [35mcorrelationId[39m: "unknown"
    [35mfilters[39m: {
      "entityId": "aeadeb40-0687-4159-811e-9df4cfa5c2b3",
      "page": 1,
      "limit": 100
    }
    [35mitemCount[39m: 3
    [35mtotal[39m: 3
    [35mpage[39m: 1
    [35mlimit[39m: 100
[08:06:59 UTC] [32mINFO[39m: [36mAudit logs exported[39m
    [35mcorrelationId[39m: "unknown"
    [35mformat[39m: "csv"
    [35mcount[39m: 3
    [35mtotalPages[39m: 1
    [35mfilters[39m: {
      "entityId": "aeadeb40-0687-4159-811e-9df4cfa5c2b3"
    }
 [32m✓[39m tests/BE-007-inbox-api.spec.ts[2m > [22mBE-007: Inbox API (GET /conversations with filters)[2m > [22mSearch[2m > [22mshould search by title/externalThreadId[32m 74[2mms[22m[39m
 [32m✓[39m tests/BE-007-inbox-api.spec.ts[2m > [22mBE-007: Inbox API (GET /conversations with filters)[2m > [22mDate Range Filtering[2m > [22mshould filter by dateFrom[32m 32[2mms[22m[39m
 [32m✓[39m tests/BE-007-inbox-api.spec.ts[2m > [22mBE-007: Inbox API (GET /conversations with filters)[2m > [22mDate Range Filtering[2m > [22mshould filter by dateTo[32m 20[2mms[22m[39m
 [32m✓[39m tests/BE-007-inbox-api.spec.ts[2m > [22mBE-007: Inbox API (GET /conversations with filters)[2m > [22mDate Range Filtering[2m > [22mshould filter by date range[32m 33[2mms[22m[39m
[08:06:59 UTC] [32mINFO[39m: [36mAudit logs queried[39m
    [35mcorrelationId[39m: "unknown"
    [35mfilters[39m: {
      "entityId": "aeadeb40-0687-4159-811e-9df4cfa5c2b3",
      "page": 1,
      "limit": 100
    }
    [35mitemCount[39m: 3
    [35mtotal[39m: 3
    [35mpage[39m: 1
    [35mlimit[39m: 100
[08:06:59 UTC] [32mINFO[39m: [36mAudit logs exported[39m
    [35mcorrelationId[39m: "unknown"
    [35mformat[39m: "csv"
    [35mcount[39m: 3
    [35mtotalPages[39m: 1
    [35mfilters[39m: {
      "entityId": "aeadeb40-0687-4159-811e-9df4cfa5c2b3"
    }
[08:06:59 UTC] [32mINFO[39m: [36mAudit logs queried[39m
    [35mcorrelationId[39m: "unknown"
    [35mfilters[39m: {
      "entityId": "aeadeb40-0687-4159-811e-9df4cfa5c2b3",
      "page": 1,
      "limit": 100
    }
    [35mitemCount[39m: 3
    [35mtotal[39m: 3
    [35mpage[39m: 1
    [35mlimit[39m: 100
[08:06:59 UTC] [32mINFO[39m: [36mAudit logs exported[39m
    [35mcorrelationId[39m: "unknown"
    [35mformat[39m: "json"
    [35mcount[39m: 3
    [35mtotalPages[39m: 1
    [35mfilters[39m: {
      "entityId": "aeadeb40-0687-4159-811e-9df4cfa5c2b3"
    }
[08:06:59 UTC] [32mINFO[39m: [36mAudit logs queried[39m
    [35mcorrelationId[39m: "unknown"
    [35mfilters[39m: {
      "entityId": "aeadeb40-0687-4159-811e-9df4cfa5c2b3",
      "page": 1,
      "limit": 100
    }
    [35mitemCount[39m: 3
    [35mtotal[39m: 3
    [35mpage[39m: 1
    [35mlimit[39m: 100
[08:06:59 UTC] [32mINFO[39m: [36mAudit logs exported[39m
    [35mcorrelationId[39m: "unknown"
    [35mformat[39m: "json"
    [35mcount[39m: 3
    [35mtotalPages[39m: 1
    [35mfilters[39m: {
      "entityId": "aeadeb40-0687-4159-811e-9df4cfa5c2b3"
    }
 [32m✓[39m src/services/websocket/__tests__/handler-registry.spec.ts[2m > [22mHandler Registry[2m > [22mgetRegisteredEvents[2m > [22mshould return all 8 registered event names[32m 22[2mms[22m[39m
 [32m✓[39m src/services/websocket/__tests__/handler-registry.spec.ts[2m > [22mHandler Registry[2m > [22misEventRegistered[2m > [22mshould return true for registered events[32m 1[2mms[22m[39m
 [32m✓[39m src/services/websocket/__tests__/handler-registry.spec.ts[2m > [22mHandler Registry[2m > [22misEventRegistered[2m > [22mshould return false for unregistered events[32m 0[2mms[22m[39m
 [32m✓[39m src/services/websocket/__tests__/handler-registry.spec.ts[2m > [22mHandler Registry[2m > [22memitEvent[2m > [22mshould emit conversation.updated with correct payload[32m 6[2mms[22m[39m
 [32m✓[39m src/services/websocket/__tests__/handler-registry.spec.ts[2m > [22mHandler Registry[2m > [22memitEvent[2m > [22mshould emit message.sent with correct payload[32m 1[2mms[22m[39m
 [32m✓[39m src/services/websocket/__tests__/handler-registry.spec.ts[2m > [22mHandler Registry[2m > [22memitEvent[2m > [22mshould emit message.failed with correct payload[32m 1[2mms[22m[39m
 [32m✓[39m src/services/websocket/__tests__/handler-registry.spec.ts[2m > [22mHandler Registry[2m > [22memitEvent[2m > [22mshould emit typing.started with correct payload[32m 1[2mms[22m[39m
 [32m✓[39m src/services/websocket/__tests__/handler-registry.spec.ts[2m > [22mHandler Registry[2m > [22memitEvent[2m > [22mshould emit typing.stopped with correct payload[32m 1[2mms[22m[39m
 [32m✓[39m src/services/websocket/__tests__/handler-registry.spec.ts[2m > [22mHandler Registry[2m > [22memitEvent[2m > [22mshould emit presence.updated with correct payload[32m 1[2mms[22m[39m
 [32m✓[39m src/services/websocket/__tests__/handler-registry.spec.ts[2m > [22mHandler Registry[2m > [22memitEvent[2m > [22mshould emit reaction.added with correct payload[32m 1[2mms[22m[39m
 [32m✓[39m src/services/websocket/__tests__/handler-registry.spec.ts[2m > [22mHandler Registry[2m > [22memitEvent[2m > [22mshould emit reaction.removed with correct payload[32m 1[2mms[22m[39m
 [32m✓[39m src/services/websocket/__tests__/handler-registry.spec.ts[2m > [22mHandler Registry[2m > [22memitEvent[2m > [22mshould reject invalid payload for message.sent[32m 2[2mms[22m[39m
 [32m✓[39m src/services/websocket/__tests__/handler-registry.spec.ts[2m > [22mHandler Registry[2m > [22memitEvent[2m > [22mshould reject invalid payload for presence.updated[32m 0[2mms[22m[39m
 [32m✓[39m src/services/websocket/__tests__/handler-registry.spec.ts[2m > [22mHandler Registry[2m > [22memitEvent error handling[2m > [22mshould handle handler execution errors gracefully[32m 1[2mms[22m[39m
[08:06:59 UTC] [32mINFO[39m: [36mAudit logs queried[39m
    [35mcorrelationId[39m: "unknown"
    [35mfilters[39m: {
      "actorId": "f40b5775f63a7874f3afb1a6d7956ec7",
      "page": 1,
      "limit": 100
    }
    [35mitemCount[39m: 2
    [35mtotal[39m: 2
    [35mpage[39m: 1
    [35mlimit[39m: 100
[08:06:59 UTC] [32mINFO[39m: [36mAudit logs exported[39m
    [35mcorrelationId[39m: "unknown"
    [35mformat[39m: "json"
    [35mcount[39m: 2
    [35mtotalPages[39m: 1
    [35mfilters[39m: {
      "actorId": "f40b5775f63a7874f3afb1a6d7956ec7"
    }
[08:06:59 UTC] [32mINFO[39m: [36mAudit logs queried[39m
    [35mcorrelationId[39m: "unknown"
    [35mfilters[39m: {
      "action": "conversation_assigned",
      "page": 1,
      "limit": 100
    }
    [35mitemCount[39m: 1
    [35mtotal[39m: 1
    [35mpage[39m: 1
    [35mlimit[39m: 100
[08:06:59 UTC] [32mINFO[39m: [36mAudit logs exported[39m
    [35mcorrelationId[39m: "unknown"
    [35mformat[39m: "json"
    [35mcount[39m: 1
    [35mtotalPages[39m: 1
    [35mfilters[39m: {
      "action": "conversation_assigned"
    }
[08:06:59 UTC] [32mINFO[39m: [36mAudit logs queried[39m
    [35mcorrelationId[39m: "unknown"
    [35mfilters[39m: {
      "entityId": "aeadeb40-0687-4159-811e-9df4cfa5c2b3",
      "actorId": "f40b5775f63a7874f3afb1a6d7956ec7",
      "page": 1,
      "limit": 100
    }
    [35mitemCount[39m: 2
    [35mtotal[39m: 2
    [35mpage[39m: 1
    [35mlimit[39m: 100
[08:06:59 UTC] [32mINFO[39m: [36mAudit logs exported[39m
    [35mcorrelationId[39m: "unknown"
    [35mformat[39m: "json"
    [35mcount[39m: 2
    [35mtotalPages[39m: 1
    [35mfilters[39m: {
      "entityId": "aeadeb40-0687-4159-811e-9df4cfa5c2b3",
      "actorId": "f40b5775f63a7874f3afb1a6d7956ec7"
    }
 [32m✓[39m tests/auditLogsQuery-controller.spec.ts[2m > [22mAudit Logs Query Controller[2m > [22mPOST /api/audit-logs/export[2m > [22mAuthorization[2m > [22mshould reject unauthenticated requests[32m 8[2mms[22m[39m
 [32m✓[39m tests/auditLogsQuery-controller.spec.ts[2m > [22mAudit Logs Query Controller[2m > [22mPOST /api/audit-logs/export[2m > [22mAuthorization[2m > [22mshould reject manager role (admin+ only)[32m 4[2mms[22m[39m
 [32m✓[39m tests/auditLogsQuery-controller.spec.ts[2m > [22mAudit Logs Query Controller[2m > [22mPOST /api/audit-logs/export[2m > [22mAuthorization[2m > [22mshould reject user role[32m 5[2mms[22m[39m
 [32m✓[39m tests/auditLogsQuery-controller.spec.ts[2m > [22mAudit Logs Query Controller[2m > [22mPOST /api/audit-logs/export[2m > [22mAuthorization[2m > [22mshould allow admin role[32m 5[2mms[22m[39m
 [32m✓[39m tests/auditLogsQuery-controller.spec.ts[2m > [22mAudit Logs Query Controller[2m > [22mPOST /api/audit-logs/export[2m > [22mCSV Export[2m > [22mshould export as CSV[32m 7[2mms[22m[39m
 [32m✓[39m tests/auditLogsQuery-controller.spec.ts[2m > [22mAudit Logs Query Controller[2m > [22mPOST /api/audit-logs/export[2m > [22mCSV Export[2m > [22mshould include audit log entries in CSV[32m 7[2mms[22m[39m
 [32m✓[39m tests/auditLogsQuery-controller.spec.ts[2m > [22mAudit Logs Query Controller[2m > [22mPOST /api/audit-logs/export[2m > [22mCSV Export[2m > [22mshould include Content-Disposition header[32m 8[2mms[22m[39m
 [32m✓[39m tests/auditLogsQuery-controller.spec.ts[2m > [22mAudit Logs Query Controller[2m > [22mPOST /api/audit-logs/export[2m > [22mCSV Export[2m > [22mshould protect against CSV injection[32m 6[2mms[22m[39m
 [32m✓[39m tests/auditLogsQuery-controller.spec.ts[2m > [22mAudit Logs Query Controller[2m > [22mPOST /api/audit-logs/export[2m > [22mJSON Export[2m > [22mshould export as JSON[32m 6[2mms[22m[39m
 [32m✓[39m tests/auditLogsQuery-controller.spec.ts[2m > [22mAudit Logs Query Controller[2m > [22mPOST /api/audit-logs/export[2m > [22mJSON Export[2m > [22mshould include audit log entries in JSON[32m 4[2mms[22m[39m
 [32m✓[39m tests/auditLogsQuery-controller.spec.ts[2m > [22mAudit Logs Query Controller[2m > [22mPOST /api/audit-logs/export[2m > [22mExport with Filters[2m > [22mshould filter by actorId on export[32m 12[2mms[22m[39m
 [32m✓[39m tests/auditLogsQuery-controller.spec.ts[2m > [22mAudit Logs Query Controller[2m > [22mPOST /api/audit-logs/export[2m > [22mExport with Filters[2m > [22mshould filter by action on export[32m 12[2mms[22m[39m
 [32m✓[39m tests/auditLogsQuery-controller.spec.ts[2m > [22mAudit Logs Query Controller[2m > [22mPOST /api/audit-logs/export[2m > [22mExport with Filters[2m > [22mshould accept multiple filters on export[32m 14[2mms[22m[39m
[08:06:59 UTC] [32mINFO[39m: [36mAudit logs queried[39m
    [35mcorrelationId[39m: "unknown"
    [35mfilters[39m: {
      "entityId": "aeadeb40-0687-4159-811e-9df4cfa5c2b3",
      "page": 1,
      "limit": 100
    }
    [35mitemCount[39m: 3
    [35mtotal[39m: 3
    [35mpage[39m: 1
    [35mlimit[39m: 100
[08:06:59 UTC] [32mINFO[39m: [36mAudit logs exported[39m
    [35mcorrelationId[39m: "unknown"
    [35mformat[39m: "csv"
    [35mcount[39m: 3
    [35mtotalPages[39m: 1
    [35mfilters[39m: {
      "entityId": "aeadeb40-0687-4159-811e-9df4cfa5c2b3"
    }
[08:06:59 UTC] [32mINFO[39m: [36mAudit logs queried[39m
    [35mcorrelationId[39m: "unknown"
    [35mfilters[39m: {
      "page": 1,
      "limit": 100
    }
    [35mitemCount[39m: 100
    [35mtotal[39m: 834
    [35mpage[39m: 1
    [35mlimit[39m: 100
[08:06:59 UTC] [32mINFO[39m: [36mAudit logs queried[39m
    [35mcorrelationId[39m: "unknown"
    [35mfilters[39m: {
      "page": 2,
      "limit": 100
    }
    [35mitemCount[39m: 100
    [35mtotal[39m: 834
    [35mpage[39m: 2
    [35mlimit[39m: 100
[08:06:59 UTC] [32mINFO[39m: [36mAudit logs queried[39m
    [35mcorrelationId[39m: "unknown"
    [35mfilters[39m: {
      "page": 3,
      "limit": 100
    }
    [35mitemCount[39m: 100
    [35mtotal[39m: 834
    [35mpage[39m: 3
    [35mlimit[39m: 100
[08:06:59 UTC] [32mINFO[39m: [36mAudit logs queried[39m
    [35mcorrelationId[39m: "unknown"
    [35mfilters[39m: {
      "page": 4,
      "limit": 100
    }
    [35mitemCount[39m: 100
    [35mtotal[39m: 834
    [35mpage[39m: 4
    [35mlimit[39m: 100
[08:06:59 UTC] [32mINFO[39m: [36mAudit logs queried[39m
    [35mcorrelationId[39m: "unknown"
    [35mfilters[39m: {
      "page": 5,
      "limit": 100
    }
    [35mitemCount[39m: 100
    [35mtotal[39m: 834
    [35mpage[39m: 5
    [35mlimit[39m: 100
[08:06:59 UTC] [32mINFO[39m: [36mAudit logs queried[39m
    [35mcorrelationId[39m: "unknown"
    [35mfilters[39m: {
      "page": 6,
      "limit": 100
    }
    [35mitemCount[39m: 100
    [35mtotal[39m: 834
    [35mpage[39m: 6
    [35mlimit[39m: 100
[08:06:59 UTC] [32mINFO[39m: [36mAudit logs queried[39m
    [35mcorrelationId[39m: "unknown"
    [35mfilters[39m: {
      "page": 7,
      "limit": 100
    }
    [35mitemCount[39m: 100
    [35mtotal[39m: 834
    [35mpage[39m: 7
    [35mlimit[39m: 100
[08:06:59 UTC] [32mINFO[39m: [36mAudit logs queried[39m
    [35mcorrelationId[39m: "unknown"
    [35mfilters[39m: {
      "page": 8,
      "limit": 100
    }
    [35mitemCount[39m: 100
    [35mtotal[39m: 834
    [35mpage[39m: 8
    [35mlimit[39m: 100
 [32m✓[39m src/socket-controllers/__tests__/presence.controller.spec.ts[2m > [22mPresenceController[2m > [22monPresenceUpdated[2m > [22mshould broadcast presence.updated to all users[32m 3[2mms[22m[39m
 [32m✓[39m src/socket-controllers/__tests__/presence.controller.spec.ts[2m > [22mPresenceController[2m > [22monPresenceUpdated[2m > [22mshould include user status in broadcast[32m 1[2mms[22m[39m
 [32m✓[39m src/socket-controllers/__tests__/presence.controller.spec.ts[2m > [22mPresenceController[2m > [22monUserOnline[2m > [22mshould preserve user data in online event[32m 0[2mms[22m[39m
 [32m✓[39m src/socket-controllers/__tests__/presence.controller.spec.ts[2m > [22mPresenceController[2m > [22monUserOnline[2m > [22mshould include user name[32m 1[2mms[22m[39m
 [32m✓[39m src/socket-controllers/__tests__/presence.controller.spec.ts[2m > [22mPresenceController[2m > [22mType safety[2m > [22mshould validate presence status enum[32m 0[2mms[22m[39m
 [32m✓[39m src/socket-controllers/__tests__/presence.controller.spec.ts[2m > [22mPresenceController[2m > [22mType safety[2m > [22mshould preserve user ID through presence updates[32m 0[2mms[22m[39m
[08:06:59 UTC] [32mINFO[39m: [36mAudit logs queried[39m
    [35mcorrelationId[39m: "unknown"
    [35mfilters[39m: {
      "page": 9,
      "limit": 100
    }
    [35mitemCount[39m: 34
    [35mtotal[39m: 834
    [35mpage[39m: 9
    [35mlimit[39m: 100
 [32m✓[39m tests/unit/decorators/rbac-decorators.test.ts[2m > [22mRBAC Decorators - Permission Matrix[2m > [22mPermission Matrix Structure[2m > [22mshould define permissions for all 4 roles[32m 2[2mms[22m[39m
 [32m✓[39m tests/unit/decorators/rbac-decorators.test.ts[2m > [22mRBAC Decorators - Permission Matrix[2m > [22mPermission Matrix Structure[2m > [22mshould have super_admin with most permissions[32m 0[2mms[22m[39m
 [32m✓[39m tests/unit/decorators/rbac-decorators.test.ts[2m > [22mRBAC Decorators - Permission Matrix[2m > [22mPermission Matrix Structure[2m > [22mshould have user with least permissions[32m 0[2mms[22m[39m
 [32m✓[39m tests/unit/decorators/rbac-decorators.test.ts[2m > [22mRBAC Decorators - Permission Matrix[2m > [22mPermission Matrix Structure[2m > [22mshould have no duplicate permissions within a role[32m 1[2mms[22m[39m
 [32m✓[39m tests/unit/decorators/rbac-decorators.test.ts[2m > [22mRBAC Decorators - Permission Matrix[2m > [22mSuper Admin Permissions[2m > [22mshould have all 17 core permissions[32m 0[2mms[22m[39m
 [32m✓[39m tests/unit/decorators/rbac-decorators.test.ts[2m > [22mRBAC Decorators - Permission Matrix[2m > [22mSuper Admin Permissions[2m > [22mshould include user management permissions[32m 1[2mms[22m[39m
 [32m✓[39m tests/unit/decorators/rbac-decorators.test.ts[2m > [22mRBAC Decorators - Permission Matrix[2m > [22mSuper Admin Permissions[2m > [22mshould include integration management[32m 0[2mms[22m[39m
 [32m✓[39m tests/unit/decorators/rbac-decorators.test.ts[2m > [22mRBAC Decorators - Permission Matrix[2m > [22mSuper Admin Permissions[2m > [22mshould include routing rules management[32m 0[2mms[22m[39m
 [32m✓[39m tests/unit/decorators/rbac-decorators.test.ts[2m > [22mRBAC Decorators - Permission Matrix[2m > [22mSuper Admin Permissions[2m > [22mshould include audit access[32m 1[2mms[22m[39m
 [32m✓[39m tests/unit/decorators/rbac-decorators.test.ts[2m > [22mRBAC Decorators - Permission Matrix[2m > [22mAdmin Permissions[2m > [22mshould NOT have user management permissions[32m 1[2mms[22m[39m
 [32m✓[39m tests/unit/decorators/rbac-decorators.test.ts[2m > [22mRBAC Decorators - Permission Matrix[2m > [22mAdmin Permissions[2m > [22mshould have conversation management permissions[32m 0[2mms[22m[39m
 [32m✓[39m tests/unit/decorators/rbac-decorators.test.ts[2m > [22mRBAC Decorators - Permission Matrix[2m > [22mAdmin Permissions[2m > [22mshould have audit access[32m 0[2mms[22m[39m
 [32m✓[39m tests/unit/decorators/rbac-decorators.test.ts[2m > [22mRBAC Decorators - Permission Matrix[2m > [22mAdmin Permissions[2m > [22mshould have message retry permission[32m 0[2mms[22m[39m
 [32m✓[39m tests/unit/decorators/rbac-decorators.test.ts[2m > [22mRBAC Decorators - Permission Matrix[2m > [22mManager Permissions[2m > [22mshould have conversation management permissions[32m 0[2mms[22m[39m
 [32m✓[39m tests/unit/decorators/rbac-decorators.test.ts[2m > [22mRBAC Decorators - Permission Matrix[2m > [22mManager Permissions[2m > [22mshould NOT have message retry permission[32m 0[2mms[22m[39m
 [32m✓[39m tests/unit/decorators/rbac-decorators.test.ts[2m > [22mRBAC Decorators - Permission Matrix[2m > [22mManager Permissions[2m > [22mshould have audit access[32m 0[2mms[22m[39m
 [32m✓[39m tests/unit/decorators/rbac-decorators.test.ts[2m > [22mRBAC Decorators - Permission Matrix[2m > [22mManager Permissions[2m > [22mshould have tag and note permissions[32m 0[2mms[22m[39m
 [32m✓[39m tests/unit/decorators/rbac-decorators.test.ts[2m > [22mRBAC Decorators - Permission Matrix[2m > [22mUser Permissions[2m > [22mshould NOT have admin permissions[32m 0[2mms[22m[39m
 [32m✓[39m tests/unit/decorators/rbac-decorators.test.ts[2m > [22mRBAC Decorators - Permission Matrix[2m > [22mUser Permissions[2m > [22mshould have view_assigned conversations[32m 0[2mms[22m[39m
 [32m✓[39m tests/unit/decorators/rbac-decorators.test.ts[2m > [22mRBAC Decorators - Permission Matrix[2m > [22mUser Permissions[2m > [22mshould NOT have all conversation permissions[32m 0[2mms[22m[39m
 [32m✓[39m tests/unit/decorators/rbac-decorators.test.ts[2m > [22mRBAC Decorators - Permission Matrix[2m > [22mUser Permissions[2m > [22mshould be able to send messages and create notes[32m 0[2mms[22m[39m
 [32m✓[39m tests/unit/decorators/rbac-decorators.test.ts[2m > [22mRBAC Decorators - Permission Matrix[2m > [22mUser Permissions[2m > [22mshould NOT be able to view audit logs[32m 0[2mms[22m[39m
 [32m✓[39m tests/unit/decorators/rbac-decorators.test.ts[2m > [22mRBAC Decorators - Permission Matrix[2m > [22mUser Permissions[2m > [22mshould NOT be able to view raw payloads[32m 0[2mms[22m[39m
 [32m✓[39m tests/unit/decorators/rbac-decorators.test.ts[2m > [22mRBAC Decorators - Permission Matrix[2m > [22mPermission Format Validation[2m > [22mshould use namespaced permission format (resource.action)[32m 1[2mms[22m[39m
 [32m✓[39m tests/unit/decorators/rbac-decorators.test.ts[2m > [22mRBAC Decorators - Permission Matrix[2m > [22mPermission Format Validation[2m > [22mshould have valid resource names[32m 1[2mms[22m[39m
 [32m✓[39m tests/unit/decorators/rbac-decorators.test.ts[2m > [22mRBAC Decorators - Permission Matrix[2m > [22mhasPermission Helper Function[2m > [22mshould export hasPermission function from auth.types[32m 0[2mms[22m[39m
 [32m✓[39m tests/unit/decorators/rbac-decorators.test.ts[2m > [22mRBAC Decorators - Permission Matrix[2m > [22mhasPermission Helper Function[2m > [22mshould correctly check permissions[32m 0[2mms[22m[39m
 [32m✓[39m tests/unit/decorators/rbac-decorators.test.ts[2m > [22mRBAC Decorators - Permission Matrix[2m > [22mhasPermission Helper Function[2m > [22mshould return false for missing permissions[32m 0[2mms[22m[39m
 [32m✓[39m tests/unit/decorators/rbac-decorators.test.ts[2m > [22mRBAC Decorators - Permission Matrix[2m > [22mPermission Consistency Across Roles[2m > [22mshould have core permissions available to appropriate roles[32m 1[2mms[22m[39m
 [32m✓[39m tests/unit/decorators/rbac-decorators.test.ts[2m > [22mRBAC Decorators - Permission Matrix[2m > [22mPermission Consistency Across Roles[2m > [22mshould restrict sensitive permissions to super_admin only[32m 0[2mms[22m[39m
 [32m✓[39m tests/unit/decorators/rbac-decorators.test.ts[2m > [22mRBAC Decorators - Permission Matrix[2m > [22mPermission Consistency Across Roles[2m > [22mshould grant messaging permissions consistently[32m 1[2mms[22m[39m
[08:06:59 UTC] [32mINFO[39m: [36mAudit logs exported[39m
    [35mcorrelationId[39m: "unknown"
    [35mformat[39m: "json"
    [35mcount[39m: 834
    [35mtotalPages[39m: 9
 [32m✓[39m tests/auditLogsQuery-controller.spec.ts[2m > [22mAudit Logs Query Controller[2m > [22mPOST /api/audit-logs/export[2m > [22mExport Request Validation[2m > [22mshould default to CSV format if not specified[32m 20[2mms[22m[39m
 [32m✓[39m tests/auditLogsQuery-controller.spec.ts[2m > [22mAudit Logs Query Controller[2m > [22mPOST /api/audit-logs/export[2m > [22mExport Request Validation[2m > [22mshould accept empty filters[32m 43[2mms[22m[39m
 [32m✓[39m src/socket-controllers/__tests__/reaction.controller.spec.ts[2m > [22mReactionController[2m > [22monReactionAdded[2m > [22mshould broadcast reaction.added to conversation room[32m 4[2mms[22m[39m
 [32m✓[39m src/socket-controllers/__tests__/reaction.controller.spec.ts[2m > [22mReactionController[2m > [22monReactionAdded[2m > [22mshould include emoji in reaction[32m 1[2mms[22m[39m
 [32m✓[39m src/socket-controllers/__tests__/reaction.controller.spec.ts[2m > [22mReactionController[2m > [22monReactionRemoved[2m > [22mshould broadcast reaction.removed to conversation room[32m 1[2mms[22m[39m
 [32m✓[39m src/socket-controllers/__tests__/reaction.controller.spec.ts[2m > [22mReactionController[2m > [22monReactionRemoved[2m > [22mshould include user ID in removal payload[32m 1[2mms[22m[39m
 [32m✓[39m src/socket-controllers/__tests__/reaction.controller.spec.ts[2m > [22mReactionController[2m > [22mType safety[2m > [22mshould validate emoji format[32m 1[2mms[22m[39m
 [32m✓[39m src/socket-controllers/__tests__/reaction.controller.spec.ts[2m > [22mReactionController[2m > [22mType safety[2m > [22mshould preserve IDs through reactions[32m 0[2mms[22m[39m
 [32m✓[39m tests/BE-007-inbox-api.spec.ts[2m > [22mBE-007: Inbox API (GET /conversations with filters)[2m > [22mResponse Format[2m > [22mshould return conversation summary objects with required fields[32m 66[2mms[22m[39m
 [32m✓[39m tests/BE-007-inbox-api.spec.ts[2m > [22mBE-007: Inbox API (GET /conversations with filters)[2m > [22mResponse Format[2m > [22mshould return array for tags[32m 48[2mms[22m[39m
 [32m✓[39m tests/BE-007-inbox-api.spec.ts[2m > [22mBE-007: Inbox API (GET /conversations with filters)[2m > [22mResponse Format[2m > [22mshould return array for participants[32m 27[2mms[22m[39m
[08:06:59 UTC] [31mERROR[39m: [36mGET /api/conversations failed[39m
    [35mcorrelationId[39m: "unknown"
    [35mdurationMs[39m: 1
    error: "Invalid query: page must be a positive integer"
[08:06:59 UTC] [31mERROR[39m: [36mGET /api/conversations failed[39m
    [35mcorrelationId[39m: "unknown"
    [35mdurationMs[39m: 0
    error: "Invalid query: limit must be an integer between 1 and 100"
[08:06:59 UTC] [31mERROR[39m: [36mGET /api/conversations failed[39m
    [35mcorrelationId[39m: "unknown"
    [35mdurationMs[39m: 0
    error: "Invalid query: limit must be an integer between 1 and 100"
[08:06:59 UTC] [31mERROR[39m: [36mGET /api/conversations failed[39m
    [35mcorrelationId[39m: "unknown"
    [35mdurationMs[39m: 0
    error: "Invalid query: channel must be one of telegram, irc"
[08:06:59 UTC] [31mERROR[39m: [36mGET /api/conversations failed[39m
    [35mcorrelationId[39m: "unknown"
    [35mdurationMs[39m: 0
    error: "Invalid query: status must be one of open, pending, resolved"
[08:06:59 UTC] [31mERROR[39m: [36mGET /api/conversations failed[39m
    [35mcorrelationId[39m: "unknown"
    [35mdurationMs[39m: 0
    error: "Invalid query: tagId must be a positive integer"
 [32m✓[39m tests/BE-007-inbox-api.spec.ts[2m > [22mBE-007: Inbox API (GET /conversations with filters)[2m > [22mRBAC[2m > [22mshould enforce role-based visibility[32m 24[2mms[22m[39m
 [32m✓[39m tests/BE-007-inbox-api.spec.ts[2m > [22mBE-007: Inbox API (GET /conversations with filters)[2m > [22mSorting[2m > [22mshould sort by lastActivity by default (desc)[32m 21[2mms[22m[39m
 [32m✓[39m tests/BE-007-inbox-api.spec.ts[2m > [22mBE-007: Inbox API (GET /conversations with filters)[2m > [22mError Handling[2m > [22mshould return 400 for invalid page number[32m 5[2mms[22m[39m
 [32m✓[39m tests/BE-007-inbox-api.spec.ts[2m > [22mBE-007: Inbox API (GET /conversations with filters)[2m > [22mError Handling[2m > [22mshould return 400 for invalid limit (non-integer)[32m 5[2mms[22m[39m
 [32m✓[39m tests/BE-007-inbox-api.spec.ts[2m > [22mBE-007: Inbox API (GET /conversations with filters)[2m > [22mError Handling[2m > [22mshould return 400 for invalid limit (exceeds 100)[32m 4[2mms[22m[39m
 [32m✓[39m tests/BE-007-inbox-api.spec.ts[2m > [22mBE-007: Inbox API (GET /conversations with filters)[2m > [22mError Handling[2m > [22mshould return 400 for invalid channel value[32m 3[2mms[22m[39m
 [32m✓[39m tests/BE-007-inbox-api.spec.ts[2m > [22mBE-007: Inbox API (GET /conversations with filters)[2m > [22mError Handling[2m > [22mshould return 400 for invalid status value[32m 4[2mms[22m[39m
 [32m✓[39m tests/BE-007-inbox-api.spec.ts[2m > [22mBE-007: Inbox API (GET /conversations with filters)[2m > [22mError Handling[2m > [22mshould return 400 for invalid tagId (non-integer)[32m 4[2mms[22m[39m
 [32m✓[39m tests/BE-007-inbox-api.spec.ts[2m > [22mBE-007: Inbox API (GET /conversations with filters)[2m > [22mError Handling[2m > [22mshould return 200 when tagId is a valid positive integer[32m 6[2mms[22m[39m
 [32m✓[39m src/socket-controllers/__tests__/typing.controller.spec.ts[2m > [22mTypingController[2m > [22monTypingStarted[2m > [22mshould broadcast typing.started to conversation room[32m 3[2mms[22m[39m
 [32m✓[39m src/socket-controllers/__tests__/typing.controller.spec.ts[2m > [22mTypingController[2m > [22monTypingStarted[2m > [22mshould include user name in payload[32m 2[2mms[22m[39m
 [32m✓[39m src/socket-controllers/__tests__/typing.controller.spec.ts[2m > [22mTypingController[2m > [22monTypingStopped[2m > [22mshould broadcast typing.stopped to conversation room[32m 1[2mms[22m[39m
 [32m✓[39m src/socket-controllers/__tests__/typing.controller.spec.ts[2m > [22mTypingController[2m > [22monTypingStopped[2m > [22mshould clear typing state for user[32m 1[2mms[22m[39m
 [32m✓[39m src/socket-controllers/__tests__/typing.controller.spec.ts[2m > [22mTypingController[2m > [22mType safety[2m > [22mshould validate UUID format for user and conversation IDs[32m 0[2mms[22m[39m
 [32m✓[39m src/socket-controllers/__tests__/typing.controller.spec.ts[2m > [22mTypingController[2m > [22mType safety[2m > [22mshould preserve user name through events[32m 0[2mms[22m[39m
 [32m✓[39m src/socket-controllers/__tests__/connector.controller.spec.ts[2m > [22mConnectorController[2m > [22mController initialization[2m > [22mshould initialize without errors[32m 1[2mms[22m[39m
 [32m✓[39m src/socket-controllers/__tests__/connector.controller.spec.ts[2m > [22mConnectorController[2m > [22mType safety[2m > [22mshould preserve platform identifiers[32m 1[2mms[22m[39m
 [32m✓[39m src/socket-controllers/__tests__/connector.controller.spec.ts[2m > [22mConnectorController[2m > [22mType safety[2m > [22mshould handle conversation IDs correctly[32m 0[2mms[22m[39m
 [32m✓[39m src/socket-controllers/__tests__/connector.controller.spec.ts[2m > [22mConnectorController[2m > [22mSocket lifecycle[2m > [22mshould have valid socket ID[32m 0[2mms[22m[39m
 [32m✓[39m src/socket-controllers/__tests__/connector.controller.spec.ts[2m > [22mConnectorController[2m > [22mSocket lifecycle[2m > [22mshould have broadcast capability[32m 0[2mms[22m[39m
 [32m✓[39m src/socket-controllers/__tests__/connector.controller.spec.ts[2m > [22mConnectorController[2m > [22mEvent handling structure[2m > [22mshould be able to emit events[32m 1[2mms[22m[39m
 [32m✓[39m src/socket-controllers/__tests__/connector.controller.spec.ts[2m > [22mConnectorController[2m > [22mEvent handling structure[2m > [22mshould be able to broadcast events[32m 0[2mms[22m[39m
 [32m✓[39m src/__tests__/ircProfile.service.spec.ts[2m > [22mIRC Profile Service - Deterministic Tests[2m > [22mError Taxonomy - Aligned to INT-010 Spec[2m > [22mcap exceeded error code should be irc_profile_limit_exceeded (409)[32m 1[2mms[22m[39m
 [32m✓[39m src/__tests__/ircProfile.service.spec.ts[2m > [22mIRC Profile Service - Deterministic Tests[2m > [22mError Taxonomy - Aligned to INT-010 Spec[2m > [22mno active profile error code should be irc_profile_not_selected (409)[32m 0[2mms[22m[39m
 [32m✓[39m src/__tests__/ircProfile.service.spec.ts[2m > [22mIRC Profile Service - Deterministic Tests[2m > [22mError Taxonomy - Aligned to INT-010 Spec[2m > [22mcannot delete active error code should be IRC_PROFILE_DELETE_ACTIVE_FORBIDDEN (409)[32m 0[2mms[22m[39m
 [32m✓[39m src/__tests__/ircProfile.service.spec.ts[2m > [22mIRC Profile Service - Deterministic Tests[2m > [22mError Taxonomy - Aligned to INT-010 Spec[2m > [22mcannot activate disabled error code should be IRC_PROFILE_ACTIVATE_DISABLED_FORBIDDEN (409)[32m 0[2mms[22m[39m
 [32m✓[39m src/__tests__/ircProfile.service.spec.ts[2m > [22mIRC Profile Service - Deterministic Tests[2m > [22mError Taxonomy - Aligned to INT-010 Spec[2m > [22mnot configured error code should be irc_not_configured (409)[32m 0[2mms[22m[39m
 [32m✓[39m src/__tests__/ircProfile.service.spec.ts[2m > [22mIRC Profile Service - Deterministic Tests[2m > [22mError Taxonomy - Aligned to INT-010 Spec[2m > [22mencryption key missing error code should be encryption_key_missing (400)[32m 0[2mms[22m[39m
 [32m✓[39m src/__tests__/ircProfile.service.spec.ts[2m > [22mIRC Profile Service - Deterministic Tests[2m > [22mError Taxonomy - Aligned to INT-010 Spec[2m > [22mforbidden error code should be forbidden (403)[32m 0[2mms[22m[39m
 [32m✓[39m src/__tests__/ircProfile.service.spec.ts[2m > [22mIRC Profile Service - Deterministic Tests[2m > [22mCap Enforcement - 10 profiles max per tenant[2m > [22mshould define cap constant as 10[32m 0[2mms[22m[39m
 [32m✓[39m src/__tests__/ircProfile.service.spec.ts[2m > [22mIRC Profile Service - Deterministic Tests[2m > [22mCap Enforcement - 10 profiles max per tenant[2m > [22mservice should throw PROFILE_LIMIT_EXCEEDED (409) when creating 11th profile[32m 0[2mms[22m[39m
 [32m✓[39m src/__tests__/ircProfile.service.spec.ts[2m > [22mIRC Profile Service - Deterministic Tests[2m > [22mActive Profile Semantics[2m > [22mshould enforce one active profile per (tenant, integration)[32m 0[2mms[22m[39m
 [32m✓[39m src/__tests__/ircProfile.service.spec.ts[2m > [22mIRC Profile Service - Deterministic Tests[2m > [22mActive Profile Semantics[2m > [22mdisable-active should clear is_active flag (atomic)[32m 0[2mms[22m[39m
 [32m✓[39m src/__tests__/ircProfile.service.spec.ts[2m > [22mIRC Profile Service - Deterministic Tests[2m > [22mConstraint Enforcement - Valid State Transitions[2m > [22mcannot activate a disabled profile (409)[32m 0[2mms[22m[39m
 [32m✓[39m src/__tests__/ircProfile.service.spec.ts[2m > [22mIRC Profile Service - Deterministic Tests[2m > [22mConstraint Enforcement - Valid State Transitions[2m > [22mcannot delete an active profile (409)[32m 0[2mms[22m[39m
 [32m✓[39m src/__tests__/ircProfile.service.spec.ts[2m > [22mIRC Profile Service - Deterministic Tests[2m > [22mConstraint Enforcement - Valid State Transitions[2m > [22mactive implies enabled constraint[32m 0[2mms[22m[39m
 [32m✓[39m src/__tests__/ircProfile.service.spec.ts[2m > [22mIRC Profile Service - Deterministic Tests[2m > [22mType Safety - No `any` types[2m > [22mIrcProfileError extends Error with code and statusCode properties[32m 0[2mms[22m[39m
 [32m✓[39m src/__tests__/ircProfile.service.spec.ts[2m > [22mIRC Profile Service - Deterministic Tests[2m > [22mType Safety - No `any` types[2m > [22mAuthRequest type should properly extend Request with optional user[32m 0[2mms[22m[39m
 [32m✓[39m src/__tests__/ircProfile.service.spec.ts[2m > [22mIRC Profile Service - Deterministic Tests[2m > [22mEncryption - Secrets Never in Responses[2m > [22mresponse DTO should have hasPassword (boolean) instead of password (string)[32m 0[2mms[22m[39m
 [32m✓[39m src/__tests__/ircProfile.service.spec.ts[2m > [22mIRC Profile Service - Deterministic Tests[2m > [22mEncryption - Secrets Never in Responses[2m > [22mencryption service should use generic types for JSON methods[32m 0[2mms[22m[39m
 [32m✓[39m src/__tests__/ircProfile.service.spec.ts[2m > [22mIRC Profile Service - Deterministic Tests[2m > [22mEnv Gating - DB-first, Fallback to Env[2m > [22mshould use DB profiles if any exist for tenant[32m 0[2mms[22m[39m
 [32m✓[39m src/__tests__/ircProfile.service.spec.ts[2m > [22mIRC Profile Service - Deterministic Tests[2m > [22mEnv Gating - DB-first, Fallback to Env[2m > [22menv fallback should only be used if zero DB profiles exist[32m 0[2mms[22m[39m
 [32m✓[39m src/__tests__/ircProfile.service.spec.ts[2m > [22mIRC Profile Service - Deterministic Tests[2m > [22mRBAC Enforcement[2m > [22mSuper Admin should have CRUD, test, activate, disable, delete permissions[32m 0[2mms[22m[39m
 [32m✓[39m src/__tests__/ircProfile.service.spec.ts[2m > [22mIRC Profile Service - Deterministic Tests[2m > [22mRBAC Enforcement[2m > [22mAdmin and Manager should have read-only access[32m 0[2mms[22m[39m
 [32m✓[39m src/__tests__/ircProfile.service.spec.ts[2m > [22mIRC Profile Service - Deterministic Tests[2m > [22mRBAC Enforcement[2m > [22mUser role should have no access to IRC profile management[32m 0[2mms[22m[39m
 [32m✓[39m src/__tests__/ircProfile.service.spec.ts[2m > [22mIRC Profile Service - Deterministic Tests[2m > [22mTest Connection - Safe, No Side Effects[2m > [22mshould complete test within 10 second timeout[32m 0[2mms[22m[39m
 [32m✓[39m src/__tests__/ircProfile.service.spec.ts[2m > [22mIRC Profile Service - Deterministic Tests[2m > [22mTest Connection - Safe, No Side Effects[2m > [22mshould not create any persisted IRC connection[32m 0[2mms[22m[39m
 [32m✓[39m src/__tests__/ircProfile.service.spec.ts[2m > [22mIRC Profile Service - Deterministic Tests[2m > [22mTest Connection - Safe, No Side Effects[2m > [22mshould return TestConnectionResult with passed, reason, duration[32m 0[2mms[22m[39m
 [32m✓[39m src/services/__tests__/notes.service.spec.ts[2m > [22mMentionParserService[2m > [22mextractMentions[2m > [22mshould extract single mention from note body[32m 1[2mms[22m[39m
 [32m✓[39m src/services/__tests__/notes.service.spec.ts[2m > [22mMentionParserService[2m > [22mextractMentions[2m > [22mshould extract multiple mentions from note body[32m 0[2mms[22m[39m
 [32m✓[39m src/services/__tests__/notes.service.spec.ts[2m > [22mMentionParserService[2m > [22mextractMentions[2m > [22mshould not extract duplicate mentions[32m 0[2mms[22m[39m
 [32m✓[39m src/services/__tests__/notes.service.spec.ts[2m > [22mMentionParserService[2m > [22mextractMentions[2m > [22mshould handle mentions with underscores[32m 0[2mms[22m[39m
 [32m✓[39m src/services/__tests__/notes.service.spec.ts[2m > [22mMentionParserService[2m > [22mextractMentions[2m > [22mshould handle mentions with numbers[32m 0[2mms[22m[39m
 [32m✓[39m src/services/__tests__/notes.service.spec.ts[2m > [22mMentionParserService[2m > [22mextractMentions[2m > [22mshould not extract @ without following text[32m 0[2mms[22m[39m
 [32m✓[39m src/services/__tests__/notes.service.spec.ts[2m > [22mMentionParserService[2m > [22mextractMentions[2m > [22mshould handle mentions at start of text[32m 0[2mms[22m[39m
 [32m✓[39m src/services/__tests__/notes.service.spec.ts[2m > [22mMentionParserService[2m > [22mextractMentions[2m > [22mshould handle mentions at end of text[32m 0[2mms[22m[39m
 [32m✓[39m src/services/__tests__/notes.service.spec.ts[2m > [22mMentionParserService[2m > [22mextractMentions[2m > [22mshould return empty array for text without mentions[32m 0[2mms[22m[39m
 [32m✓[39m src/services/__tests__/notes.service.spec.ts[2m > [22mMentionParserService[2m > [22mextractMentions[2m > [22mshould handle empty string[32m 0[2mms[22m[39m
 [32m✓[39m src/services/__tests__/notes.service.spec.ts[2m > [22mMentionParserService[2m > [22mextractMentions[2m > [22mshould extract mentions from multiline text[32m 0[2mms[22m[39m
 [32m✓[39m src/services/__tests__/notes.service.spec.ts[2m > [22mMentionParserService[2m > [22mNotes request/response structure[2m > [22mshould validate CreateNoteRequest structure[32m 0[2mms[22m[39m
 [32m✓[39m src/services/__tests__/notes.service.spec.ts[2m > [22mMentionParserService[2m > [22mNotes request/response structure[2m > [22mshould reject empty note body[32m 0[2mms[22m[39m
 [32m✓[39m src/services/__tests__/notes.service.spec.ts[2m > [22mMentionParserService[2m > [22mNotes request/response structure[2m > [22mshould enforce max note body length[32m 0[2mms[22m[39m
 [32m✓[39m src/services/__tests__/notes.service.spec.ts[2m > [22mMentionParserService[2m > [22mNotes request/response structure[2m > [22mshould structure NoteResponse correctly[32m 0[2mms[22m[39m
 [32m✓[39m src/services/__tests__/notes.service.spec.ts[2m > [22mMentionParserService[2m > [22mNotes request/response structure[2m > [22mshould structure NoteCreationResult correctly[32m 0[2mms[22m[39m
 [32m✓[39m src/services/__tests__/notes.service.spec.ts[2m > [22mMentionParserService[2m > [22mMention-to-user resolution[2m > [22mshould resolve mention against email local-part[32m 0[2mms[22m[39m
 [32m✓[39m src/services/__tests__/notes.service.spec.ts[2m > [22mMentionParserService[2m > [22mMention-to-user resolution[2m > [22mshould handle case-insensitive matching[32m 0[2mms[22m[39m
 [32m✓[39m src/services/__tests__/notes.service.spec.ts[2m > [22mMentionParserService[2m > [22mMention-to-user resolution[2m > [22mshould ignore domain part in email[32m 0[2mms[22m[39m
 [32m✓[39m src/services/__tests__/notes.service.spec.ts[2m > [22mMentionParserService[2m > [22mMention-to-user resolution[2m > [22mshould return empty array for empty mentions list[32m 0[2mms[22m[39m
 [32m✓[39m src/services/__tests__/notes.service.spec.ts[2m > [22mMentionParserService[2m > [22mMention-to-user resolution[2m > [22mshould silently fail if user not found[32m 0[2mms[22m[39m
 [32m✓[39m src/services/__tests__/notes.service.spec.ts[2m > [22mMentionParserService[2m > [22mAudit logging for notes[2m > [22mshould identify note.created audit action[32m 0[2mms[22m[39m
 [32m✓[39m src/services/__tests__/notes.service.spec.ts[2m > [22mMentionParserService[2m > [22mAudit logging for notes[2m > [22mshould structure audit metadata for note creation[32m 0[2mms[22m[39m
 [32m✓[39m src/services/__tests__/notes.service.spec.ts[2m > [22mMentionParserService[2m > [22mNotification creation for mentions[2m > [22mshould create notifications for mentioned users[32m 0[2mms[22m[39m
 [32m✓[39m src/services/__tests__/notes.service.spec.ts[2m > [22mMentionParserService[2m > [22mNotification creation for mentions[2m > [22mshould set notification type to mention[32m 0[2mms[22m[39m
 [32m✓[39m src/services/__tests__/notes.service.spec.ts[2m > [22mMentionParserService[2m > [22mNotification creation for mentions[2m > [22mshould include conversation reference in notification[32m 0[2mms[22m[39m
 [32m✓[39m src/services/__tests__/notes.service.spec.ts[2m > [22mMentionParserService[2m > [22mNotification creation for mentions[2m > [22mshould silent-fail notification creation[32m 0[2mms[22m[39m
 [32m✓[39m src/services/__tests__/notes.service.spec.ts[2m > [22mMentionParserService[2m > [22mPagination for note listing[2m > [22mshould validate page parameter[32m 0[2mms[22m[39m
 [32m✓[39m src/services/__tests__/notes.service.spec.ts[2m > [22mMentionParserService[2m > [22mPagination for note listing[2m > [22mshould validate pageSize parameter[32m 0[2mms[22m[39m
 [32m✓[39m src/services/__tests__/notes.service.spec.ts[2m > [22mMentionParserService[2m > [22mPagination for note listing[2m > [22mshould enforce minimum page size[32m 0[2mms[22m[39m
 [32m✓[39m src/services/__tests__/notes.service.spec.ts[2m > [22mMentionParserService[2m > [22mPagination for note listing[2m > [22mshould structure paginated response[32m 0[2mms[22m[39m
 [32m✓[39m src/services/__tests__/notes.service.spec.ts[2m > [22mMentionParserService[2m > [22mPagination for note listing[2m > [22mshould calculate correct page count[32m 0[2mms[22m[39m
 [32m✓[39m src/services/__tests__/notes.service.spec.ts[2m > [22mMentionParserService[2m > [22mError handling[2m > [22mshould identify empty note body error[32m 0[2mms[22m[39m
 [32m✓[39m src/services/__tests__/notes.service.spec.ts[2m > [22mMentionParserService[2m > [22mError handling[2m > [22mshould identify conversation not found error[32m 0[2mms[22m[39m
 [32m✓[39m src/services/__tests__/notes.service.spec.ts[2m > [22mMentionParserService[2m > [22mError handling[2m > [22mshould structure error response for logging[32m 0[2mms[22m[39m
 [32m✓[39m src/services/__tests__/notes.service.spec.ts[2m > [22mMentionParserService[2m > [22mError handling[2m > [22mshould allow notes to be created without mention notifications[32m 0[2mms[22m[39m
 [32m✓[39m src/services/__tests__/dlq-uuid-contract.spec.ts[2m > [22mDLQ Service - UUID Contract Enforcement[2m > [22mmoveToDLQ with valid UUID messageId[2m > [22mshould accept valid UUID messageId[32m 1[2mms[22m[39m
 [32m✓[39m src/services/__tests__/dlq-uuid-contract.spec.ts[2m > [22mDLQ Service - UUID Contract Enforcement[2m > [22mmoveToDLQ with valid UUID messageId[2m > [22mshould reject invalid (non-UUID) messageId[32m 1[2mms[22m[39m
 [32m✓[39m src/services/__tests__/dlq-uuid-contract.spec.ts[2m > [22mDLQ Service - UUID Contract Enforcement[2m > [22mmoveToDLQ with valid UUID messageId[2m > [22mshould store external job IDs in metadata, not as messageId[32m 0[2mms[22m[39m
 [32m✓[39m src/services/__tests__/dlq-uuid-contract.spec.ts[2m > [22mDLQ Service - UUID Contract Enforcement[2m > [22mmoveToDLQ with valid UUID messageId[2m > [22mshould include traceability fields (correlationId, ircProfileId, externalThreadId)[32m 0[2mms[22m[39m
 [32m✓[39m src/services/__tests__/dlq-uuid-contract.spec.ts[2m > [22mDLQ Service - UUID Contract Enforcement[2m > [22mmoveToDLQ with valid UUID messageId[2m > [22mshould handle optional traceability fields gracefully[32m 0[2mms[22m[39m
 [32m✓[39m src/services/__tests__/dlq-uuid-contract.spec.ts[2m > [22mDLQ Service - UUID Contract Enforcement[2m > [22mDatabase constraints validation[2m > [22mshould enforce 7-day expiration[32m 0[2mms[22m[39m
 [32m✓[39m src/services/__tests__/dlq-uuid-contract.spec.ts[2m > [22mDLQ Service - UUID Contract Enforcement[2m > [22mDatabase constraints validation[2m > [22mshould be referenceable by conversation[32m 0[2mms[22m[39m
 [32m✓[39m src/services/__tests__/tag.service.spec.ts[2m > [22mTagService[2m > [22mservice initialization[2m > [22mshould export tagService singleton[32m 1[2mms[22m[39m
 [32m✓[39m src/services/__tests__/tag.service.spec.ts[2m > [22mTagService[2m > [22mmethod signatures[2m > [22mshould have correct method signatures[32m 0[2mms[22m[39m
 [32m✓[39m src/workers/__tests__/messageRetryWorker.test.ts[2m > [22mmessageRetryWorker.processRetryJob[2m > [22msends message via connector and marks sent with DB update[32m 2[2mms[22m[39m
 [32m✓[39m src/workers/__tests__/messageRetryWorker.test.ts[2m > [22mmessageRetryWorker.processRetryJob[2m > [22mmarks failed and rethrows on connector failure with correlationId[32m 1[2mms[22m[39m
 [32m✓[39m src/workers/__tests__/messageRetryWorker.test.ts[2m > [22mmessageRetryWorker.processRetryJob[2m > [22mpropagates correlationId from message metadata on retry[32m 0[2mms[22m[39m

[31m⎯⎯⎯⎯⎯⎯[39m[1m[41m Failed Suites 1 [49m[22m[31m⎯⎯⎯⎯⎯⎯⎯[39m

[41m[1m FAIL [22m[49m tests/BE-009-010-message-api.spec.ts[2m > [22mBE-009/010: Message API (GET /conversations/:id/messages, POST /conversations/:id/messages)
[31m[1mError[22m: Failed query: insert into "conversations" ("id", "channel", "external_thread_id", "title", "status", "priority", "assigned_user_id", "metadata", "created_at", "updated_at", "last_activity_at") values (default, $1, $2, $3, $4, $5, $6, default, default, default, default) returning "id"
params: telegram,test-1771574817887-0,Test conversation 0,open,low,[39m
[90m [2m❯[22m NodePgPreparedQuery.queryWithCache ../../node_modules/.pnpm/drizzle-orm@0.45.1_@prisma+client@5.22.0_@types+pg@8.16.0_better-sqlite3@12.6.2_kysely@0.28.11_pg@8.18.0/node_modules/drizzle-orm/pg-core/session.js:[2m41:15[22m[39m
[90m [2m❯[22m ../../node_modules/.pnpm/drizzle-orm@0.45.1_@prisma+client@5.22.0_@types+pg@8.16.0_better-sqlite3@12.6.2_kysely@0.28.11_pg@8.18.0/node_modules/drizzle-orm/node-postgres/session.js:[2m117:22[22m[39m
[36m [2m❯[22m seedTestConversations tests/test-helpers.ts:[2m200:20[22m[39m
    [90m198| [39m
    [90m199| [39m  [35mfor[39m ([35mlet[39m i [33m=[39m [34m0[39m[33m;[39m i [33m<[39m count[33m;[39m i[33m++[39m) {
    [90m200| [39m    [35mconst[39m result [33m=[39m [35mawait[39m dbClient[33m.[39m[34minsert[39m(conversations)[33m.[39m[34mvalues[39m({
    [90m   | [39m                   [31m^[39m
    [90m201| [39m      channel[33m:[39m i [33m%[39m [34m2[39m [33m===[39m [34m0[39m [33m?[39m [32m'telegram'[39m [33m:[39m [32m'irc'[39m[33m,[39m
    [90m202| [39m      externalThreadId[33m:[39m [32m`test-[39m[36m${[39m[33mDate[39m[33m.[39m[34mnow[39m()[36m}[39m[32m-[39m[36m${[39mi[36m}[39m[32m`[39m[33m,[39m
[90m [2m❯[22m tests/BE-009-010-message-api.spec.ts:[2m46:27[22m[39m

[31m[2m⎯⎯⎯⎯⎯⎯⎯⎯⎯⎯⎯⎯⎯⎯⎯⎯⎯⎯⎯⎯⎯⎯⎯⎯⎯⎯⎯⎯⎯⎯[22m[39m
[31m[1mSerialized Error:[22m[39m [90m{ query: 'insert into "conversations" ("id", "channel", "external_thread_id", "title", "status", "priority", "assigned_user_id", "metadata", "created_at", "updated_at", "last_activity_at") values (default, $1, $2, $3, $4, $5, $6, default, default, default, default) returning "id"', params: [ 'telegram', 'test-1771574817887-0', 'Test conversation 0', 'open', 'low', null ] }[39m
[31m[1mCaused by: error[22m: duplicate key value violates unique constraint "conversations_external_thread_idx"[39m
[90m [2m❯[22m ../../node_modules/.pnpm/pg-pool@3.11.0_pg@8.18.0/node_modules/pg-pool/index.js:[2m45:11[22m[39m
[90m [2m❯[22m ../../node_modules/.pnpm/drizzle-orm@0.45.1_@prisma+client@5.22.0_@types+pg@8.16.0_better-sqlite3@12.6.2_kysely@0.28.11_pg@8.18.0/node_modules/drizzle-orm/node-postgres/session.js:[2m124:18[22m[39m
[90m [2m❯[22m NodePgPreparedQuery.queryWithCache ../../node_modules/.pnpm/drizzle-orm@0.45.1_@prisma+client@5.22.0_@types+pg@8.16.0_better-sqlite3@12.6.2_kysely@0.28.11_pg@8.18.0/node_modules/drizzle-orm/pg-core/session.js:[2m39:16[22m[39m
[90m [2m❯[22m ../../node_modules/.pnpm/drizzle-orm@0.45.1_@prisma+client@5.22.0_@types+pg@8.16.0_better-sqlite3@12.6.2_kysely@0.28.11_pg@8.18.0/node_modules/drizzle-orm/node-postgres/session.js:[2m117:22[22m[39m
[36m [2m❯[22m seedTestConversations tests/test-helpers.ts:[2m200:20[22m[39m
[90m [2m❯[22m tests/BE-009-010-message-api.spec.ts:[2m46:27[22m[39m

[31m[2m⎯⎯⎯⎯⎯⎯⎯⎯⎯⎯⎯⎯⎯⎯⎯⎯⎯⎯⎯⎯⎯⎯⎯⎯⎯⎯⎯⎯⎯⎯[22m[39m
[31m[1mSerialized Error:[22m[39m [90m{ length: 288, severity: 'ERROR', code: '23505', detail: 'Key (channel, external_thread_id)=(telegram, test-1771574817887-0) already exists.', hint: undefined, position: undefined, internalPosition: undefined, internalQuery: undefined, where: undefined, schema: 'public', table: 'conversations', dataType: undefined, constraint: 'conversations_external_thread_idx', file: 'nbtinsert.c', routine: '_bt_check_unique' }[39m
[31m[2m⎯⎯⎯⎯⎯⎯⎯⎯⎯⎯⎯⎯⎯⎯⎯⎯⎯⎯⎯⎯⎯⎯⎯[1/45]⎯[22m[39m


[31m⎯⎯⎯⎯⎯⎯[39m[1m[41m Failed Tests 44 [49m[22m[31m⎯⎯⎯⎯⎯⎯⎯[39m

[41m[1m FAIL [22m[49m tests/BE-011-message-status-tracking.spec.ts[2m > [22mBE-011: Message Status Tracking (MessageStatusTracker Integration)[2m > [22mGET /conversations/:conversationId/messages/:messageId/status[2m > [22mshould return message status after sending
[31m[1mAssertionError[22m: expected 404 to be 201 // Object.is equality[39m

[32m- Expected[39m
[31m+ Received[39m

[32m- 201[39m
[31m+ 404[39m

[36m [2m❯[22m tests/BE-011-message-status-tracking.spec.ts:[2m55:35[22m[39m
    [90m 53| [39m        [33m.[39m[34msend[39m({ body[33m:[39m [32m'Test message for status check'[39m })[33m;[39m
    [90m 54| [39m
    [90m 55| [39m      [34mexpect[39m(sendResponse[33m.[39mstatus)[33m.[39m[34mtoBe[39m([34m201[39m)[33m;[39m
    [90m   | [39m                                  [31m^[39m
    [90m 56| [39m      [35mconst[39m messageId [33m=[39m sendResponse[33m.[39mbody[33m.[39mid[33m;[39m
    [90m 57| [39m

[31m[2m⎯⎯⎯⎯⎯⎯⎯⎯⎯⎯⎯⎯⎯⎯⎯⎯⎯⎯⎯⎯⎯⎯⎯[2/45]⎯[22m[39m

[41m[1m FAIL [22m[49m tests/BE-011-message-status-tracking.spec.ts[2m > [22mBE-011: Message Status Tracking (MessageStatusTracker Integration)[2m > [22mGET /conversations/:conversationId/messages/:messageId/status[2m > [22mshould return 404 if conversation does not exist
[31m[1mAssertionError[22m: expected {} to deeply equal { error: 'Conversation not found' }[39m

[32m- Expected[39m
[31m+ Received[39m

[32m- {[39m
[32m-   "error": "Conversation not found",[39m
[32m- }[39m
[31m+ {}[39m

[36m [2m❯[22m tests/BE-011-message-status-tracking.spec.ts:[2m81:35[22m[39m
    [90m 79| [39m
    [90m 80| [39m      [34mexpect[39m(statusResponse[33m.[39mstatus)[33m.[39m[34mtoBe[39m([34m404[39m)[33m;[39m
    [90m 81| [39m      [34mexpect[39m(statusResponse[33m.[39mbody)[33m.[39m[34mtoEqual[39m({
    [90m   | [39m                                  [31m^[39m
    [90m 82| [39m        error[33m:[39m [32m'Conversation not found'[39m[33m,[39m
    [90m 83| [39m      })[33m;[39m

[31m[2m⎯⎯⎯⎯⎯⎯⎯⎯⎯⎯⎯⎯⎯⎯⎯⎯⎯⎯⎯⎯⎯⎯⎯[3/45]⎯[22m[39m

[41m[1m FAIL [22m[49m tests/BE-011-message-status-tracking.spec.ts[2m > [22mBE-011: Message Status Tracking (MessageStatusTracker Integration)[2m > [22mGET /conversations/:conversationId/messages/:messageId/status[2m > [22mshould return 404 if message does not exist
[31m[1mAssertionError[22m: expected {} to deeply equal { error: 'Message not found' }[39m

[32m- Expected[39m
[31m+ Received[39m

[32m- {[39m
[32m-   "error": "Message not found",[39m
[32m- }[39m
[31m+ {}[39m

[36m [2m❯[22m tests/BE-011-message-status-tracking.spec.ts:[2m92:35[22m[39m
    [90m 90| [39m
    [90m 91| [39m      [34mexpect[39m(statusResponse[33m.[39mstatus)[33m.[39m[34mtoBe[39m([34m404[39m)[33m;[39m
    [90m 92| [39m      [34mexpect[39m(statusResponse[33m.[39mbody)[33m.[39m[34mtoEqual[39m({
    [90m   | [39m                                  [31m^[39m
    [90m 93| [39m        error[33m:[39m [32m'Message not found'[39m[33m,[39m
    [90m 94| [39m      })[33m;[39m

[31m[2m⎯⎯⎯⎯⎯⎯⎯⎯⎯⎯⎯⎯⎯⎯⎯⎯⎯⎯⎯⎯⎯⎯⎯[4/45]⎯[22m[39m

[41m[1m FAIL [22m[49m tests/BE-011-message-status-tracking.spec.ts[2m > [22mBE-011: Message Status Tracking (MessageStatusTracker Integration)[2m > [22mGET /conversations/:conversationId/messages/:messageId/status[2m > [22mshould return 404 if message does not belong to conversation
[31m[1mAssertionError[22m: expected 404 to be 201 // Object.is equality[39m

[32m- Expected[39m
[31m+ Received[39m

[32m- 201[39m
[31m+ 404[39m

[36m [2m❯[22m tests/BE-011-message-status-tracking.spec.ts:[2m108:35[22m[39m
    [90m106| [39m        [33m.[39m[34msend[39m({ body[33m:[39m [32m'Test message'[39m })[33m;[39m
    [90m107| [39m
    [90m108| [39m      [34mexpect[39m(sendResponse[33m.[39mstatus)[33m.[39m[34mtoBe[39m([34m201[39m)[33m;[39m
    [90m   | [39m                                  [31m^[39m
    [90m109| [39m      [35mconst[39m messageId [33m=[39m sendResponse[33m.[39mbody[33m.[39mid[33m;[39m
    [90m110| [39m

[31m[2m⎯⎯⎯⎯⎯⎯⎯⎯⎯⎯⎯⎯⎯⎯⎯⎯⎯⎯⎯⎯⎯⎯⎯[5/45]⎯[22m[39m

[41m[1m FAIL [22m[49m tests/BE-011-message-status-tracking.spec.ts[2m > [22mBE-011: Message Status Tracking (MessageStatusTracker Integration)[2m > [22mGET /conversations/:conversationId/messages/:messageId/status[2m > [22mshould require authentication
[31m[1mAssertionError[22m: expected 404 to be 201 // Object.is equality[39m

[32m- Expected[39m
[31m+ Received[39m

[32m- 201[39m
[31m+ 404[39m

[36m [2m❯[22m tests/BE-011-message-status-tracking.spec.ts:[2m131:35[22m[39m
    [90m129| [39m        [33m.[39m[34msend[39m({ body[33m:[39m [32m'Test message'[39m })[33m;[39m
    [90m130| [39m
    [90m131| [39m      [34mexpect[39m(sendResponse[33m.[39mstatus)[33m.[39m[34mtoBe[39m([34m201[39m)[33m;[39m
    [90m   | [39m                                  [31m^[39m
    [90m132| [39m      [35mconst[39m messageId [33m=[39m sendResponse[33m.[39mbody[33m.[39mid[33m;[39m
    [90m133| [39m

[31m[2m⎯⎯⎯⎯⎯⎯⎯⎯⎯⎯⎯⎯⎯⎯⎯⎯⎯⎯⎯⎯⎯⎯⎯[6/45]⎯[22m[39m

[41m[1m FAIL [22m[49m tests/BE-011-message-status-tracking.spec.ts[2m > [22mBE-011: Message Status Tracking (MessageStatusTracker Integration)[2m > [22mMessage Status Transitions[2m > [22mshould track status as pending -> sent for successful send
[31m[1mAssertionError[22m: expected 404 to be 201 // Object.is equality[39m

[32m- Expected[39m
[31m+ Received[39m

[32m- 201[39m
[31m+ 404[39m

[36m [2m❯[22m tests/BE-011-message-status-tracking.spec.ts:[2m148:35[22m[39m
    [90m146| [39m        [33m.[39m[34msend[39m({ body[33m:[39m [32m'Message for status tracking'[39m })[33m;[39m
    [90m147| [39m
    [90m148| [39m      [34mexpect[39m(sendResponse[33m.[39mstatus)[33m.[39m[34mtoBe[39m([34m201[39m)[33m;[39m
    [90m   | [39m                                  [31m^[39m
    [90m149| [39m      [35mconst[39m messageId [33m=[39m sendResponse[33m.[39mbody[33m.[39mid[33m;[39m
    [90m150| [39m

[31m[2m⎯⎯⎯⎯⎯⎯⎯⎯⎯⎯⎯⎯⎯⎯⎯⎯⎯⎯⎯⎯⎯⎯⎯[7/45]⎯[22m[39m

[41m[1m FAIL [22m[49m tests/BE-011-message-status-tracking.spec.ts[2m > [22mBE-011: Message Status Tracking (MessageStatusTracker Integration)[2m > [22mMessage Status Transitions[2m > [22mshould update message timestamps on status change
[31m[1mAssertionError[22m: expected 404 to be 201 // Object.is equality[39m

[32m- Expected[39m
[31m+ Received[39m

[32m- 201[39m
[31m+ 404[39m

[36m [2m❯[22m tests/BE-011-message-status-tracking.spec.ts:[2m172:35[22m[39m
    [90m170| [39m        [33m.[39m[34msend[39m({ body[33m:[39m [32m'Message for timestamp tracking'[39m })[33m;[39m
    [90m171| [39m
    [90m172| [39m      [34mexpect[39m(sendResponse[33m.[39mstatus)[33m.[39m[34mtoBe[39m([34m201[39m)[33m;[39m
    [90m   | [39m                                  [31m^[39m
    [90m173| [39m      [35mconst[39m messageId [33m=[39m sendResponse[33m.[39mbody[33m.[39mid[33m;[39m
    [90m174| [39m      [35mconst[39m createdAt [33m=[39m sendResponse[33m.[39mbody[33m.[39mcreatedAt[33m;[39m

[31m[2m⎯⎯⎯⎯⎯⎯⎯⎯⎯⎯⎯⎯⎯⎯⎯⎯⎯⎯⎯⎯⎯⎯⎯[8/45]⎯[22m[39m

[41m[1m FAIL [22m[49m tests/BE-011-message-status-tracking.spec.ts[2m > [22mBE-011: Message Status Tracking (MessageStatusTracker Integration)[2m > [22mMessage Status via GET /conversations/:conversationId/messages[2m > [22mshould return message status in conversation message list
[31m[1mAssertionError[22m: expected 404 to be 201 // Object.is equality[39m

[32m- Expected[39m
[31m+ Received[39m

[32m- 201[39m
[31m+ 404[39m

[36m [2m❯[22m tests/BE-011-message-status-tracking.spec.ts:[2m199:35[22m[39m
    [90m197| [39m        [33m.[39m[34msend[39m({ body[33m:[39m [32m'Message for list status check'[39m })[33m;[39m
    [90m198| [39m
    [90m199| [39m      [34mexpect[39m(sendResponse[33m.[39mstatus)[33m.[39m[34mtoBe[39m([34m201[39m)[33m;[39m
    [90m   | [39m                                  [31m^[39m
    [90m200| [39m      [35mconst[39m messageId [33m=[39m sendResponse[33m.[39mbody[33m.[39mid[33m;[39m
    [90m201| [39m

[31m[2m⎯⎯⎯⎯⎯⎯⎯⎯⎯⎯⎯⎯⎯⎯⎯⎯⎯⎯⎯⎯⎯⎯⎯[9/45]⎯[22m[39m

[41m[1m FAIL [22m[49m tests/BE-011-message-status-tracking.spec.ts[2m > [22mBE-011: Message Status Tracking (MessageStatusTracker Integration)[2m > [22mMessage Status via GET /conversations/:conversationId/messages[2m > [22mshould preserve message status across multiple queries
[31m[1mAssertionError[22m: expected 404 to be 201 // Object.is equality[39m

[32m- Expected[39m
[31m+ Received[39m

[32m- 201[39m
[31m+ 404[39m

[36m [2m❯[22m tests/BE-011-message-status-tracking.spec.ts:[2m226:35[22m[39m
    [90m224| [39m        [33m.[39m[34msend[39m({ body[33m:[39m [32m'Message for status persistence'[39m })[33m;[39m
    [90m225| [39m
    [90m226| [39m      [34mexpect[39m(sendResponse[33m.[39mstatus)[33m.[39m[34mtoBe[39m([34m201[39m)[33m;[39m
    [90m   | [39m                                  [31m^[39m
    [90m227| [39m      [35mconst[39m messageId [33m=[39m sendResponse[33m.[39mbody[33m.[39mid[33m;[39m
    [90m228| [39m

[31m[2m⎯⎯⎯⎯⎯⎯⎯⎯⎯⎯⎯⎯⎯⎯⎯⎯⎯⎯⎯⎯⎯⎯[10/45]⎯[22m[39m

[41m[1m FAIL [22m[49m tests/BE-011-message-status-tracking.spec.ts[2m > [22mBE-011: Message Status Tracking (MessageStatusTracker Integration)[2m > [22mManager role message sending with status tracking[2m > [22mmanager should be able to send messages and track status
[31m[1mAssertionError[22m: expected 404 to be 201 // Object.is equality[39m

[32m- Expected[39m
[31m+ Received[39m

[32m- 201[39m
[31m+ 404[39m

[36m [2m❯[22m tests/BE-011-message-status-tracking.spec.ts:[2m264:35[22m[39m
    [90m262| [39m        [33m.[39m[34msend[39m({ body[33m:[39m [32m'Message from manager'[39m })[33m;[39m
    [90m263| [39m
    [90m264| [39m      [34mexpect[39m(sendResponse[33m.[39mstatus)[33m.[39m[34mtoBe[39m([34m201[39m)[33m;[39m
    [90m   | [39m                                  [31m^[39m
    [90m265| [39m      [35mconst[39m messageId [33m=[39m sendResponse[33m.[39mbody[33m.[39mid[33m;[39m
    [90m266| [39m      [34mexpect[39m(sendResponse[33m.[39mbody[33m.[39mstatus)[33m.[39m[34mtoBe[39m([32m'pending'[39m)[33m;[39m

[31m[2m⎯⎯⎯⎯⎯⎯⎯⎯⎯⎯⎯⎯⎯⎯⎯⎯⎯⎯⎯⎯⎯⎯[11/45]⎯[22m[39m

[41m[1m FAIL [22m[49m tests/BE-011-message-status-tracking.spec.ts[2m > [22mBE-011: Message Status Tracking (MessageStatusTracker Integration)[2m > [22mMultiple messages status independence[2m > [22mshould track status independently for multiple messages
[31m[1mAssertionError[22m: expected 404 to be 201 // Object.is equality[39m

[32m- Expected[39m
[31m+ Received[39m

[32m- 201[39m
[31m+ 404[39m

[36m [2m❯[22m tests/BE-011-message-status-tracking.spec.ts:[2m290:35[22m[39m
    [90m288| [39m        [33m.[39m[34msend[39m({ body[33m:[39m [32m'First message'[39m })[33m;[39m
    [90m289| [39m
    [90m290| [39m      [34mexpect[39m(msg1Response[33m.[39mstatus)[33m.[39m[34mtoBe[39m([34m201[39m)[33m;[39m
    [90m   | [39m                                  [31m^[39m
    [90m291| [39m      [35mconst[39m messageId1 [33m=[39m msg1Response[33m.[39mbody[33m.[39mid[33m;[39m
    [90m292| [39m

[31m[2m⎯⎯⎯⎯⎯⎯⎯⎯⎯⎯⎯⎯⎯⎯⎯⎯⎯⎯⎯⎯⎯⎯[12/45]⎯[22m[39m

[41m[1m FAIL [22m[49m tests/BE-011-message-status-tracking.spec.ts[2m > [22mBE-011: Message Status Tracking (MessageStatusTracker Integration)[2m > [22mMessage metadata and status[2m > [22mshould return complete message data with status via GET endpoint
[31m[1mAssertionError[22m: expected 404 to be 201 // Object.is equality[39m

[32m- Expected[39m
[31m+ Received[39m

[32m- 201[39m
[31m+ 404[39m

[36m [2m❯[22m tests/BE-011-message-status-tracking.spec.ts:[2m330:35[22m[39m
    [90m328| [39m        [33m.[39m[34msend[39m({ body[33m:[39m [32m'Test message with full metadata'[39m })[33m;[39m
    [90m329| [39m
    [90m330| [39m      [34mexpect[39m(sendResponse[33m.[39mstatus)[33m.[39m[34mtoBe[39m([34m201[39m)[33m;[39m
    [90m   | [39m                                  [31m^[39m
    [90m331| [39m      [35mconst[39m messageId [33m=[39m sendResponse[33m.[39mbody[33m.[39mid[33m;[39m
    [90m332| [39m

[31m[2m⎯⎯⎯⎯⎯⎯⎯⎯⎯⎯⎯⎯⎯⎯⎯⎯⎯⎯⎯⎯⎯⎯[13/45]⎯[22m[39m

[41m[1m FAIL [22m[49m tests/BE-014-exponential-backoff.spec.ts[2m > [22mBE-014: Exponential Backoff Retry Queue + DLQ[2m > [22mDLQ Service - Move to DLQ[2m > [22mshould move failed message to DLQ
[31m[1mError[22m: Invalid messageId: "msg-1771574817884". DLQ entries must use message.id (UUID FK), not job IDs. Store external IDs in metadata.[39m
[36m [2m❯[22m DLQService.moveToDLQ src/services/dlq.service.ts:[2m64:15[22m[39m
    [90m 62| [39m      const uuidRegex = /^[0-9a-f]{8}-[0-9a-f]{4}-[0-9a-f]{4}-[0-9a-f]…
    [90m 63| [39m      [35mif[39m ([33m![39muuidRegex[33m.[39m[34mtest[39m(messageId)) {
    [90m 64| [39m        [35mthrow[39m [35mnew[39m [33mError[39m(
    [90m   | [39m              [31m^[39m
    [90m 65| [39m          `Invalid messageId: "${messageId}". DLQ entries must use mes…
    [90m 66| [39m          [32m`Store external IDs in metadata.`[39m
[90m [2m❯[22m tests/BE-014-exponential-backoff.spec.ts:[2m58:38[22m[39m

[31m[2m⎯⎯⎯⎯⎯⎯⎯⎯⎯⎯⎯⎯⎯⎯⎯⎯⎯⎯⎯⎯⎯⎯[14/45]⎯[22m[39m

[41m[1m FAIL [22m[49m tests/BE-014-exponential-backoff.spec.ts[2m > [22mBE-014: Exponential Backoff Retry Queue + DLQ[2m > [22mDLQ Service - Move to DLQ[2m > [22mshould set correct expiration date (7 days)
[31m[1mError[22m: Invalid messageId: "msg-exp-1771574817886". DLQ entries must use message.id (UUID FK), not job IDs. Store external IDs in metadata.[39m
[36m [2m❯[22m DLQService.moveToDLQ src/services/dlq.service.ts:[2m64:15[22m[39m
    [90m 62| [39m      const uuidRegex = /^[0-9a-f]{8}-[0-9a-f]{4}-[0-9a-f]{4}-[0-9a-f]…
    [90m 63| [39m      [35mif[39m ([33m![39muuidRegex[33m.[39m[34mtest[39m(messageId)) {
    [90m 64| [39m        [35mthrow[39m [35mnew[39m [33mError[39m(
    [90m   | [39m              [31m^[39m
    [90m 65| [39m          `Invalid messageId: "${messageId}". DLQ entries must use mes…
    [90m 66| [39m          [32m`Store external IDs in metadata.`[39m
[90m [2m❯[22m tests/BE-014-exponential-backoff.spec.ts:[2m85:38[22m[39m

[31m[2m⎯⎯⎯⎯⎯⎯⎯⎯⎯⎯⎯⎯⎯⎯⎯⎯⎯⎯⎯⎯⎯⎯[15/45]⎯[22m[39m

[41m[1m FAIL [22m[49m tests/BE-014-exponential-backoff.spec.ts[2m > [22mBE-014: Exponential Backoff Retry Queue + DLQ[2m > [22mDLQ Service - Mark as Retried[2m > [22mshould mark DLQ entry as retried
[31m[1mAssertionError[22m: expected '99b0ec0d-598a-54bd-e35a-32629b467b71' to be '99b0ec0d598a54bde35a32629b467b71' // Object.is equality[39m

Expected: [32m"99b0ec0d598a54bde35a32629b467b71"[39m
Received: [31m"99b0ec0d[7m-[27m598a[7m-[27m54bd[7m-[27me35a[7m-[27m32629b467b71"[39m

[36m [2m❯[22m tests/BE-014-exponential-backoff.spec.ts:[2m220:33[22m[39m
    [90m218| [39m      [34mexpect[39m(updated[33m.[39mretryAttempt)[33m.[39m[34mtoBe[39m([35mtrue[39m)[33m;[39m
    [90m219| [39m      [34mexpect[39m(updated[33m.[39mretriedAt)[33m.[39m[34mtoBeDefined[39m()[33m;[39m
    [90m220| [39m      [34mexpect[39m(updated[33m.[39mretriedBy)[33m.[39m[34mtoBe[39m(managerId)[33m;[39m
    [90m   | [39m                                [31m^[39m
    [90m221| [39m    })[33m;[39m
    [90m222| [39m  })[33m;[39m

[31m[2m⎯⎯⎯⎯⎯⎯⎯⎯⎯⎯⎯⎯⎯⎯⎯⎯⎯⎯⎯⎯⎯⎯[16/45]⎯[22m[39m

[41m[1m FAIL [22m[49m tests/BE-014-exponential-backoff.spec.ts[2m > [22mBE-014: Exponential Backoff Retry Queue + DLQ[2m > [22mDLQ Payload Preservation[2m > [22mshould preserve full message payload in DLQ
[31m[1mError[22m: Invalid messageId: "msg-payload-1771574817939". DLQ entries must use message.id (UUID FK), not job IDs. Store external IDs in metadata.[39m
[36m [2m❯[22m DLQService.moveToDLQ src/services/dlq.service.ts:[2m64:15[22m[39m
    [90m 62| [39m      const uuidRegex = /^[0-9a-f]{8}-[0-9a-f]{4}-[0-9a-f]{4}-[0-9a-f]…
    [90m 63| [39m      [35mif[39m ([33m![39muuidRegex[33m.[39m[34mtest[39m(messageId)) {
    [90m 64| [39m        [35mthrow[39m [35mnew[39m [33mError[39m(
    [90m   | [39m              [31m^[39m
    [90m 65| [39m          `Invalid messageId: "${messageId}". DLQ entries must use mes…
    [90m 66| [39m          [32m`Store external IDs in metadata.`[39m
[90m [2m❯[22m tests/BE-014-exponential-backoff.spec.ts:[2m363:38[22m[39m

[31m[2m⎯⎯⎯⎯⎯⎯⎯⎯⎯⎯⎯⎯⎯⎯⎯⎯⎯⎯⎯⎯⎯⎯[17/45]⎯[22m[39m

[41m[1m FAIL [22m[49m tests/BE-014-exponential-backoff.spec.ts[2m > [22mBE-014: Exponential Backoff Retry Queue + DLQ[2m > [22mConcurrent DLQ Operations[2m > [22mshould handle concurrent DLQ operations
[31m[1mError[22m: Invalid messageId: "msg-concurrent-0-1771574817940". DLQ entries must use message.id (UUID FK), not job IDs. Store external IDs in metadata.[39m
[36m [2m❯[22m DLQService.moveToDLQ src/services/dlq.service.ts:[2m64:15[22m[39m
    [90m 62| [39m      const uuidRegex = /^[0-9a-f]{8}-[0-9a-f]{4}-[0-9a-f]{4}-[0-9a-f]…
    [90m 63| [39m      [35mif[39m ([33m![39muuidRegex[33m.[39m[34mtest[39m(messageId)) {
    [90m 64| [39m        [35mthrow[39m [35mnew[39m [33mError[39m(
    [90m   | [39m              [31m^[39m
    [90m 65| [39m          `Invalid messageId: "${messageId}". DLQ entries must use mes…
    [90m 66| [39m          [32m`Store external IDs in metadata.`[39m
[90m [2m❯[22m tests/BE-014-exponential-backoff.spec.ts:[2m394:22[22m[39m

[31m[2m⎯⎯⎯⎯⎯⎯⎯⎯⎯⎯⎯⎯⎯⎯⎯⎯⎯⎯⎯⎯⎯⎯[18/45]⎯[22m[39m

[41m[1m FAIL [22m[49m tests/BE-P2-001-tags-crud.spec.ts[2m > [22mBE-P2-001: Backend Tags CRUD[2m > [22mPOST /api/conversations/:id/tags - Add Tag to Conversation[2m > [22mshould require authentication
[31m[1mAssertionError[22m: expected 404 to be 401 // Object.is equality[39m

[32m- Expected[39m
[31m+ Received[39m

[32m- 401[39m
[31m+ 404[39m

[36m [2m❯[22m tests/BE-P2-001-tags-crud.spec.ts:[2m230:27[22m[39m
    [90m228| [39m         [33m.[39m[34msend[39m({ tagId })[33m;[39m
    [90m229| [39m
    [90m230| [39m       [34mexpect[39m(res[33m.[39mstatus)[33m.[39m[34mtoBe[39m([34m401[39m)[33m;[39m
    [90m   | [39m                          [31m^[39m
    [90m231| [39m     })[33m;[39m
    [90m232| [39m

[31m[2m⎯⎯⎯⎯⎯⎯⎯⎯⎯⎯⎯⎯⎯⎯⎯⎯⎯⎯⎯⎯⎯⎯[19/45]⎯[22m[39m

[41m[1m FAIL [22m[49m tests/BE-P2-001-tags-crud.spec.ts[2m > [22mBE-P2-001: Backend Tags CRUD[2m > [22mPOST /api/conversations/:id/tags - Add Tag to Conversation[2m > [22mshould add tag to conversation
[31m[1mAssertionError[22m: expected 404 to be 201 // Object.is equality[39m

[32m- Expected[39m
[31m+ Received[39m

[32m- 201[39m
[31m+ 404[39m

[36m [2m❯[22m tests/BE-P2-001-tags-crud.spec.ts:[2m239:27[22m[39m
    [90m237| [39m         [33m.[39m[34msend[39m({ tagId })[33m;[39m
    [90m238| [39m
    [90m239| [39m       [34mexpect[39m(res[33m.[39mstatus)[33m.[39m[34mtoBe[39m([34m201[39m)[33m;[39m
    [90m   | [39m                          [31m^[39m
    [90m240| [39m       [90m// Just check the structure matches[39m
    [90m241| [39m       [35mif[39m (res[33m.[39mbody[33m?.[39mdata[33m?.[39mtags) {

[31m[2m⎯⎯⎯⎯⎯⎯⎯⎯⎯⎯⎯⎯⎯⎯⎯⎯⎯⎯⎯⎯⎯⎯[20/45]⎯[22m[39m

[41m[1m FAIL [22m[49m tests/BE-P2-001-tags-crud.spec.ts[2m > [22mBE-P2-001: Backend Tags CRUD[2m > [22mPOST /api/conversations/:id/tags - Add Tag to Conversation[2m > [22mshould be idempotent - adding same tag twice
[31m[1mAssertionError[22m: expected 404 to be 201 // Object.is equality[39m

[32m- Expected[39m
[31m+ Received[39m

[32m- 201[39m
[31m+ 404[39m

[36m [2m❯[22m tests/BE-P2-001-tags-crud.spec.ts:[2m256:29[22m[39m
    [90m254| [39m          [33m.[39m[34msend[39m({ tagId })[33m;[39m
    [90m255| [39m
    [90m256| [39m        [34mexpect[39m(res1[33m.[39mstatus)[33m.[39m[34mtoBe[39m([34m201[39m)[33m;[39m
    [90m   | [39m                            [31m^[39m
    [90m257| [39m
    [90m258| [39m        [90m// Add same tag again[39m

[31m[2m⎯⎯⎯⎯⎯⎯⎯⎯⎯⎯⎯⎯⎯⎯⎯⎯⎯⎯⎯⎯⎯⎯[21/45]⎯[22m[39m

[41m[1m FAIL [22m[49m tests/BE-P2-001-tags-crud.spec.ts[2m > [22mBE-P2-001: Backend Tags CRUD[2m > [22mPOST /api/conversations/:id/tags - Add Tag to Conversation[2m > [22mshould reject invalid tagId
[31m[1mAssertionError[22m: expected 404 to be 400 // Object.is equality[39m

[32m- Expected[39m
[31m+ Received[39m

[32m- 400[39m
[31m+ 404[39m

[36m [2m❯[22m tests/BE-P2-001-tags-crud.spec.ts:[2m279:26[22m[39m
    [90m277| [39m        [33m.[39m[34msend[39m({ tagId[33m:[39m [33m-[39m[34m1[39m })[33m;[39m
    [90m278| [39m
    [90m279| [39m      [34mexpect[39m(res[33m.[39mstatus)[33m.[39m[34mtoBe[39m([34m400[39m)[33m;[39m
    [90m   | [39m                         [31m^[39m
    [90m280| [39m    })[33m;[39m
    [90m281| [39m

[31m[2m⎯⎯⎯⎯⎯⎯⎯⎯⎯⎯⎯⎯⎯⎯⎯⎯⎯⎯⎯⎯⎯⎯[22/45]⎯[22m[39m

[41m[1m FAIL [22m[49m tests/BE-P2-001-tags-crud.spec.ts[2m > [22mBE-P2-001: Backend Tags CRUD[2m > [22mPOST /api/conversations/:id/tags - Add Tag to Conversation[2m > [22mshould allow all roles to add tags
[31m[1mAssertionError[22m: expected 404 to be 201 // Object.is equality[39m

[32m- Expected[39m
[31m+ Received[39m

[32m- 201[39m
[31m+ 404[39m

[36m [2m❯[22m tests/BE-P2-001-tags-crud.spec.ts:[2m306:36[22m[39m
    [90m304| [39m           [33m.[39m[34msend[39m({ tagId[33m:[39m newTagId })[33m;[39m
    [90m305| [39m
    [90m306| [39m         [34mexpect[39m(managerRes[33m.[39mstatus)[33m.[39m[34mtoBe[39m([34m201[39m)[33m;[39m
    [90m   | [39m                                   [31m^[39m
    [90m307| [39m       })[33m;[39m
    [90m308| [39m

[31m[2m⎯⎯⎯⎯⎯⎯⎯⎯⎯⎯⎯⎯⎯⎯⎯⎯⎯⎯⎯⎯⎯⎯[23/45]⎯[22m[39m

[41m[1m FAIL [22m[49m tests/BE-P2-001-tags-crud.spec.ts[2m > [22mBE-P2-001: Backend Tags CRUD[2m > [22mPOST /api/conversations/:id/tags - Add Tag to Conversation[2m > [22mshould allow super_admin to add tags
[31m[1mAssertionError[22m: expected 404 to be 201 // Object.is equality[39m

[32m- Expected[39m
[31m+ Received[39m

[32m- 201[39m
[31m+ 404[39m

[36m [2m❯[22m tests/BE-P2-001-tags-crud.spec.ts:[2m324:38[22m[39m
    [90m322| [39m          [33m.[39m[34msend[39m({ tagId[33m:[39m newTagId })[33m;[39m
    [90m323| [39m
    [90m324| [39m        [34mexpect[39m(superAdminRes[33m.[39mstatus)[33m.[39m[34mtoBe[39m([34m201[39m)[33m;[39m
    [90m   | [39m                                     [31m^[39m
    [90m325| [39m      })[33m;[39m
    [90m326| [39m   })[33m;[39m

[31m[2m⎯⎯⎯⎯⎯⎯⎯⎯⎯⎯⎯⎯⎯⎯⎯⎯⎯⎯⎯⎯⎯⎯[24/45]⎯[22m[39m

[41m[1m FAIL [22m[49m tests/BE-P2-001-tags-crud.spec.ts[2m > [22mBE-P2-001: Backend Tags CRUD[2m > [22mDELETE /api/conversations/:id/tags/:tagId - Remove Tag[2m > [22mshould require authentication
[31m[1mAssertionError[22m: expected 404 to be 401 // Object.is equality[39m

[32m- Expected[39m
[31m+ Received[39m

[32m- 401[39m
[31m+ 404[39m

[36m [2m❯[22m tests/BE-P2-001-tags-crud.spec.ts:[2m355:26[22m[39m
    [90m353| [39m      )[33m;[39m
    [90m354| [39m
    [90m355| [39m      [34mexpect[39m(res[33m.[39mstatus)[33m.[39m[34mtoBe[39m([34m401[39m)[33m;[39m
    [90m   | [39m                         [31m^[39m
    [90m356| [39m    })[33m;[39m
    [90m357| [39m

[31m[2m⎯⎯⎯⎯⎯⎯⎯⎯⎯⎯⎯⎯⎯⎯⎯⎯⎯⎯⎯⎯⎯⎯[25/45]⎯[22m[39m

[41m[1m FAIL [22m[49m tests/BE-P2-001-tags-crud.spec.ts[2m > [22mBE-P2-001: Backend Tags CRUD[2m > [22mDELETE /api/conversations/:id/tags/:tagId - Remove Tag[2m > [22mshould remove tag from conversation
[31m[1mAssertionError[22m: expected 404 to be 200 // Object.is equality[39m

[32m- Expected[39m
[31m+ Received[39m

[32m- 200[39m
[31m+ 404[39m

[36m [2m❯[22m tests/BE-P2-001-tags-crud.spec.ts:[2m363:26[22m[39m
    [90m361| [39m        [33m.[39m[35mset[39m([32m'Authorization'[39m[33m,[39m [32m`Bearer [39m[36m${[39madminToken[36m}[39m[32m`[39m)[33m;[39m
    [90m362| [39m
    [90m363| [39m      [34mexpect[39m(res[33m.[39mstatus)[33m.[39m[34mtoBe[39m([34m200[39m)[33m;[39m
    [90m   | [39m                         [31m^[39m
    [90m364| [39m      [34mexpect[39m(res[33m.[39mbody[33m.[39mdata)[33m.[39m[34mtoHaveProperty[39m([32m'tags'[39m)[33m;[39m
    [90m365| [39m    })[33m;[39m

[31m[2m⎯⎯⎯⎯⎯⎯⎯⎯⎯⎯⎯⎯⎯⎯⎯⎯⎯⎯⎯⎯⎯⎯[26/45]⎯[22m[39m

[41m[1m FAIL [22m[49m tests/BE-P2-001-tags-crud.spec.ts[2m > [22mBE-P2-001: Backend Tags CRUD[2m > [22mDELETE /api/conversations/:id/tags/:tagId - Remove Tag[2m > [22mshould handle gracefully if tag not on conversation
[31m[1mAssertionError[22m: expected 404 to be 200 // Object.is equality[39m

[32m- Expected[39m
[31m+ Received[39m

[32m- 200[39m
[31m+ 404[39m

[36m [2m❯[22m tests/BE-P2-001-tags-crud.spec.ts:[2m373:26[22m[39m
    [90m371| [39m        [33m.[39m[35mset[39m([32m'Authorization'[39m[33m,[39m [32m`Bearer [39m[36m${[39madminToken[36m}[39m[32m`[39m)[33m;[39m
    [90m372| [39m
    [90m373| [39m      [34mexpect[39m(res[33m.[39mstatus)[33m.[39m[34mtoBe[39m([34m200[39m)[33m;[39m
    [90m   | [39m                         [31m^[39m
    [90m374| [39m    })[33m;[39m
    [90m375| [39m

[31m[2m⎯⎯⎯⎯⎯⎯⎯⎯⎯⎯⎯⎯⎯⎯⎯⎯⎯⎯⎯⎯⎯⎯[27/45]⎯[22m[39m

[41m[1m FAIL [22m[49m tests/BE-P2-001-tags-crud.spec.ts[2m > [22mBE-P2-001: Backend Tags CRUD[2m > [22mDELETE /api/conversations/:id/tags/:tagId - Remove Tag[2m > [22mshould allow all roles to remove tags
[31m[1mAssertionError[22m: expected 404 to be 200 // Object.is equality[39m

[32m- Expected[39m
[31m+ Received[39m

[32m- 200[39m
[31m+ 404[39m

[36m [2m❯[22m tests/BE-P2-001-tags-crud.spec.ts:[2m395:35[22m[39m
    [90m393| [39m          [33m.[39m[35mset[39m([32m'Authorization'[39m[33m,[39m [32m`Bearer [39m[36m${[39mmanagerToken[36m}[39m[32m`[39m)[33m;[39m
    [90m394| [39m
    [90m395| [39m        [34mexpect[39m(managerRes[33m.[39mstatus)[33m.[39m[34mtoBe[39m([34m200[39m)[33m;[39m
    [90m   | [39m                                  [31m^[39m
    [90m396| [39m      })[33m;[39m
    [90m397| [39m

[31m[2m⎯⎯⎯⎯⎯⎯⎯⎯⎯⎯⎯⎯⎯⎯⎯⎯⎯⎯⎯⎯⎯⎯[28/45]⎯[22m[39m

[41m[1m FAIL [22m[49m tests/BE-P2-001-tags-crud.spec.ts[2m > [22mBE-P2-001: Backend Tags CRUD[2m > [22mDELETE /api/conversations/:id/tags/:tagId - Remove Tag[2m > [22mshould allow super_admin to remove tags
[31m[1mAssertionError[22m: expected 404 to be 200 // Object.is equality[39m

[32m- Expected[39m
[31m+ Received[39m

[32m- 200[39m
[31m+ 404[39m

[36m [2m❯[22m tests/BE-P2-001-tags-crud.spec.ts:[2m417:37[22m[39m
    [90m415| [39m         [33m.[39m[35mset[39m([32m'Authorization'[39m[33m,[39m [32m`Bearer [39m[36m${[39msuperAdminToken[36m}[39m[32m`[39m)[33m;[39m
    [90m416| [39m
    [90m417| [39m       [34mexpect[39m(superAdminRes[33m.[39mstatus)[33m.[39m[34mtoBe[39m([34m200[39m)[33m;[39m
    [90m   | [39m                                    [31m^[39m
    [90m418| [39m     })[33m;[39m
    [90m419| [39m   })[33m;[39m

[31m[2m⎯⎯⎯⎯⎯⎯⎯⎯⎯⎯⎯⎯⎯⎯⎯⎯⎯⎯⎯⎯⎯⎯[29/45]⎯[22m[39m

[41m[1m FAIL [22m[49m tests/bulkActions-controller.spec.ts[2m > [22mBulk Actions Controller[2m > [22mPOST /api/conversations/bulk[2m > [22mBulk Tag[2m > [22mshould bulk tag conversations
[31m[1mAssertionError[22m: expected +0 to be 2 // Object.is equality[39m

[32m- Expected[39m
[31m+ Received[39m

[32m- 2[39m
[31m+ 0[39m

[36m [2m❯[22m tests/bulkActions-controller.spec.ts:[2m170:49[22m[39m
    [90m168| [39m
    [90m169| [39m        [34mexpect[39m(response[33m.[39mstatus)[33m.[39m[34mtoBe[39m([34m200[39m)[33m;[39m
    [90m170| [39m        [34mexpect[39m(response[33m.[39mbody[33m.[39mdata[33m.[39msuccessCount)[33m.[39m[34mtoBe[39m([34m2[39m)[33m;[39m
    [90m   | [39m                                                [31m^[39m
    [90m171| [39m        [34mexpect[39m(response[33m.[39mbody[33m.[39mdata[33m.[39mfailureCount)[33m.[39m[34mtoBe[39m([34m0[39m)[33m;[39m
    [90m172| [39m      })[33m;[39m

[31m[2m⎯⎯⎯⎯⎯⎯⎯⎯⎯⎯⎯⎯⎯⎯⎯⎯⎯⎯⎯⎯⎯⎯[30/45]⎯[22m[39m

[41m[1m FAIL [22m[49m src/__tests__/routing-rules.spec.ts[2m > [22mRules Engine Service[2m > [22mRule Evaluation[2m > [22mshould return undefined when no rules match
[31m[1mAssertionError[22m: expected { …(3) } to be undefined[39m

[32m- Expected:[39m 
undefined

[31m+ Received:[39m 
{
  "appliedActions": [
    {
      "type": "priority",
      "value": "low",
    },
  ],
  "matchedConditions": [
    {
      "field": "channel",
      "operator": "eq",
      "value": "telegram",
    },
  ],
  "ruleId": "814f8ba7-ddad-4184-952c-da0ca9387f8d",
}

[36m [2m❯[22m src/__tests__/routing-rules.spec.ts:[2m450:22[22m[39m
    [90m448| [39m      )[33m;[39m
    [90m449| [39m
    [90m450| [39m      [34mexpect[39m(result)[33m.[39m[34mtoBeUndefined[39m()[33m;[39m
    [90m   | [39m                     [31m^[39m
    [90m451| [39m    })[33m;[39m
    [90m452| [39m

[31m[2m⎯⎯⎯⎯⎯⎯⎯⎯⎯⎯⎯⎯⎯⎯⎯⎯⎯⎯⎯⎯⎯⎯[31/45]⎯[22m[39m

[41m[1m FAIL [22m[49m src/controllers/__tests__/dlq-rbac.spec.ts[2m > [22mDLQ Controller - RBAC Integration Tests[2m > [22mREAD Endpoints (manager, admin, super_admin allowed)[2m > [22mGET /api/dlq[2m > [22mshould return 401 when unauthenticated
[31m[1mAssertionError[22m: expected { name: 'UnauthorizedError', …(2) } to have property "error"[39m
[36m [2m❯[22m src/controllers/__tests__/dlq-rbac.spec.ts:[2m81:31[22m[39m
    [90m 79| [39m          [33m.[39m[34mexpect[39m([34m401[39m)[33m;[39m
    [90m 80| [39m
    [90m 81| [39m        [34mexpect[39m(response[33m.[39mbody)[33m.[39m[34mtoHaveProperty[39m([32m'error'[39m)[33m;[39m
    [90m   | [39m                              [31m^[39m
    [90m 82| [39m      })[33m;[39m
    [90m 83| [39m

[31m[2m⎯⎯⎯⎯⎯⎯⎯⎯⎯⎯⎯⎯⎯⎯⎯⎯⎯⎯⎯⎯⎯⎯[32/45]⎯[22m[39m

[41m[1m FAIL [22m[49m src/controllers/__tests__/dlq-rbac.spec.ts[2m > [22mDLQ Controller - RBAC Integration Tests[2m > [22mREAD Endpoints (manager, admin, super_admin allowed)[2m > [22mGET /api/dlq[2m > [22mshould return 403 when authenticated as user (insufficient role)
[31m[1mAssertionError[22m: expected { name: 'AccessDeniedError', …(2) } to have property "error"[39m
[36m [2m❯[22m src/controllers/__tests__/dlq-rbac.spec.ts:[2m91:31[22m[39m
    [90m 89| [39m          [33m.[39m[34mexpect[39m([34m403[39m)[33m;[39m
    [90m 90| [39m
    [90m 91| [39m        [34mexpect[39m(response[33m.[39mbody)[33m.[39m[34mtoHaveProperty[39m([32m'error'[39m)[33m;[39m
    [90m   | [39m                              [31m^[39m
    [90m 92| [39m      })[33m;[39m
    [90m 93| [39m

[31m[2m⎯⎯⎯⎯⎯⎯⎯⎯⎯⎯⎯⎯⎯⎯⎯⎯⎯⎯⎯⎯⎯⎯[33/45]⎯[22m[39m

[41m[1m FAIL [22m[49m src/controllers/__tests__/dlq-rbac.spec.ts[2m > [22mDLQ Controller - RBAC Integration Tests[2m > [22mREAD Endpoints (manager, admin, super_admin allowed)[2m > [22mGET /api/dlq/stats[2m > [22mshould return 401 when unauthenticated
[31m[1mAssertionError[22m: expected { name: 'UnauthorizedError', …(2) } to have property "error"[39m
[36m [2m❯[22m src/controllers/__tests__/dlq-rbac.spec.ts:[2m131:31[22m[39m
    [90m129| [39m          [33m.[39m[34mexpect[39m([34m401[39m)[33m;[39m
    [90m130| [39m
    [90m131| [39m        [34mexpect[39m(response[33m.[39mbody)[33m.[39m[34mtoHaveProperty[39m([32m'error'[39m)[33m;[39m
    [90m   | [39m                              [31m^[39m
    [90m132| [39m      })[33m;[39m
    [90m133| [39m

[31m[2m⎯⎯⎯⎯⎯⎯⎯⎯⎯⎯⎯⎯⎯⎯⎯⎯⎯⎯⎯⎯⎯⎯[34/45]⎯[22m[39m

[41m[1m FAIL [22m[49m src/controllers/__tests__/dlq-rbac.spec.ts[2m > [22mDLQ Controller - RBAC Integration Tests[2m > [22mREAD Endpoints (manager, admin, super_admin allowed)[2m > [22mGET /api/dlq/stats[2m > [22mshould return 403 when authenticated as user
[31m[1mAssertionError[22m: expected { name: 'AccessDeniedError', …(2) } to have property "error"[39m
[36m [2m❯[22m src/controllers/__tests__/dlq-rbac.spec.ts:[2m140:31[22m[39m
    [90m138| [39m          [33m.[39m[34mexpect[39m([34m403[39m)[33m;[39m
    [90m139| [39m
    [90m140| [39m        [34mexpect[39m(response[33m.[39mbody)[33m.[39m[34mtoHaveProperty[39m([32m'error'[39m)[33m;[39m
    [90m   | [39m                              [31m^[39m
    [90m141| [39m      })[33m;[39m
    [90m142| [39m

[31m[2m⎯⎯⎯⎯⎯⎯⎯⎯⎯⎯⎯⎯⎯⎯⎯⎯⎯⎯⎯⎯⎯⎯[35/45]⎯[22m[39m

[41m[1m FAIL [22m[49m src/controllers/__tests__/dlq-rbac.spec.ts[2m > [22mDLQ Controller - RBAC Integration Tests[2m > [22mMUTATE Endpoints (admin, super_admin allowed; manager is read-only)[2m > [22mPOST /api/dlq/:id/re-queue[2m > [22mshould return 401 when unauthenticated
[31m[1mAssertionError[22m: expected { name: 'UnauthorizedError', …(2) } to have property "error"[39m
[36m [2m❯[22m src/controllers/__tests__/dlq-rbac.spec.ts:[2m185:31[22m[39m
    [90m183| [39m          [33m.[39m[34mexpect[39m([34m401[39m)[33m;[39m
    [90m184| [39m
    [90m185| [39m        [34mexpect[39m(response[33m.[39mbody)[33m.[39m[34mtoHaveProperty[39m([32m'error'[39m)[33m;[39m
    [90m   | [39m                              [31m^[39m
    [90m186| [39m      })[33m;[39m
    [90m187| [39m

[31m[2m⎯⎯⎯⎯⎯⎯⎯⎯⎯⎯⎯⎯⎯⎯⎯⎯⎯⎯⎯⎯⎯⎯[36/45]⎯[22m[39m

[41m[1m FAIL [22m[49m src/controllers/__tests__/dlq-rbac.spec.ts[2m > [22mDLQ Controller - RBAC Integration Tests[2m > [22mMUTATE Endpoints (admin, super_admin allowed; manager is read-only)[2m > [22mPOST /api/dlq/:id/re-queue[2m > [22mshould return 403 when authenticated as user
[31m[1mAssertionError[22m: expected { name: 'AccessDeniedError', …(2) } to have property "error"[39m
[36m [2m❯[22m src/controllers/__tests__/dlq-rbac.spec.ts:[2m194:31[22m[39m
    [90m192| [39m          [33m.[39m[34mexpect[39m([34m403[39m)[33m;[39m
    [90m193| [39m
    [90m194| [39m        [34mexpect[39m(response[33m.[39mbody)[33m.[39m[34mtoHaveProperty[39m([32m'error'[39m)[33m;[39m
    [90m   | [39m                              [31m^[39m
    [90m195| [39m      })[33m;[39m
    [90m196| [39m

[31m[2m⎯⎯⎯⎯⎯⎯⎯⎯⎯⎯⎯⎯⎯⎯⎯⎯⎯⎯⎯⎯⎯⎯[37/45]⎯[22m[39m

[41m[1m FAIL [22m[49m src/controllers/__tests__/dlq-rbac.spec.ts[2m > [22mDLQ Controller - RBAC Integration Tests[2m > [22mMUTATE Endpoints (admin, super_admin allowed; manager is read-only)[2m > [22mPOST /api/dlq/:id/re-queue[2m > [22mshould return 403 when authenticated as manager (read-only)
[31m[1mAssertionError[22m: expected { name: 'AccessDeniedError', …(2) } to have property "error"[39m
[36m [2m❯[22m src/controllers/__tests__/dlq-rbac.spec.ts:[2m204:31[22m[39m
    [90m202| [39m          [33m.[39m[34mexpect[39m([34m403[39m)[33m;[39m
    [90m203| [39m
    [90m204| [39m        [34mexpect[39m(response[33m.[39mbody)[33m.[39m[34mtoHaveProperty[39m([32m'error'[39m)[33m;[39m
    [90m   | [39m                              [31m^[39m
    [90m205| [39m      })[33m;[39m
    [90m206| [39m

[31m[2m⎯⎯⎯⎯⎯⎯⎯⎯⎯⎯⎯⎯⎯⎯⎯⎯⎯⎯⎯⎯⎯⎯[38/45]⎯[22m[39m

[41m[1m FAIL [22m[49m src/controllers/__tests__/dlq-rbac.spec.ts[2m > [22mDLQ Controller - RBAC Integration Tests[2m > [22mDELETE Endpoints (super_admin only)[2m > [22mDELETE /api/dlq/:id[2m > [22mshould return 401 when unauthenticated
[31m[1mAssertionError[22m: expected { name: 'UnauthorizedError', …(2) } to have property "error"[39m
[36m [2m❯[22m src/controllers/__tests__/dlq-rbac.spec.ts:[2m239:31[22m[39m
    [90m237| [39m          [33m.[39m[34mexpect[39m([34m401[39m)[33m;[39m
    [90m238| [39m
    [90m239| [39m        [34mexpect[39m(response[33m.[39mbody)[33m.[39m[34mtoHaveProperty[39m([32m'error'[39m)[33m;[39m
    [90m   | [39m                              [31m^[39m
    [90m240| [39m      })[33m;[39m
    [90m241| [39m

[31m[2m⎯⎯⎯⎯⎯⎯⎯⎯⎯⎯⎯⎯⎯⎯⎯⎯⎯⎯⎯⎯⎯⎯[39/45]⎯[22m[39m

[41m[1m FAIL [22m[49m src/controllers/__tests__/dlq-rbac.spec.ts[2m > [22mDLQ Controller - RBAC Integration Tests[2m > [22mDELETE Endpoints (super_admin only)[2m > [22mDELETE /api/dlq/:id[2m > [22mshould return 403 when authenticated as user
[31m[1mAssertionError[22m: expected { name: 'AccessDeniedError', …(2) } to have property "error"[39m
[36m [2m❯[22m src/controllers/__tests__/dlq-rbac.spec.ts:[2m248:31[22m[39m
    [90m246| [39m          [33m.[39m[34mexpect[39m([34m403[39m)[33m;[39m
    [90m247| [39m
    [90m248| [39m        [34mexpect[39m(response[33m.[39mbody)[33m.[39m[34mtoHaveProperty[39m([32m'error'[39m)[33m;[39m
    [90m   | [39m                              [31m^[39m
    [90m249| [39m      })[33m;[39m
    [90m250| [39m

[31m[2m⎯⎯⎯⎯⎯⎯⎯⎯⎯⎯⎯⎯⎯⎯⎯⎯⎯⎯⎯⎯⎯⎯[40/45]⎯[22m[39m

[41m[1m FAIL [22m[49m src/controllers/__tests__/dlq-rbac.spec.ts[2m > [22mDLQ Controller - RBAC Integration Tests[2m > [22mDELETE Endpoints (super_admin only)[2m > [22mDELETE /api/dlq/:id[2m > [22mshould return 403 when authenticated as manager
[31m[1mAssertionError[22m: expected { name: 'AccessDeniedError', …(2) } to have property "error"[39m
[36m [2m❯[22m src/controllers/__tests__/dlq-rbac.spec.ts:[2m257:31[22m[39m
    [90m255| [39m          [33m.[39m[34mexpect[39m([34m403[39m)[33m;[39m
    [90m256| [39m
    [90m257| [39m        [34mexpect[39m(response[33m.[39mbody)[33m.[39m[34mtoHaveProperty[39m([32m'error'[39m)[33m;[39m
    [90m   | [39m                              [31m^[39m
    [90m258| [39m      })[33m;[39m
    [90m259| [39m

[31m[2m⎯⎯⎯⎯⎯⎯⎯⎯⎯⎯⎯⎯⎯⎯⎯⎯⎯⎯⎯⎯⎯⎯[41/45]⎯[22m[39m

[41m[1m FAIL [22m[49m src/controllers/__tests__/dlq-rbac.spec.ts[2m > [22mDLQ Controller - RBAC Integration Tests[2m > [22mDELETE Endpoints (super_admin only)[2m > [22mDELETE /api/dlq/:id[2m > [22mshould return 403 when authenticated as admin (cannot delete)
[31m[1mAssertionError[22m: expected { name: 'AccessDeniedError', …(2) } to have property "error"[39m
[36m [2m❯[22m src/controllers/__tests__/dlq-rbac.spec.ts:[2m267:31[22m[39m
    [90m265| [39m          [33m.[39m[34mexpect[39m([34m403[39m)[33m;[39m
    [90m266| [39m
    [90m267| [39m        [34mexpect[39m(response[33m.[39mbody)[33m.[39m[34mtoHaveProperty[39m([32m'error'[39m)[33m;[39m
    [90m   | [39m                              [31m^[39m
    [90m268| [39m      })[33m;[39m
    [90m269| [39m

[31m[2m⎯⎯⎯⎯⎯⎯⎯⎯⎯⎯⎯⎯⎯⎯⎯⎯⎯⎯⎯⎯⎯⎯[42/45]⎯[22m[39m

[41m[1m FAIL [22m[49m src/__tests__/integrations/ircIntegration.spec.ts[2m > [22mIRC Integration (INT-006, INT-007, INT-008)[2m > [22mINT-007: Connect Status[2m > [22mreturns null when not configured
[31m[1mIrcProfileResolutionError[22m: Failed to access IRC profile database[39m
[36m [2m❯[22m resolveIrcConfig src/services/ircProfileResolution.service.ts:[2m89:13[22m[39m
    [90m 87| [39m        'IRC profile resolution: DB access failed (fail closed, no env…
    [90m 88| [39m      )[33m;[39m
    [90m 89| [39m      [35mthrow[39m [35mnew[39m [33mIrcProfileResolutionError[39m(
    [90m   | [39m            [31m^[39m
    [90m 90| [39m        [32m'Failed to access IRC profile database'[39m[33m,[39m
    [90m 91| [39m        [32m'irc_profile_resolution_failed'[39m[33m,[39m
[90m [2m❯[22m IRCConfigService.getStoredConfig src/services/ircConfig.service.ts:[2m193:30[22m[39m
[90m [2m❯[22m src/__tests__/integrations/ircIntegration.spec.ts:[2m198:45[22m[39m

[31m[2m⎯⎯⎯⎯⎯⎯⎯⎯⎯⎯⎯⎯⎯⎯⎯⎯⎯⎯⎯⎯⎯⎯⎯⎯⎯⎯⎯⎯⎯⎯[22m[39m
[31m[1mSerialized Error:[22m[39m [90m{ code: 'irc_profile_resolution_failed', statusCode: 500 }[39m
[31m[2m⎯⎯⎯⎯⎯⎯⎯⎯⎯⎯⎯⎯⎯⎯⎯⎯⎯⎯⎯⎯⎯⎯[43/45]⎯[22m[39m

[41m[1m FAIL [22m[49m src/__tests__/integrations/ircIntegration.spec.ts[2m > [22mIRC Integration (INT-006, INT-007, INT-008)[2m > [22mINT-008: Test Connection Validation[2m > [22mthrows not_configured when empty body and no stored config
[31m[1mAssertionError[22m: expected 'internal_error' to be 'not_configured' // Object.is equality[39m

Expected: [32m"not_configured"[39m
Received: [31m"internal_error"[39m

[36m [2m❯[22m src/__tests__/integrations/ircIntegration.spec.ts:[2m252:40[22m[39m
    [90m250| [39m      } [35mcatch[39m (error) {
    [90m251| [39m        [35mif[39m (error [35minstanceof[39m [33mTestConnectionFailedError[39m) {
    [90m252| [39m          [34mexpect[39m(error[33m.[39merrorInfo[33m.[39mtype)[33m.[39m[34mtoBe[39m([32m'not_configured'[39m)[33m;[39m
    [90m   | [39m                                       [31m^[39m
    [90m253| [39m          expect(error.errorInfo.message).toContain('IRC not configure…
    [90m254| [39m        }

[31m[2m⎯⎯⎯⎯⎯⎯⎯⎯⎯⎯⎯⎯⎯⎯⎯⎯⎯⎯⎯⎯⎯⎯[44/45]⎯[22m[39m

[41m[1m FAIL [22m[49m src/__tests__/integrations/ircIntegration.spec.ts[2m > [22mIRC Integration (INT-006, INT-007, INT-008)[2m > [22mFull Workflow Validation[2m > [22m409 not configured when no config
[31m[1mIrcProfileResolutionError[22m: Failed to access IRC profile database[39m
[36m [2m❯[22m resolveIrcConfig src/services/ircProfileResolution.service.ts:[2m89:13[22m[39m
    [90m 87| [39m        'IRC profile resolution: DB access failed (fail closed, no env…
    [90m 88| [39m      )[33m;[39m
    [90m 89| [39m      [35mthrow[39m [35mnew[39m [33mIrcProfileResolutionError[39m(
    [90m   | [39m            [31m^[39m
    [90m 90| [39m        [32m'Failed to access IRC profile database'[39m[33m,[39m
    [90m 91| [39m        [32m'irc_profile_resolution_failed'[39m[33m,[39m
[90m [2m❯[22m IRCConfigService.getStoredConfig src/services/ircConfig.service.ts:[2m193:30[22m[39m
[90m [2m❯[22m src/__tests__/integrations/ircIntegration.spec.ts:[2m358:45[22m[39m

[31m[2m⎯⎯⎯⎯⎯⎯⎯⎯⎯⎯⎯⎯⎯⎯⎯⎯⎯⎯⎯⎯⎯⎯⎯⎯⎯⎯⎯⎯⎯⎯[22m[39m
[31m[1mSerialized Error:[22m[39m [90m{ code: 'irc_profile_resolution_failed', statusCode: 500 }[39m
[31m[2m⎯⎯⎯⎯⎯⎯⎯⎯⎯⎯⎯⎯⎯⎯⎯⎯⎯⎯⎯⎯⎯⎯[45/45]⎯[22m[39m

[31m⎯⎯⎯⎯⎯⎯[39m[1m[41m Unhandled Errors [49m[22m[31m⎯⎯⎯⎯⎯⎯[39m
[31m[1m
Vitest caught 11 unhandled errors during the test run.
This might cause false positive tests. Resolve unhandled errors to make sure your tests are not affected.[22m[39m

[31m⎯⎯⎯⎯[39m[1m[41m Unhandled Rejection [49m[22m[31m⎯⎯⎯⎯⎯[39m
[31m[1mError[22m: Cannot set headers after they are sent to the client[39m
[90m [2m❯[22m ServerResponse.setHeader node:_http_outgoing:[2m700:11[22m[39m
[90m [2m❯[22m ServerResponse.header ../../node_modules/.pnpm/express@4.22.1/node_modules/express/lib/response.js:[2m794:10[22m[39m
[90m [2m❯[22m ServerResponse.send ../../node_modules/.pnpm/express@4.22.1/node_modules/express/lib/response.js:[2m174:12[22m[39m
[90m [2m❯[22m ServerResponse.json ../../node_modules/.pnpm/express@4.22.1/node_modules/express/lib/response.js:[2m278:15[22m[39m
[90m [2m❯[22m ExpressDriver.handleError ../../node_modules/.pnpm/routing-controllers@0.11.3_class-transformer@0.5.1_class-validator@0.14.3/node_modules/routing-controllers/cjs/driver/express/ExpressDriver.js:[2m351:26[22m[39m
[90m [2m❯[22m ../../node_modules/.pnpm/routing-controllers@0.11.3_class-transformer@0.5.1_class-validator@0.14.3/node_modules/routing-controllers/cjs/RoutingControllers.js:[2m101:32[22m[39m
[90m [2m❯[22m processTicksAndRejections node:internal/process/task_queues:[2m105:5[22m[39m

[31m[2m⎯⎯⎯⎯⎯⎯⎯⎯⎯⎯⎯⎯⎯⎯⎯⎯⎯⎯⎯⎯⎯⎯⎯⎯⎯⎯⎯⎯⎯⎯[22m[39m
[31m[1mSerialized Error:[22m[39m [90m{ code: 'ERR_HTTP_HEADERS_SENT' }[39m
[31mThis error originated in "[1msrc/controllers/__tests__/dlq-rbac.spec.ts[22m" test file. It doesn't mean the error was thrown inside the file itself, but while it was running.[39m
[31mThe latest test that might've caused the error is "[1mshould return 200 when authenticated as manager[22m". It might mean one of the following:
- The error was thrown, while Vitest was running this test.
- If the error occurred after the test had been completed, this was the last documented test before it was thrown.[39m

[31m⎯⎯⎯⎯[39m[1m[41m Unhandled Rejection [49m[22m[31m⎯⎯⎯⎯⎯[39m
[31m[1mError[22m: Cannot set headers after they are sent to the client[39m
[90m [2m❯[22m ServerResponse.setHeader node:_http_outgoing:[2m700:11[22m[39m
[90m [2m❯[22m ServerResponse.header ../../node_modules/.pnpm/express@4.22.1/node_modules/express/lib/response.js:[2m794:10[22m[39m
[90m [2m❯[22m ServerResponse.send ../../node_modules/.pnpm/express@4.22.1/node_modules/express/lib/response.js:[2m174:12[22m[39m
[90m [2m❯[22m ServerResponse.json ../../node_modules/.pnpm/express@4.22.1/node_modules/express/lib/response.js:[2m278:15[22m[39m
[90m [2m❯[22m ExpressDriver.handleError ../../node_modules/.pnpm/routing-controllers@0.11.3_class-transformer@0.5.1_class-validator@0.14.3/node_modules/routing-controllers/cjs/driver/express/ExpressDriver.js:[2m351:26[22m[39m
[90m [2m❯[22m ../../node_modules/.pnpm/routing-controllers@0.11.3_class-transformer@0.5.1_class-validator@0.14.3/node_modules/routing-controllers/cjs/RoutingControllers.js:[2m101:32[22m[39m
[90m [2m❯[22m processTicksAndRejections node:internal/process/task_queues:[2m105:5[22m[39m

[31m[2m⎯⎯⎯⎯⎯⎯⎯⎯⎯⎯⎯⎯⎯⎯⎯⎯⎯⎯⎯⎯⎯⎯⎯⎯⎯⎯⎯⎯⎯⎯[22m[39m
[31m[1mSerialized Error:[22m[39m [90m{ code: 'ERR_HTTP_HEADERS_SENT' }[39m
[31mThis error originated in "[1msrc/controllers/__tests__/dlq-rbac.spec.ts[22m" test file. It doesn't mean the error was thrown inside the file itself, but while it was running.[39m
[31mThe latest test that might've caused the error is "[1mshould return 200 when authenticated as admin[22m". It might mean one of the following:
- The error was thrown, while Vitest was running this test.
- If the error occurred after the test had been completed, this was the last documented test before it was thrown.[39m

[31m⎯⎯⎯⎯[39m[1m[41m Unhandled Rejection [49m[22m[31m⎯⎯⎯⎯⎯[39m
[31m[1mError[22m: Cannot set headers after they are sent to the client[39m
[90m [2m❯[22m ServerResponse.setHeader node:_http_outgoing:[2m700:11[22m[39m
[90m [2m❯[22m ServerResponse.header ../../node_modules/.pnpm/express@4.22.1/node_modules/express/lib/response.js:[2m794:10[22m[39m
[90m [2m❯[22m ServerResponse.send ../../node_modules/.pnpm/express@4.22.1/node_modules/express/lib/response.js:[2m174:12[22m[39m
[90m [2m❯[22m ServerResponse.json ../../node_modules/.pnpm/express@4.22.1/node_modules/express/lib/response.js:[2m278:15[22m[39m
[90m [2m❯[22m ExpressDriver.handleError ../../node_modules/.pnpm/routing-controllers@0.11.3_class-transformer@0.5.1_class-validator@0.14.3/node_modules/routing-controllers/cjs/driver/express/ExpressDriver.js:[2m351:26[22m[39m
[90m [2m❯[22m ../../node_modules/.pnpm/routing-controllers@0.11.3_class-transformer@0.5.1_class-validator@0.14.3/node_modules/routing-controllers/cjs/RoutingControllers.js:[2m101:32[22m[39m
[90m [2m❯[22m processTicksAndRejections node:internal/process/task_queues:[2m105:5[22m[39m

[31m[2m⎯⎯⎯⎯⎯⎯⎯⎯⎯⎯⎯⎯⎯⎯⎯⎯⎯⎯⎯⎯⎯⎯⎯⎯⎯⎯⎯⎯⎯⎯[22m[39m
[31m[1mSerialized Error:[22m[39m [90m{ code: 'ERR_HTTP_HEADERS_SENT' }[39m
[31mThis error originated in "[1msrc/controllers/__tests__/dlq-rbac.spec.ts[22m" test file. It doesn't mean the error was thrown inside the file itself, but while it was running.[39m
[31mThe latest test that might've caused the error is "[1mshould return 200 when authenticated as super_admin[22m". It might mean one of the following:
- The error was thrown, while Vitest was running this test.
- If the error occurred after the test had been completed, this was the last documented test before it was thrown.[39m

[31m⎯⎯⎯⎯[39m[1m[41m Unhandled Rejection [49m[22m[31m⎯⎯⎯⎯⎯[39m
[31m[1mError[22m: Cannot set headers after they are sent to the client[39m
[90m [2m❯[22m ServerResponse.setHeader node:_http_outgoing:[2m700:11[22m[39m
[90m [2m❯[22m ServerResponse.header ../../node_modules/.pnpm/express@4.22.1/node_modules/express/lib/response.js:[2m794:10[22m[39m
[90m [2m❯[22m ServerResponse.send ../../node_modules/.pnpm/express@4.22.1/node_modules/express/lib/response.js:[2m174:12[22m[39m
[90m [2m❯[22m ServerResponse.json ../../node_modules/.pnpm/express@4.22.1/node_modules/express/lib/response.js:[2m278:15[22m[39m
[90m [2m❯[22m ExpressDriver.handleError ../../node_modules/.pnpm/routing-controllers@0.11.3_class-transformer@0.5.1_class-validator@0.14.3/node_modules/routing-controllers/cjs/driver/express/ExpressDriver.js:[2m351:26[22m[39m
[90m [2m❯[22m ../../node_modules/.pnpm/routing-controllers@0.11.3_class-transformer@0.5.1_class-validator@0.14.3/node_modules/routing-controllers/cjs/RoutingControllers.js:[2m101:32[22m[39m
[90m [2m❯[22m processTicksAndRejections node:internal/process/task_queues:[2m105:5[22m[39m

[31m[2m⎯⎯⎯⎯⎯⎯⎯⎯⎯⎯⎯⎯⎯⎯⎯⎯⎯⎯⎯⎯⎯⎯⎯⎯⎯⎯⎯⎯⎯⎯[22m[39m
[31m[1mSerialized Error:[22m[39m [90m{ code: 'ERR_HTTP_HEADERS_SENT' }[39m
[31mThis error originated in "[1msrc/controllers/__tests__/dlq-rbac.spec.ts[22m" test file. It doesn't mean the error was thrown inside the file itself, but while it was running.[39m
[31mThe latest test that might've caused the error is "[1mshould return 200 when authenticated as manager[22m". It might mean one of the following:
- The error was thrown, while Vitest was running this test.
- If the error occurred after the test had been completed, this was the last documented test before it was thrown.[39m

[31m⎯⎯⎯⎯[39m[1m[41m Unhandled Rejection [49m[22m[31m⎯⎯⎯⎯⎯[39m
[31m[1mError[22m: Cannot set headers after they are sent to the client[39m
[90m [2m❯[22m ServerResponse.setHeader node:_http_outgoing:[2m700:11[22m[39m
[90m [2m❯[22m ServerResponse.header ../../node_modules/.pnpm/express@4.22.1/node_modules/express/lib/response.js:[2m794:10[22m[39m
[90m [2m❯[22m ServerResponse.send ../../node_modules/.pnpm/express@4.22.1/node_modules/express/lib/response.js:[2m174:12[22m[39m
[90m [2m❯[22m ServerResponse.json ../../node_modules/.pnpm/express@4.22.1/node_modules/express/lib/response.js:[2m278:15[22m[39m
[90m [2m❯[22m ExpressDriver.handleError ../../node_modules/.pnpm/routing-controllers@0.11.3_class-transformer@0.5.1_class-validator@0.14.3/node_modules/routing-controllers/cjs/driver/express/ExpressDriver.js:[2m351:26[22m[39m
[90m [2m❯[22m ../../node_modules/.pnpm/routing-controllers@0.11.3_class-transformer@0.5.1_class-validator@0.14.3/node_modules/routing-controllers/cjs/RoutingControllers.js:[2m101:32[22m[39m
[90m [2m❯[22m processTicksAndRejections node:internal/process/task_queues:[2m105:5[22m[39m

[31m[2m⎯⎯⎯⎯⎯⎯⎯⎯⎯⎯⎯⎯⎯⎯⎯⎯⎯⎯⎯⎯⎯⎯⎯⎯⎯⎯⎯⎯⎯⎯[22m[39m
[31m[1mSerialized Error:[22m[39m [90m{ code: 'ERR_HTTP_HEADERS_SENT' }[39m
[31mThis error originated in "[1msrc/controllers/__tests__/dlq-rbac.spec.ts[22m" test file. It doesn't mean the error was thrown inside the file itself, but while it was running.[39m
[31mThe latest test that might've caused the error is "[1mshould return 200 when authenticated as admin[22m". It might mean one of the following:
- The error was thrown, while Vitest was running this test.
- If the error occurred after the test had been completed, this was the last documented test before it was thrown.[39m

[31m⎯⎯⎯⎯[39m[1m[41m Unhandled Rejection [49m[22m[31m⎯⎯⎯⎯⎯[39m
[31m[1mError[22m: Cannot set headers after they are sent to the client[39m
[90m [2m❯[22m ServerResponse.setHeader node:_http_outgoing:[2m700:11[22m[39m
[90m [2m❯[22m ServerResponse.header ../../node_modules/.pnpm/express@4.22.1/node_modules/express/lib/response.js:[2m794:10[22m[39m
[90m [2m❯[22m ServerResponse.send ../../node_modules/.pnpm/express@4.22.1/node_modules/express/lib/response.js:[2m174:12[22m[39m
[90m [2m❯[22m ServerResponse.json ../../node_modules/.pnpm/express@4.22.1/node_modules/express/lib/response.js:[2m278:15[22m[39m
[90m [2m❯[22m ExpressDriver.handleError ../../node_modules/.pnpm/routing-controllers@0.11.3_class-transformer@0.5.1_class-validator@0.14.3/node_modules/routing-controllers/cjs/driver/express/ExpressDriver.js:[2m351:26[22m[39m
[90m [2m❯[22m ../../node_modules/.pnpm/routing-controllers@0.11.3_class-transformer@0.5.1_class-validator@0.14.3/node_modules/routing-controllers/cjs/RoutingControllers.js:[2m101:32[22m[39m
[90m [2m❯[22m processTicksAndRejections node:internal/process/task_queues:[2m105:5[22m[39m

[31m[2m⎯⎯⎯⎯⎯⎯⎯⎯⎯⎯⎯⎯⎯⎯⎯⎯⎯⎯⎯⎯⎯⎯⎯⎯⎯⎯⎯⎯⎯⎯[22m[39m
[31m[1mSerialized Error:[22m[39m [90m{ code: 'ERR_HTTP_HEADERS_SENT' }[39m
[31mThis error originated in "[1msrc/controllers/__tests__/dlq-rbac.spec.ts[22m" test file. It doesn't mean the error was thrown inside the file itself, but while it was running.[39m
[31mThe latest test that might've caused the error is "[1mshould return 200 when authenticated as super_admin[22m". It might mean one of the following:
- The error was thrown, while Vitest was running this test.
- If the error occurred after the test had been completed, this was the last documented test before it was thrown.[39m

[31m⎯⎯⎯⎯[39m[1m[41m Unhandled Rejection [49m[22m[31m⎯⎯⎯⎯⎯[39m
[31m[1mError[22m: Cannot set headers after they are sent to the client[39m
[90m [2m❯[22m ServerResponse.setHeader node:_http_outgoing:[2m700:11[22m[39m
[90m [2m❯[22m ServerResponse.header ../../node_modules/.pnpm/express@4.22.1/node_modules/express/lib/response.js:[2m794:10[22m[39m
[90m [2m❯[22m ServerResponse.send ../../node_modules/.pnpm/express@4.22.1/node_modules/express/lib/response.js:[2m174:12[22m[39m
[90m [2m❯[22m ServerResponse.json ../../node_modules/.pnpm/express@4.22.1/node_modules/express/lib/response.js:[2m278:15[22m[39m
[90m [2m❯[22m ExpressDriver.handleError ../../node_modules/.pnpm/routing-controllers@0.11.3_class-transformer@0.5.1_class-validator@0.14.3/node_modules/routing-controllers/cjs/driver/express/ExpressDriver.js:[2m351:26[22m[39m
[90m [2m❯[22m ../../node_modules/.pnpm/routing-controllers@0.11.3_class-transformer@0.5.1_class-validator@0.14.3/node_modules/routing-controllers/cjs/RoutingControllers.js:[2m101:32[22m[39m
[90m [2m❯[22m processTicksAndRejections node:internal/process/task_queues:[2m105:5[22m[39m

[31m[2m⎯⎯⎯⎯⎯⎯⎯⎯⎯⎯⎯⎯⎯⎯⎯⎯⎯⎯⎯⎯⎯⎯⎯⎯⎯⎯⎯⎯⎯⎯[22m[39m
[31m[1mSerialized Error:[22m[39m [90m{ code: 'ERR_HTTP_HEADERS_SENT' }[39m
[31mThis error originated in "[1msrc/controllers/__tests__/dlq-rbac.spec.ts[22m" test file. It doesn't mean the error was thrown inside the file itself, but while it was running.[39m
[31mThe latest test that might've caused the error is "[1mshould return 200 or 404 when authenticated as admin[22m". It might mean one of the following:
- The error was thrown, while Vitest was running this test.
- If the error occurred after the test had been completed, this was the last documented test before it was thrown.[39m

[31m⎯⎯⎯⎯[39m[1m[41m Unhandled Rejection [49m[22m[31m⎯⎯⎯⎯⎯[39m
[31m[1mError[22m: Cannot set headers after they are sent to the client[39m
[90m [2m❯[22m ServerResponse.setHeader node:_http_outgoing:[2m700:11[22m[39m
[90m [2m❯[22m ServerResponse.header ../../node_modules/.pnpm/express@4.22.1/node_modules/express/lib/response.js:[2m794:10[22m[39m
[90m [2m❯[22m ServerResponse.send ../../node_modules/.pnpm/express@4.22.1/node_modules/express/lib/response.js:[2m174:12[22m[39m
[90m [2m❯[22m ServerResponse.json ../../node_modules/.pnpm/express@4.22.1/node_modules/express/lib/response.js:[2m278:15[22m[39m
[90m [2m❯[22m ExpressDriver.handleError ../../node_modules/.pnpm/routing-controllers@0.11.3_class-transformer@0.5.1_class-validator@0.14.3/node_modules/routing-controllers/cjs/driver/express/ExpressDriver.js:[2m351:26[22m[39m
[90m [2m❯[22m ../../node_modules/.pnpm/routing-controllers@0.11.3_class-transformer@0.5.1_class-validator@0.14.3/node_modules/routing-controllers/cjs/RoutingControllers.js:[2m101:32[22m[39m
[90m [2m❯[22m processTicksAndRejections node:internal/process/task_queues:[2m105:5[22m[39m

[31m[2m⎯⎯⎯⎯⎯⎯⎯⎯⎯⎯⎯⎯⎯⎯⎯⎯⎯⎯⎯⎯⎯⎯⎯⎯⎯⎯⎯⎯⎯⎯[22m[39m
[31m[1mSerialized Error:[22m[39m [90m{ code: 'ERR_HTTP_HEADERS_SENT' }[39m
[31mThis error originated in "[1msrc/controllers/__tests__/dlq-rbac.spec.ts[22m" test file. It doesn't mean the error was thrown inside the file itself, but while it was running.[39m
[31mThe latest test that might've caused the error is "[1mshould return 200 or 404 when authenticated as super_admin[22m". It might mean one of the following:
- The error was thrown, while Vitest was running this test.
- If the error occurred after the test had been completed, this was the last documented test before it was thrown.[39m

[31m⎯⎯⎯⎯[39m[1m[41m Unhandled Rejection [49m[22m[31m⎯⎯⎯⎯⎯[39m
[31m[1mError[22m: Cannot set headers after they are sent to the client[39m
[90m [2m❯[22m ServerResponse.setHeader node:_http_outgoing:[2m700:11[22m[39m
[90m [2m❯[22m ServerResponse.header ../../node_modules/.pnpm/express@4.22.1/node_modules/express/lib/response.js:[2m794:10[22m[39m
[90m [2m❯[22m ServerResponse.send ../../node_modules/.pnpm/express@4.22.1/node_modules/express/lib/response.js:[2m174:12[22m[39m
[90m [2m❯[22m ServerResponse.json ../../node_modules/.pnpm/express@4.22.1/node_modules/express/lib/response.js:[2m278:15[22m[39m
[90m [2m❯[22m ExpressDriver.handleError ../../node_modules/.pnpm/routing-controllers@0.11.3_class-transformer@0.5.1_class-validator@0.14.3/node_modules/routing-controllers/cjs/driver/express/ExpressDriver.js:[2m351:26[22m[39m
[90m [2m❯[22m ../../node_modules/.pnpm/routing-controllers@0.11.3_class-transformer@0.5.1_class-validator@0.14.3/node_modules/routing-controllers/cjs/RoutingControllers.js:[2m101:32[22m[39m
[90m [2m❯[22m processTicksAndRejections node:internal/process/task_queues:[2m105:5[22m[39m

[31m[2m⎯⎯⎯⎯⎯⎯⎯⎯⎯⎯⎯⎯⎯⎯⎯⎯⎯⎯⎯⎯⎯⎯⎯⎯⎯⎯⎯⎯⎯⎯[22m[39m
[31m[1mSerialized Error:[22m[39m [90m{ code: 'ERR_HTTP_HEADERS_SENT' }[39m
[31mThis error originated in "[1msrc/controllers/__tests__/dlq-rbac.spec.ts[22m" test file. It doesn't mean the error was thrown inside the file itself, but while it was running.[39m
[31mThe latest test that might've caused the error is "[1mshould return 200 or 404 when authenticated as super_admin[22m". It might mean one of the following:
- The error was thrown, while Vitest was running this test.
- If the error occurred after the test had been completed, this was the last documented test before it was thrown.[39m

[31m⎯⎯⎯⎯[39m[1m[41m Unhandled Rejection [49m[22m[31m⎯⎯⎯⎯⎯[39m
[31m[1mError[22m: Cannot set headers after they are sent to the client[39m
[90m [2m❯[22m ServerResponse.setHeader node:_http_outgoing:[2m700:11[22m[39m
[90m [2m❯[22m ServerResponse.header ../../node_modules/.pnpm/express@4.22.1/node_modules/express/lib/response.js:[2m794:10[22m[39m
[90m [2m❯[22m ServerResponse.send ../../node_modules/.pnpm/express@4.22.1/node_modules/express/lib/response.js:[2m174:12[22m[39m
[90m [2m❯[22m ServerResponse.json ../../node_modules/.pnpm/express@4.22.1/node_modules/express/lib/response.js:[2m278:15[22m[39m
[90m [2m❯[22m ExpressDriver.handleError ../../node_modules/.pnpm/routing-controllers@0.11.3_class-transformer@0.5.1_class-validator@0.14.3/node_modules/routing-controllers/cjs/driver/express/ExpressDriver.js:[2m351:26[22m[39m
[90m [2m❯[22m ../../node_modules/.pnpm/routing-controllers@0.11.3_class-transformer@0.5.1_class-validator@0.14.3/node_modules/routing-controllers/cjs/RoutingControllers.js:[2m101:32[22m[39m
[90m [2m❯[22m processTicksAndRejections node:internal/process/task_queues:[2m105:5[22m[39m

[31m[2m⎯⎯⎯⎯⎯⎯⎯⎯⎯⎯⎯⎯⎯⎯⎯⎯⎯⎯⎯⎯⎯⎯⎯⎯⎯⎯⎯⎯⎯⎯[22m[39m
[31m[1mSerialized Error:[22m[39m [90m{ code: 'ERR_HTTP_HEADERS_SENT' }[39m
[31mThis error originated in "[1msrc/controllers/__tests__/dlq-rbac.spec.ts[22m" test file. It doesn't mean the error was thrown inside the file itself, but while it was running.[39m
[31mThe latest test that might've caused the error is "[1mshould verify READ endpoints have manager+ authorization[22m". It might mean one of the following:
- The error was thrown, while Vitest was running this test.
- If the error occurred after the test had been completed, this was the last documented test before it was thrown.[39m

[31m⎯⎯⎯⎯[39m[1m[41m Unhandled Rejection [49m[22m[31m⎯⎯⎯⎯⎯[39m
[31m[1mError[22m: Cannot set headers after they are sent to the client[39m
[90m [2m❯[22m ServerResponse.setHeader node:_http_outgoing:[2m700:11[22m[39m
[90m [2m❯[22m ServerResponse.header ../../node_modules/.pnpm/express@4.22.1/node_modules/express/lib/response.js:[2m794:10[22m[39m
[90m [2m❯[22m ServerResponse.send ../../node_modules/.pnpm/express@4.22.1/node_modules/express/lib/response.js:[2m174:12[22m[39m
[90m [2m❯[22m ServerResponse.json ../../node_modules/.pnpm/express@4.22.1/node_modules/express/lib/response.js:[2m278:15[22m[39m
[90m [2m❯[22m ExpressDriver.handleError ../../node_modules/.pnpm/routing-controllers@0.11.3_class-transformer@0.5.1_class-validator@0.14.3/node_modules/routing-controllers/cjs/driver/express/ExpressDriver.js:[2m351:26[22m[39m
[90m [2m❯[22m ../../node_modules/.pnpm/routing-controllers@0.11.3_class-transformer@0.5.1_class-validator@0.14.3/node_modules/routing-controllers/cjs/RoutingControllers.js:[2m101:32[22m[39m
[90m [2m❯[22m processTicksAndRejections node:internal/process/task_queues:[2m105:5[22m[39m

[31m[2m⎯⎯⎯⎯⎯⎯⎯⎯⎯⎯⎯⎯⎯⎯⎯⎯⎯⎯⎯⎯⎯⎯⎯⎯⎯⎯⎯⎯⎯⎯[22m[39m
[31m[1mSerialized Error:[22m[39m [90m{ code: 'ERR_HTTP_HEADERS_SENT' }[39m
[31mThis error originated in "[1msrc/controllers/__tests__/dlq-rbac.spec.ts[22m" test file. It doesn't mean the error was thrown inside the file itself, but while it was running.[39m
[31mThe latest test that might've caused the error is "[1mshould verify READ endpoints have manager+ authorization[22m". It might mean one of the following:
- The error was thrown, while Vitest was running this test.
- If the error occurred after the test had been completed, this was the last documented test before it was thrown.[39m
[31m⎯⎯⎯⎯⎯⎯⎯⎯⎯⎯⎯⎯⎯⎯⎯⎯⎯⎯⎯⎯⎯⎯⎯⎯⎯⎯⎯⎯⎯⎯[39m


[2m Test Files [22m [1m[31m8 failed[39m[22m[2m | [22m[1m[32m32 passed[39m[22m[90m (40)[39m
[2m      Tests [22m [1m[31m44 failed[39m[22m[2m | [22m[1m[32m711 passed[39m[22m[2m | [22m[33m21 skipped[39m[90m (776)[39m
[2m     Errors [22m [1m[31m11 errors[39m[22m
[2m   Start at [22m 16:06:55
[2m   Duration [22m 4.68s[2m (transform 2.33s, setup 480ms, import 12.14s, tests 18.49s, environment 3ms)[22m


🧹 Global Teardown: Cleaning up...

✅ Test suite cleanup completed

close timed out after 10000ms
Tests closed successfully but something prevents Vite server from exiting
You can try to identify the cause by enabling "hanging-process" reporter. See https://vitest.dev/config/#reporters
/Users/chris.sim/Projects/yacc/.worktrees/fix-dlq-270/packages/backend:
 ERR_PNPM_RECURSIVE_RUN_FIRST_FAIL  @yacc/backend@0.1.0 test: `vitest`
Exit status 1
